06-13 10:27:26.326   762   916 E OMXNodeInstance: getParameter(2fa001d:qcom.decoder.divx311, ??(0x7f000044)) ERROR: UnsupportedSetting(0x80001019)
06-13 10:27:26.326  1748  1748 I Telecom : SystemStateProvider: Registering car mode receiver: android.content.IntentFilter@1c75359: TS.init@AAA
06-13 10:27:26.327   762   916 E OMXNodeInstance: getParameter(2fa001d:qcom.decoder.divx311, ??(0x7f000044)) ERROR: UnsupportedSetting(0x80001019)
06-13 10:27:26.328   762  2134 E OMX-VDEC-1080P: Extension: OMX.google.android.index.configureVideoTunnelMode not implemented
06-13 10:27:26.328   762  2134 E OMXNodeInstance: getExtensionIndex(2fa001d:qcom.decoder.divx311, OMX.google.android.index.configureVideoTunnelMode) ERROR: NotImplemented(0x80001006)
06-13 10:27:26.328   762   916 E OMX-VDEC-1080P: Extension: OMX.google.android.index.storeANWBufferInMetadata not implemented
06-13 10:27:26.328   762   762 I OMX-VDEC-1080P: omx_vdec::component_deinit() complete
06-13 10:27:26.329  1748  2270 D ui-boost: Set RenderThread tid 2315 for pid 2067 name=com.android.systemui
06-13 10:27:26.332  1748  1748 V Telecom : BluetoothManager: isBluetoothAvailable()...: TS.init@AAA
06-13 10:27:26.332  1748  1748 V Telecom : BluetoothManager:   ==> false: TS.init@AAA
06-13 10:27:26.334  1748  2317 I Telecom : Telecom: Non-call EVENT: AUDIO_ROUTE, Entering state QuiescentEarpieceRoute
06-13 10:27:26.334  1748  2024 D NtpTrustedTime: forceRefresh: no connectivity
06-13 10:27:26.336   762   762 I OMX-VDEC-1080P: Exit OMX vdec Destructor: fd=8
06-13 10:27:26.336   762   762 I OMX-VDEC-1080P: Video slvp perflock released
06-13 10:27:26.340   765   765 I MediaPlayerService: MediaPlayerService::getOMX
06-13 10:27:26.340  1748  1748 V Telecom : TtyManager: isTtySupported: true: TS.init@AAA
06-13 10:27:26.340  1748  1748 V Telecom : TtyManager: updateCurrentTtyMode, 0 -> 0: TS.init@AAA
06-13 10:27:26.340  1748  2318 I Telecom : CallAudioModeStateMachine: Message received: null.: TS.init->CAMSM.pM_1@AAA_0
06-13 10:27:26.341  1748  1748 D Telecom : ProximitySensorManager: onCreate: mProximityWakeLock: : TS.init@AAA
06-13 10:27:26.341   765   765 I OMXClient: MuxOMX ctor
06-13 10:27:26.341   762   916 I OMXMaster: makeComponentInstance(OMX.qcom.video.decoder.divx4) in mediacodec process
06-13 10:27:26.341  2240  2240 D miuisdk : current sdk level is 13
06-13 10:27:26.341  2240  2240 D         : InitMiuiSdkHookClasses
06-13 10:27:26.341  2240  2240 I         : create_mem miui-classproxy page:0x7fac3e5000, size:4096
06-13 10:27:26.342  2287  2287 W System  : ClassLoader referenced unknown path: /system/priv-app/Settings/lib/arm64
06-13 10:27:26.343  1748  1748 I Telecom : ViceNotificationImpl: ViceNotificationImpl: TS.init@AAA
06-13 10:27:26.344  2240  2240 I         : Never hook EnableMethodTracing
06-13 10:27:26.344  2240  2240 I         : Never hook DisableMethodTracing
06-13 10:27:26.344  2240  2240 I         : sConfigureStubsHookFlag is 0x3, so we must hook ConfigureStubs for methodtracing
06-13 10:27:26.344  2240  2240 I         : Hook ConfigureStubs
06-13 10:27:26.344  2240  2240 I         : create_mem miui-classproxy page:0x7fac21d000, size:4096
06-13 10:27:26.346  1748  2045 D Telecom : AntiSpamManager: initRepeatedBlockedCalls selection : date > 1528867466346 AND (firewalltype = 8 OR firewalltype = 10 OR firewalltype = 12 OR firewalltype = 14)
06-13 10:27:26.351   762   916 I OMX-VDEC-1080P: Video slvp perflock acquired
06-13 10:27:26.352   762   916 I OMX-VDEC-1080P: component_init: OMX.qcom.video.decoder.divx4 : fd=8
06-13 10:27:26.352   762   916 E OMX-VDEC-1080P: DIVX 4 Decoder selected
06-13 10:27:26.355  2067  2099 I chatty  : uid=1000(system) Binder:2067_1 expire 5 lines
06-13 10:27:26.356   762   916 I OMX-VDEC-1080P: omx_vdec::component_init() success : fd=8
06-13 10:27:26.356   762  2134 E OMX-VDEC-1080P: get_parameter: OMX_IndexParamVideoProfileLevelQuerySupported ret NoMore for codec: OMX.qcom.video.decoder.divx4
06-13 10:27:26.357  1748  2045 E ActivityThread: Failed to find provider info for call_log
06-13 10:27:26.361   762  2134 E OMX-VDEC-1080P: Extension: OMX.google.android.index.storeANWBufferInMetadata not implemented
06-13 10:27:26.361   762  2134 E OMX-VDEC-1080P: Extension: OMX.google.android.index.configureVideoTunnelMode not implemented
06-13 10:27:26.361   762  2134 E OMX-VDEC-1080P: Extension: OMX.google.android.index.useAndroidNativeBuffer is supported
06-13 10:27:26.362   762  2134 E OMXNodeInstance: getParameter(2fa001e:qcom.decoder.divx4, ??(0x7f000044)) ERROR: UnsupportedSetting(0x80001019)
06-13 10:27:26.364   762  2134 E OMXNodeInstance: getParameter(2fa001e:qcom.decoder.divx4, ??(0x7f000044)) ERROR: UnsupportedSetting(0x80001019)
06-13 10:27:26.365  1748  1748 D Telecom : BluetoothPhoneServiceImpl: onCreate: TS.init@AAA
06-13 10:27:26.365  1748  1871 D BluetoothManagerService: Message: 30
06-13 10:27:26.365   762   762 E OMX-VDEC-1080P: Extension: OMX.google.android.index.configureVideoTunnelMode not implemented
06-13 10:27:26.365   762   762 E OMXNodeInstance: getExtensionIndex(2fa001e:qcom.decoder.divx4, OMX.google.android.index.configureVideoTunnelMode) ERROR: NotImplemented(0x80001006)
06-13 10:27:26.365   762  2134 E OMX-VDEC-1080P: Extension: OMX.google.android.index.storeANWBufferInMetadata not implemented
06-13 10:27:26.366   762   916 I OMX-VDEC-1080P: omx_vdec::component_deinit() complete
06-13 10:27:26.366  1748  1748 D Telecom : BluetoothPhoneService: DSDA is enabled, Bind to DSDA service: TS.init@AAA
06-13 10:27:26.366  1748  1748 I Telecom : BluetoothPhoneService: Ignoring IBluetoothDsdaService class not found exception : TS.init@AAA
06-13 10:27:26.368   762   916 I OMX-VDEC-1080P: Exit OMX vdec Destructor: fd=8
06-13 10:27:26.368   762   916 I OMX-VDEC-1080P: Video slvp perflock released
06-13 10:27:26.369  1748  1748 I Telecom : Class: TelecomSystem.INSTANCE being set
06-13 10:27:26.369  1748  1748 W ContextImpl: Calling a method in the system process without a qualified user: android.app.ContextImpl.startService:1395 android.content.ContextWrapper.startService:623 com.android.server.telecom.components.TelecomService.initializeTelecomSystem:171 com.android.server.telecom.components.TelecomService.onBind:59 android.app.ActivityThread.handleBindService:3273 
06-13 10:27:26.371  1748  1748 D ConditionProviders.SCP: onSubscribe condition://android/schedule?days=1.2.3.4.5.6.7&start=23.0&end=7.0&exitAtAlarm=false
06-13 10:27:26.372  1748  1748 D ConditionProviders.SCP: setRegistered true
06-13 10:27:26.372  1748  1748 D ConditionProviders.SCP: notifyCondition condition://android/schedule?days=1.2.3.4.5.6.7&start=23.0&end=7.0&exitAtAlarm=false STATE_FALSE reason=!meetsSchedule
06-13 10:27:26.374  1748  1748 D ConditionProviders.SCP: Scheduling evaluate for Wed Jun 13 23:00:00 GMT+05:00 2018 (1528912800000), in +12h32m33s628ms, now=Wed Jun 13 10:27:26 GMT+05:00 2018 (1528867646372)
06-13 10:27:26.378  1748  1748 D GpsNetInitiatedHandler: location enabled :false
06-13 10:27:26.378  1748  1748 V WiredAccessoryManager: notifyWiredAccessoryChanged: when=0 bits= mask=54
06-13 10:27:26.379  2287  2287 D miuisdk : current sdk level is 13
06-13 10:27:26.379  1748  1748 V WiredAccessoryManager: newName=h2w newState=0 headsetState=0 prev headsetState=0
06-13 10:27:26.379  2287  2287 D         : InitMiuiSdkHookClasses
06-13 10:27:26.379  2287  2287 I         : create_mem miui-classproxy page:0x7fac3e7000, size:4096
06-13 10:27:26.379  1748  1748 E WiredAccessoryManager: No state change.
06-13 10:27:26.379  1748  1748 V WiredAccessoryManager: init()
06-13 10:27:26.381  2287  2287 I         : Never hook EnableMethodTracing
06-13 10:27:26.381  2287  2287 I         : Never hook DisableMethodTracing
06-13 10:27:26.381  2287  2287 I         : sConfigureStubsHookFlag is 0x3, so we must hook ConfigureStubs for methodtracing
06-13 10:27:26.381  2287  2287 I         : Hook ConfigureStubs
06-13 10:27:26.381  2287  2287 I         : create_mem miui-classproxy page:0x7fac365000, size:4096
06-13 10:27:26.384   765   765 I MediaPlayerService: MediaPlayerService::getOMX
06-13 10:27:26.386  1748  1748 I Timeline: Timeline: App_transition_ready time:22864
06-13 10:27:26.389   765   765 I OMXClient: MuxOMX ctor
06-13 10:27:26.389   762  2134 I OMXMaster: makeComponentInstance(OMX.qcom.video.decoder.vp8) in mediacodec process
06-13 10:27:26.392   762  2134 I OMX-VDEC-1080P: Video slvp perflock acquired
06-13 10:27:26.393   762  2134 I OMX-VDEC-1080P: component_init: OMX.qcom.video.decoder.vp8 : fd=8
06-13 10:27:26.400   762  2134 I OMX-VDEC-1080P: omx_vdec::component_init() success : fd=8
06-13 10:27:26.401   762   762 E OMX-VDEC-1080P: Extension: OMX.google.android.index.storeANWBufferInMetadata not implemented
06-13 10:27:26.401   762   762 E OMX-VDEC-1080P: Extension: OMX.google.android.index.configureVideoTunnelMode not implemented
06-13 10:27:26.401   762   762 E OMX-VDEC-1080P: Extension: OMX.google.android.index.useAndroidNativeBuffer is supported
06-13 10:27:26.401   762   762 E OMXNodeInstance: getParameter(2fa001f:qcom.decoder.vp8, ??(0x7f000044)) ERROR: UnsupportedSetting(0x80001019)
06-13 10:27:26.402   762   762 E OMXNodeInstance: getParameter(2fa001f:qcom.decoder.vp8, ??(0x7f000044)) ERROR: UnsupportedSetting(0x80001019)
06-13 10:27:26.403   762   916 E OMX-VDEC-1080P: Extension: OMX.google.android.index.configureVideoTunnelMode not implemented
06-13 10:27:26.403   762   916 E OMXNodeInstance: getExtensionIndex(2fa001f:qcom.decoder.vp8, OMX.google.android.index.configureVideoTunnelMode) ERROR: NotImplemented(0x80001006)
06-13 10:27:26.403   762   762 E OMX-VDEC-1080P: Extension: OMX.google.android.index.storeANWBufferInMetadata not implemented
06-13 10:27:26.403   762  2134 I OMX-VDEC-1080P: omx_vdec::component_deinit() complete
06-13 10:27:26.404   762  2134 I OMX-VDEC-1080P: Exit OMX vdec Destructor: fd=8
06-13 10:27:26.405   762  2134 I OMX-VDEC-1080P: Video slvp perflock released
06-13 10:27:26.406   765   765 I MediaPlayerService: MediaPlayerService::getOMX
06-13 10:27:26.408   765   765 I OMXClient: MuxOMX ctor
06-13 10:27:26.408   762   762 I OMXMaster: makeComponentInstance(OMX.qcom.video.decoder.vp9) in mediacodec process
06-13 10:27:26.409  2240  2240 D MI_STAT : initialize com.android.settings, 2882303761517161661, NX531J, false
06-13 10:27:26.411   762   762 I OMX-VDEC-1080P: Video slvp perflock acquired
06-13 10:27:26.412   762   762 I OMX-VDEC-1080P: component_init: OMX.qcom.video.decoder.vp9 : fd=8
06-13 10:27:26.415  2217  2217 W System  : ClassLoader referenced unknown path: /system/priv-app/TelephonyProvider/lib/arm64
06-13 10:27:26.415   762   762 I OMX-VDEC-1080P: omx_vdec::component_init() success : fd=8
06-13 10:27:26.421   762   916 E OMX-VDEC-1080P: Extension: OMX.google.android.index.storeANWBufferInMetadata not implemented
06-13 10:27:26.421   762   916 E OMX-VDEC-1080P: Extension: OMX.google.android.index.configureVideoTunnelMode not implemented
06-13 10:27:26.421   762   916 E OMX-VDEC-1080P: Extension: OMX.google.android.index.useAndroidNativeBuffer is supported
06-13 10:27:26.422   762   916 E OMXNodeInstance: getParameter(2fa0020:qcom.decoder.vp9, ??(0x7f000044)) ERROR: UnsupportedSetting(0x80001019)
06-13 10:27:26.422   762   916 E OMXNodeInstance: getParameter(2fa0020:qcom.decoder.vp9, ??(0x7f000044)) ERROR: UnsupportedSetting(0x80001019)
06-13 10:27:26.432   762  2134 E OMX-VDEC-1080P: Extension: OMX.google.android.index.configureVideoTunnelMode not implemented
06-13 10:27:26.432   762  2134 E OMXNodeInstance: getExtensionIndex(2fa0020:qcom.decoder.vp9, OMX.google.android.index.configureVideoTunnelMode) ERROR: NotImplemented(0x80001006)
06-13 10:27:26.433   762   916 E OMX-VDEC-1080P: Extension: OMX.google.android.index.storeANWBufferInMetadata not implemented
06-13 10:27:26.433   762   762 I OMX-VDEC-1080P: omx_vdec::component_deinit() complete
06-13 10:27:26.435   762   762 I OMX-VDEC-1080P: Exit OMX vdec Destructor: fd=8
06-13 10:27:26.436   762   762 I OMX-VDEC-1080P: Video slvp perflock released
06-13 10:27:26.437   765   765 I MediaPlayerService: MediaPlayerService::getOMX
06-13 10:27:26.437   765   765 I OMXClient: MuxOMX ctor
06-13 10:27:26.437   762   916 I OMXMaster: makeComponentInstance(OMX.qcom.video.decoder.vp9.secure) in mediacodec process
06-13 10:27:26.440   762   916 I OMX-VDEC-1080P: Video slvp perflock acquired
06-13 10:27:26.440   762   916 I OMX-VDEC-1080P: component_init: OMX.qcom.video.decoder.vp9 : fd=8
06-13 10:27:26.443   762   916 I OMX-VDEC-1080P: omx_vdec::component_init() success : fd=8
06-13 10:27:26.444   762  2134 E OMX-VDEC-1080P: Extension: OMX.google.android.index.storeANWBufferInMetadata not implemented
06-13 10:27:26.445   762  2134 E OMX-VDEC-1080P: Extension: OMX.google.android.index.configureVideoTunnelMode not implemented
06-13 10:27:26.445   762  2134 E OMX-VDEC-1080P: Extension: OMX.google.android.index.useAndroidNativeBuffer is supported
06-13 10:27:26.445   762  2134 E OMXNodeInstance: getParameter(2fa0021:qcom.decoder.vp9.secure, ??(0x7f000044)) ERROR: UnsupportedSetting(0x80001019)
06-13 10:27:26.445   762  2134 E OMXNodeInstance: getParameter(2fa0021:qcom.decoder.vp9.secure, ??(0x7f000044)) ERROR: UnsupportedSetting(0x80001019)
06-13 10:27:26.447   762   762 E OMX-VDEC-1080P: Extension: OMX.google.android.index.configureVideoTunnelMode not implemented
06-13 10:27:26.447   762   762 E OMXNodeInstance: getExtensionIndex(2fa0021:qcom.decoder.vp9.secure, OMX.google.android.index.configureVideoTunnelMode) ERROR: NotImplemented(0x80001006)
06-13 10:27:26.448   762  2134 E OMX-VDEC-1080P: Extension: OMX.google.android.index.storeANWBufferInMetadata not implemented
06-13 10:27:26.448   762   916 I OMX-VDEC-1080P: omx_vdec::component_deinit() complete
06-13 10:27:26.450   734   734 I cnss_diag: type=1400 audit(0.0:124): avc: denied { search } for name="default" dev="tmpfs" ino=572 scontext=u:r:wcnss_service:s0 tcontext=u:object_r:storage_file:s0 tclass=dir permissive=1
06-13 10:27:26.450   734   734 I cnss_diag: type=1400 audit(0.0:125): avc: denied { read } for name="primary" dev="tmpfs" ino=579 scontext=u:r:wcnss_service:s0 tcontext=u:object_r:storage_file:s0 tclass=lnk_file permissive=1
06-13 10:27:26.450   734   734 I cnss_diag: type=1400 audit(0.0:126): avc: denied { search } for name="user" dev="tmpfs" ino=567 scontext=u:r:wcnss_service:s0 tcontext=u:object_r:mnt_user_file:s0 tclass=dir permissive=1
06-13 10:27:26.454   762   916 I OMX-VDEC-1080P: Exit OMX vdec Destructor: fd=8
06-13 10:27:26.454   762   916 I OMX-VDEC-1080P: Video slvp perflock released
06-13 10:27:26.455  2217  2217 D TelephonyProvider: dbh.onOpen: ok, queried table=siminfo
06-13 10:27:26.456  2217  2217 D TelephonyProvider: dbh.onOpen: ok, queried table=carriers
06-13 10:27:26.467  2287  2303 I CloudSettingsProvider: uriMatch : 1
06-13 10:27:26.469  2287  2287 D MI_STAT : initialize com.android.settings, 2882303761517161661, NX531J, false
06-13 10:27:26.469  1748  1748 D AccessibilityManagerService: Ignoring non-encryption-aware service ComponentInfo{com.android.email/cn.richinfo.automail.service.AutoFillService}
06-13 10:27:26.469  1748  1748 D AccessibilityManagerService: Ignoring non-encryption-aware service ComponentInfo{com.miui.personalassistant/com.miui.personalassistant.services.quickstart.QuickStartAccessibilityService}
06-13 10:27:26.469  1748  1748 D AccessibilityManagerService: Ignoring non-encryption-aware service ComponentInfo{com.miui.securitycenter/com.miui.gamebooster.gbservices.AntiMsgAccessibilityService}
06-13 10:27:26.469  1748  1748 D AccessibilityManagerService: Ignoring non-encryption-aware service ComponentInfo{com.miui.securitycenter/com.miui.luckymoney.service.LuckyMoneyAccessibilityService}
06-13 10:27:26.469  1748  1748 D AccessibilityManagerService: Ignoring non-encryption-aware service ComponentInfo{com.miui.voiceassist/com.miui.voicesdk.VoiceAccessibilityService}
06-13 10:27:26.469  1748  1748 D AccessibilityManagerService: Ignoring non-encryption-aware service ComponentInfo{bin.mt.plus/bin.mt.plus.ActivityRecordService}
06-13 10:27:26.469  1748  1748 D AccessibilityManagerService: Ignoring non-encryption-aware service ComponentInfo{ccc71.at/ccc71.at.services.at_force_stop_accessibility_service}
06-13 10:27:26.469  1748  1748 D AccessibilityManagerService: Ignoring non-encryption-aware service ComponentInfo{ru.sberbankmobile/com.kaspersky.components.accessibility.KasperskyAccessibility}
06-13 10:27:26.472   713   898 D PermissionCache: checking android.permission.HARDWARE_TEST for uid=1000 => granted (237 us)
06-13 10:27:26.482   755   755 D audio_hw_primary: adev_set_mic_mute state 0
06-13 10:27:26.482   765   765 I MediaPlayerService: MediaPlayerService::getOMX
06-13 10:27:26.482  1748  2270 W ActivityManager: Unable to start service Intent { act=android.intent.action.MAIN cmp=com.miui.core/com.miui.internal.server.CoreService } U=0: not found
06-13 10:27:26.482   765   765 I OMXClient: MuxOMX ctor
06-13 10:27:26.483   762  2134 I OMXMaster: makeComponentInstance(OMX.qcom.video.decoder.hevc) in mediacodec process
06-13 10:27:26.484   762  2134 I OMX-VDEC-1080P: Video slvp perflock acquired
06-13 10:27:26.485   762  2134 I OMX-VDEC-1080P: component_init: OMX.qcom.video.decoder.hevc : fd=8
06-13 10:27:26.492   762  2134 I OMX-VDEC-1080P: omx_vdec::component_init() success : fd=8
06-13 10:27:26.501   762   916 E OMX-VDEC-1080P: Extension: OMX.google.android.index.storeANWBufferInMetadata not implemented
06-13 10:27:26.501   762   916 E OMX-VDEC-1080P: Extension: OMX.google.android.index.configureVideoTunnelMode not implemented
06-13 10:27:26.501   762   916 E OMX-VDEC-1080P: Extension: OMX.google.android.index.useAndroidNativeBuffer is supported
06-13 10:27:26.502   762   916 E OMXNodeInstance: getParameter(2fa0022:qcom.decoder.hevc, ??(0x7f000044)) ERROR: UnsupportedSetting(0x80001019)
06-13 10:27:26.502   762   916 E OMXNodeInstance: getParameter(2fa0022:qcom.decoder.hevc, ??(0x7f000044)) ERROR: UnsupportedSetting(0x80001019)
06-13 10:27:26.503   762  2134 E OMX-VDEC-1080P: Extension: OMX.google.android.index.configureVideoTunnelMode not implemented
06-13 10:27:26.503   762  2134 E OMXNodeInstance: getExtensionIndex(2fa0022:qcom.decoder.hevc, OMX.google.android.index.configureVideoTunnelMode) ERROR: NotImplemented(0x80001006)
06-13 10:27:26.503   762   916 E OMX-VDEC-1080P: Extension: OMX.google.android.index.storeANWBufferInMetadata not implemented
06-13 10:27:26.503   762   762 I OMX-VDEC-1080P: omx_vdec::component_deinit() complete
06-13 10:27:26.505   762   762 I OMX-VDEC-1080P: Exit OMX vdec Destructor: fd=8
06-13 10:27:26.505   762   762 I OMX-VDEC-1080P: Video slvp perflock released
06-13 10:27:26.513   765   765 I MediaPlayerService: MediaPlayerService::getOMX
06-13 10:27:26.514   765   765 I OMXClient: MuxOMX ctor
06-13 10:27:26.514   762   916 I OMXMaster: makeComponentInstance(OMX.qcom.video.decoder.hevc.secure) in mediacodec process
06-13 10:27:26.515   762   916 I OMX-VDEC-1080P: Video slvp perflock acquired
06-13 10:27:26.516   762   916 I OMX-VDEC-1080P: component_init: OMX.qcom.video.decoder.hevc : fd=8
06-13 10:27:26.523  1748  1838 I SyncManager: Got SyncJobService instance.
06-13 10:27:26.526  1748  1748 I Telecom : WiredHeadsetManager: ACTION_HEADSET_PLUG event, plugged in: false, : WHC.oADA@AAE
06-13 10:27:26.529   762   916 I OMX-VDEC-1080P: omx_vdec::component_init() success : fd=8
06-13 10:27:26.530  1748  1748 I ActivityManager: user 0 is still locked. Cannot load recents
06-13 10:27:26.532   762   762 E OMX-VDEC-1080P: Extension: OMX.google.android.index.storeANWBufferInMetadata not implemented
06-13 10:27:26.532   762   762 E OMX-VDEC-1080P: Extension: OMX.google.android.index.configureVideoTunnelMode not implemented
06-13 10:27:26.532   762   762 E OMX-VDEC-1080P: Extension: OMX.google.android.index.useAndroidNativeBuffer is supported
06-13 10:27:26.533   762   762 E OMXNodeInstance: getParameter(2fa0023:qcom.decoder.hevc.secure, ??(0x7f000044)) ERROR: UnsupportedSetting(0x80001019)
06-13 10:27:26.533   762   762 E OMXNodeInstance: getParameter(2fa0023:qcom.decoder.hevc.secure, ??(0x7f000044)) ERROR: UnsupportedSetting(0x80001019)
06-13 10:27:26.539  1748  1748 D AccessibilityManager: current package=android, accessibility manager mIsFinalEnabled=false, mOptimizeEnabled=true, mIsUiAutomationEnabled=false, mIsInterestedPackage=false
06-13 10:27:26.539   762   916 E OMX-VDEC-1080P: Extension: OMX.google.android.index.configureVideoTunnelMode not implemented
06-13 10:27:26.539   762   916 E OMXNodeInstance: getExtensionIndex(2fa0023:qcom.decoder.hevc.secure, OMX.google.android.index.configureVideoTunnelMode) ERROR: NotImplemented(0x80001006)
06-13 10:27:26.539   762   762 E OMX-VDEC-1080P: Extension: OMX.google.android.index.storeANWBufferInMetadata not implemented
06-13 10:27:26.539   762  2134 I OMX-VDEC-1080P: omx_vdec::component_deinit() complete
06-13 10:27:26.542   762  2134 I OMX-VDEC-1080P: Exit OMX vdec Destructor: fd=8
06-13 10:27:26.542   762  2134 I OMX-VDEC-1080P: Video slvp perflock released
06-13 10:27:26.547   765   765 I MediaPlayerService: MediaPlayerService::getOMX
06-13 10:27:26.548   765   765 I OMXClient: MuxOMX ctor
06-13 10:27:26.549   762   762 I OMXMaster: makeComponentInstance(OMX.qti.audio.decoder.flac) in mediacodec process
06-13 10:27:26.567   765   765 I MediaPlayerService: MediaPlayerService::getOMX
06-13 10:27:26.568  2240  2240 D AccessibilityManager: current package=com.android.settings, accessibility manager mIsFinalEnabled=false, mOptimizeEnabled=true, mIsUiAutomationEnabled=false, mIsInterestedPackage=false
06-13 10:27:26.568   765   765 I OMXClient: MuxOMX ctor
06-13 10:27:26.568   762  2134 I OMXMaster: makeComponentInstance(OMX.google.mpeg4.decoder) in mediacodec process
06-13 10:27:26.580  2217  2217 I Livetalk: LivetalkApplication : onApplicationCreate
06-13 10:27:26.580  2217  2217 I Livetalk: LivetalkApplication : livetalk rom not support
06-13 10:27:26.586   762  2134 E OMXNodeInstance: getExtensionIndex(2fa0025:google.mpeg4.decoder, OMX.google.android.index.configureVideoTunnelMode) ERROR: UnsupportedIndex(0x8000101a)
06-13 10:27:26.586   762   916 W OMXNodeInstance: [2fa0025:google.mpeg4.decoder] component does not support metadata mode; using fallback
06-13 10:27:26.589   765   765 I MediaPlayerService: MediaPlayerService::getOMX
06-13 10:27:26.589   765   765 I OMXClient: MuxOMX ctor
06-13 10:27:26.589   762   762 I OMXMaster: makeComponentInstance(OMX.google.mpeg4.decoder) in mediacodec process
06-13 10:27:26.592   762   762 E OMXNodeInstance: getExtensionIndex(2fa0026:google.mpeg4.decoder, OMX.google.android.index.configureVideoTunnelMode) ERROR: UnsupportedIndex(0x8000101a)
06-13 10:27:26.592   762  2134 W OMXNodeInstance: [2fa0026:google.mpeg4.decoder] component does not support metadata mode; using fallback
06-13 10:27:26.602   765   765 I MediaPlayerService: MediaPlayerService::getOMX
06-13 10:27:26.603   765   765 I OMXClient: MuxOMX ctor
06-13 10:27:26.603   762   916 I OMXMaster: makeComponentInstance(OMX.google.h263.decoder) in mediacodec process
06-13 10:27:26.606   762   916 E OMXNodeInstance: getExtensionIndex(2fa0027:google.h263.decoder, OMX.google.android.index.configureVideoTunnelMode) ERROR: UnsupportedIndex(0x8000101a)
06-13 10:27:26.606   762   762 W OMXNodeInstance: [2fa0027:google.h263.decoder] component does not support metadata mode; using fallback
06-13 10:27:26.609  1748  1871 D BluetoothManagerService: Message: 20
06-13 10:27:26.609  1748  1871 D BluetoothManagerService: Added callback: android.bluetooth.IBluetoothManagerCallback$Stub$Proxy@e052011:true
06-13 10:27:26.612   765   765 I MediaPlayerService: MediaPlayerService::getOMX
06-13 10:27:26.612   765   765 I OMXClient: MuxOMX ctor
06-13 10:27:26.612   762  2134 I OMXMaster: makeComponentInstance(OMX.google.h264.decoder) in mediacodec process
06-13 10:27:26.613  1748  2270 D ui-boost: Set RenderThread tid 2364 for pid 2240 name=com.android.settings
06-13 10:27:26.618  2240  2240 E HAL     : PATH3 /odm/lib64/hw/gralloc.qcom.so
06-13 10:27:26.618  2240  2240 E HAL     : PATH2 /vendor/lib64/hw/gralloc.qcom.so
06-13 10:27:26.618  2240  2240 E HAL     : PATH1 /system/lib64/hw/gralloc.qcom.so
06-13 10:27:26.618  2240  2240 E HAL     : PATH3 /odm/lib64/hw/gralloc.QC_Reference_Phone.so
06-13 10:27:26.618  2240  2240 E HAL     : PATH2 /vendor/lib64/hw/gralloc.QC_Reference_Phone.so
06-13 10:27:26.618  2240  2240 E HAL     : PATH1 /system/lib64/hw/gralloc.QC_Reference_Phone.so
06-13 10:27:26.618  2240  2240 E HAL     : PATH3 /odm/lib64/hw/gralloc.msm8996.so
06-13 10:27:26.618  2240  2240 E HAL     : PATH2 /vendor/lib64/hw/gralloc.msm8996.so
06-13 10:27:26.618  2240  2240 E HAL     : PATH1 /system/lib64/hw/gralloc.msm8996.so
06-13 10:27:26.620  2067  2067 D ToggleManager: updateBatterySaverToggle() old mode=false
06-13 10:27:26.621  2067  2067 D ToggleManager: updateBatterySaverToggle() new mode=false
06-13 10:27:26.622   765   765 W ACodec  : [OMX.google.h264.decoder] stopping checking profiles after 32: 2/8000
06-13 10:27:26.623   762   762 E OMXNodeInstance: getExtensionIndex(2fa0028:google.h264.decoder, OMX.google.android.index.configureVideoTunnelMode) ERROR: UnsupportedIndex(0x8000101a)
06-13 10:27:26.623   762  2134 W OMXNodeInstance: [2fa0028:google.h264.decoder] component does not support metadata mode; using fallback
06-13 10:27:26.624  2067  2067 D ToggleManager: MiDrop: isMiDropDisabled:false isWifiAPDisabled:false mMiDropChanging:false setting:0
06-13 10:27:26.624  2067  2067 D ToggleManager: MiDrop: updateMiDropToggle(boolean) isMiDropOn = false isWifiApDisabled = false mMiDropChanging = false mWifiChanging = false
06-13 10:27:26.625   765   765 I MediaPlayerService: MediaPlayerService::getOMX
06-13 10:27:26.625  2067  2067 I CameraManagerGlobal: Connecting to camera service
06-13 10:27:26.625   765   765 I OMXClient: MuxOMX ctor
06-13 10:27:26.625   762   916 I OMXMaster: makeComponentInstance(OMX.google.hevc.decoder) in mediacodec process
06-13 10:27:26.635  1748  1795 W ActivityManager: Unable to start service Intent { act=android.intent.action.MAIN cmp=com.miui.core/com.miui.internal.server.CoreService } U=0: not found
06-13 10:27:26.635   762   916 E OMXNodeInstance: getExtensionIndex(2fa0029:google.hevc.decoder, OMX.google.android.index.configureVideoTunnelMode) ERROR: UnsupportedIndex(0x8000101a)
06-13 10:27:26.636   762  2134 W OMXNodeInstance: [2fa0029:google.hevc.decoder] component does not support metadata mode; using fallback
06-13 10:27:26.639   765   765 I MediaPlayerService: MediaPlayerService::getOMX
06-13 10:27:26.640   765   765 I OMXClient: MuxOMX ctor
06-13 10:27:26.640   762   762 I OMXMaster: makeComponentInstance(OMX.google.vp8.decoder) in mediacodec process
06-13 10:27:26.640  2287  2339 I bY      : process context: 0x00000084
06-13 10:27:26.643  2287  2339 I bY      : apk last modified: 2018-04-08 12:39:27
06-13 10:27:26.650   762   916 E OMXNodeInstance: getExtensionIndex(2fa002a:google.vp8.decoder, OMX.google.android.index.configureVideoTunnelMode) ERROR: UnsupportedIndex(0x8000101a)
06-13 10:27:26.650   762  2134 W OMXNodeInstance: [2fa002a:google.vp8.decoder] component does not support metadata mode; using fallback
06-13 10:27:26.654  2240  2338 I bY      : process context: 0x00000084
06-13 10:27:26.655  1748  1794 I Timeline: Timeline: App_transition_ready time:23133
06-13 10:27:26.656  2240  2338 I bY      : apk last modified: 2018-04-08 12:39:27
06-13 10:27:26.656  1748  1794 I Timeline: Timeline: App_transition_ready time:23134
06-13 10:27:26.658  2240  2364 I Adreno  : QUALCOMM build                   : 01d2d27, I3d52eaf367
06-13 10:27:26.658  2240  2364 I Adreno  : Build Date                       : 12/10/16
06-13 10:27:26.658  2240  2364 I Adreno  : OpenGL ES Shader Compiler Version: XE031.09.00.03
06-13 10:27:26.658  2240  2364 I Adreno  : Local Branch                     : 
06-13 10:27:26.658  2240  2364 I Adreno  : Remote Branch                    : 
06-13 10:27:26.658  2240  2364 I Adreno  : Remote Branch                    : 
06-13 10:27:26.658  2240  2364 I Adreno  : Reconstruct Branch               : 
06-13 10:27:26.664  2240  2364 I OpenGLRenderer: Initialized EGL, version 1.4
06-13 10:27:26.664  2240  2364 D OpenGLRenderer: Swap behavior 1
06-13 10:27:26.673   765   765 I MediaPlayerService: MediaPlayerService::getOMX
06-13 10:27:26.673  1748  1872 I Timeline: Timeline: App_transition_ready time:23151
06-13 10:27:26.674   765   765 I OMXClient: MuxOMX ctor
06-13 10:27:26.674   762   762 I OMXMaster: makeComponentInstance(OMX.google.vp9.decoder) in mediacodec process
06-13 10:27:26.678   762  2134 E OMXNodeInstance: getExtensionIndex(2fa002b:google.vp9.decoder, OMX.google.android.index.configureVideoTunnelMode) ERROR: UnsupportedIndex(0x8000101a)
06-13 10:27:26.678   762   762 W OMXNodeInstance: [2fa002b:google.vp9.decoder] component does not support metadata mode; using fallback
06-13 10:27:26.680   765   765 I MediaPlayerService: MediaPlayerService::getOMX
06-13 10:27:26.680   765   765 I OMXClient: MuxOMX ctor
06-13 10:27:26.681   762   916 I OMXMaster: makeComponentInstance(OMX.google.h263.encoder) in mediacodec process
06-13 10:27:26.684   762   916 I SoftMPEG4Encoder: Construct SoftMPEG4Encoder
06-13 10:27:26.684  2067  2268 D SystemServicesProxy: json={"pkg":"com.tencent.mobileqq"}
06-13 10:27:26.685  2067  2268 D SystemServicesProxy: json={"pkg":"com.taobao.taobao"}
06-13 10:27:26.685  2067  2268 D SystemServicesProxy: json={"pkg":"com.ss.android.article.news"}
06-13 10:27:26.685  2067  2268 D SystemServicesProxy: json={"pkg":"com.yidian.xiaomi"}
06-13 10:27:26.685  2067  2268 D SystemServicesProxy: json={"pkg":"com.UCMobile"}
06-13 10:27:26.685  2067  2268 D SystemServicesProxy: json={"pkg":"com.tencent.reading"}
06-13 10:27:26.685  2067  2268 D SystemServicesProxy: json={"pkg":"com.smile.gifmaker"}
06-13 10:27:26.685  2067  2268 D SystemServicesProxy: json={"pkg":"com.qzone"}
06-13 10:27:26.685  2067  2268 D SystemServicesProxy: json={"pkg":"com.jingdong.app.mall"}
06-13 10:27:26.685  2067  2268 D SystemServicesProxy: json={"pkg":"com.immomo.momo"}
06-13 10:27:26.685  2067  2268 D SystemServicesProxy: json={"pkg":"com.netease.newsreader.activity"}
06-13 10:27:26.685  2067  2268 D SystemServicesProxy: json={"pkg":"com.tmall.wireless"}
06-13 10:27:26.686  2067  2268 D SystemServicesProxy: json={"pkg":"com.kuaikan.comic"}
06-13 10:27:26.686  2067  2268 D SystemServicesProxy: json={"pkg":"com.hunantv.imgo.activity"}
06-13 10:27:26.686  2067  2268 D SystemServicesProxy: json={"pkg":"com.douban.frodo"}
06-13 10:27:26.686  2067  2268 D SystemServicesProxy: json={"pkg":"com.tencent.mm"}
06-13 10:27:26.686  2067  2377 D StatusBar.NetworkController: phone type slot:0 type:1
06-13 10:27:26.687   765   765 W ACodec  : do not know color format 0x7f000789 = 2130708361
06-13 10:27:26.687  2067  2377 D StatusBar.NetworkController: phone type slot:1 type:1
06-13 10:27:26.687   762   762 E OMXNodeInstance: getConfig(2fa002c:google.h263.encoder, ConfigAndroidIntraRefresh(0x6f60000a)) ERROR: Undefined(0x80001001)
06-13 10:27:26.688  2287  2303 I CloudSettingsProvider: uriMatch : 1
06-13 10:27:26.696  1748  1872 I Timeline: Timeline: App_transition_ready time:23174
06-13 10:27:26.696  1748  1872 I Timeline: Timeline: App_transition_stopped time:23174
06-13 10:27:26.698   765   765 I MediaPlayerService: MediaPlayerService::getOMX
06-13 10:27:26.703  2067  2067 W Settings: Setting airplane_mode_on has moved from android.provider.Settings.System to android.provider.Settings.Global, returning read-only value.
06-13 10:27:26.703  1748  1872 I ActivityManager: Displayed com.android.settings/.FallbackHome: +598ms
06-13 10:27:26.704  1748  1872 I Timeline: Timeline: Activity_windows_visible id: ActivityRecord{c7c1d8f u0 com.android.settings/.FallbackHome t0} time:23182
06-13 10:27:26.705  1748  1839 V KeyguardServiceDelegate: *** Keyguard started
06-13 10:27:26.705  1748  1839 I WindowManager: Started waking up...
06-13 10:27:26.706   765   765 I OMXClient: MuxOMX ctor
06-13 10:27:26.707   762   762 I OMXMaster: makeComponentInstance(OMX.google.h264.encoder) in mediacodec process
06-13 10:27:26.712  1748  1872 I WindowManager: Screen frozen for +498ms due to AppWindowToken{f4d11fa token=Token{d74581c ActivityRecord{c7c1d8f u0 com.android.settings/.FallbackHome t0}}}
06-13 10:27:26.715  1748  1839 I WindowManager: Screen turning on...
06-13 10:27:26.715  1748  1839 W KeyguardServiceDelegate: onScreenTurningOn(): no keyguard service!
06-13 10:27:26.720  2067  2067 D StatusBar.NetworkController: mOosEnhancementEnabled = false
06-13 10:27:26.721  1748  1872 I WindowManager: ******** booted=true msg=false haveBoot=false haveApp=false haveWall=false wallEnabled=true haveKeyguard=true
06-13 10:27:26.723  1748  1839 I WindowManager: ******** booted=true msg=false haveBoot=false haveApp=false haveWall=false wallEnabled=true haveKeyguard=true
06-13 10:27:26.733   765   765 W ACodec  : do not know color format 0x7f000789 = 2130708361
06-13 10:27:26.734  2067  2268 D SystemServicesProxy: json={"pkg":"com.cleanmaster.mguard"}
06-13 10:27:26.734  2067  2268 D SystemServicesProxy: json={"pkg":"com.android.contacts"}
06-13 10:27:26.734  2067  2268 D SystemServicesProxy: json={"pkg":"com.android.incallui"}
06-13 10:27:26.734  2067  2268 D SystemServicesProxy: json={"pkg":"com.android.phone"}
06-13 10:27:26.734  2067  2268 D SystemServicesProxy: json={"pkg":"com.android.camera"}
06-13 10:27:26.734  2067  2268 D SystemServicesProxy: json={"pkg":"com.miui.securitycenter"}
06-13 10:27:26.734  2067  2268 D SystemServicesProxy: json={"pkg":"com.miui.cleanmaster"}
06-13 10:27:26.734  2067  2268 D SystemServicesProxy: json={"pkg":"com.miui.antispam"}
06-13 10:27:26.734  2067  2268 D SystemServicesProxy: json={"pkg":"com.miui.player"}
06-13 10:27:26.734  2067  2268 D SystemServicesProxy: json={"pkg":"com.miui.yellowpage"}
06-13 10:27:26.734  2067  2268 D SystemServicesProxy: json={"pkg":"com.android.updater"}
06-13 10:27:26.734  2067  2268 D SystemServicesProxy: json={"pkg":"com.miui.voip"}
06-13 10:27:26.734  2067  2268 D SystemServicesProxy: json={"pkg":"com.miui.voiceassist"}
06-13 10:27:26.734  2067  2268 D SystemServicesProxy: json={"pkg":"com.miui.securitycore"}
06-13 10:27:26.734  2067  2268 D SystemServicesProxy: json={"pkg":"com.wali.live"}
06-13 10:27:26.734  2067  2268 D SystemServicesProxy: json={"pkg":"com.xiaomi.scanner"}
06-13 10:27:26.734  2067  2268 D SystemServicesProxy: json={"pkg":"com.cleanmaster.mguard"}
06-13 10:27:26.734  2067  2268 D SystemServicesProxy: json={"pkg":"com.miui.home"}
06-13 10:27:26.734  2067  2268 D SystemServicesProxy: json={"pkg":"com.miui.screenrecorder"}
06-13 10:27:26.734  2067  2268 D SystemServicesProxy: json={"pkg":"com.differencetenderwhite.skirt "}
06-13 10:27:26.734  2067  2268 D SystemServicesProxy: json={"pkg":"com.instagram.android"}
06-13 10:27:26.734  2067  2268 D SystemServicesProxy: json={"pkg":"com.instagram.android"}
06-13 10:27:26.735  2067  2268 D SystemServicesProxy: json={"pkg":"com.qqgame.hlddz"}
06-13 10:27:26.735  2067  2268 D SystemServicesProxy: json={"pkg":"com.eks.hkflight"}
06-13 10:27:26.735  2067  2268 D SystemServicesProxy: json={"pkg":"com.mipay.wallet"}
06-13 10:27:26.735  2067  2268 D SystemServicesProxy: json={"pkg":"com.xiaomi.payment"}
06-13 10:27:26.735  2067  2268 D SystemServicesProxy: json={"pkg":"com.news.on"}
06-13 10:27:26.735  2067  2268 D SystemServicesProxy: json={"pkg":"com.bsb.hike"}
06-13 10:27:26.735  2067  2268 D SystemServicesProxy: json={"pkg":"com.tencent.tmgp.sgame"}
06-13 10:27:26.735  2067  2268 D SystemServicesProxy: json={"pkg":"com.chinamworld.bocmbci"}
06-13 10:27:26.735  2067  2268 D SystemServicesProxy: json={"pkg":"com.microsoft.office.excel"}
06-13 10:27:26.735  2067  2268 D SystemServicesProxy: json={"pkg":"com.microsoft.office.powerpoint"}
06-13 10:27:26.735  2067  2268 D SystemServicesProxy: json={"pkg":"com.microsoft.office.word"}
06-13 10:27:26.735  2067  2268 D SystemServicesProxy: json={"pkg":"com.xiaomi.jr"}
06-13 10:27:26.735  2067  2268 D SystemServicesProxy: json={"pkg":"com.sohu.inputmethod.sogou"}
06-13 10:27:26.735  2067  2268 D SystemServicesProxy: json={"pkg":"com.appsomniacs.da2"}
06-13 10:27:26.735  2067  2268 D SystemServicesProxy: json={"pkg":"bubbleshooter.orig"}
06-13 10:27:26.735  2067  2268 D SystemServicesProxy: json={"pkg":" com.uc.browser.en"}
06-13 10:27:26.735  2067  2268 D SystemServicesProxy: json={"pkg":"com.cmplay.tiles2_cn.mi"}
06-13 10:27:26.735  2067  2268 D SystemServicesProxy: json={"pkg":"com.octro.teenpatti"}
06-13 10:27:26.735  2067  2268 D SystemServicesProxy: json={"pkg":"com.sbi.SBIFreedomPlus"}
06-13 10:27:26.735  2067  2268 D SystemServicesProxy: json={"pkg":"com.tencent.ig "}
06-13 10:27:26.738   765   765 I MediaPlayerService: MediaPlayerService::getOMX
06-13 10:27:26.739   765   765 I OMXClient: MuxOMX ctor
06-13 10:27:26.739   762   762 I OMXMaster: makeComponentInstance(OMX.google.mpeg4.encoder) in mediacodec process
06-13 10:27:26.740   762   762 I SoftMPEG4Encoder: Construct SoftMPEG4Encoder
06-13 10:27:26.741   765   765 W ACodec  : do not know color format 0x7f000789 = 2130708361
06-13 10:27:26.741   762   762 E OMXNodeInstance: getConfig(2fa002e:google.mpeg4.encoder, ConfigAndroidIntraRefresh(0x6f60000a)) ERROR: Undefined(0x80001001)
06-13 10:27:26.742  1748  1871 D BluetoothManagerService: Message: 30
06-13 10:27:26.742   765   765 I MediaPlayerService: MediaPlayerService::getOMX
06-13 10:27:26.743   765   765 I OMXClient: MuxOMX ctor
06-13 10:27:26.743   762   762 I OMXMaster: makeComponentInstance(OMX.google.vp8.encoder) in mediacodec process
06-13 10:27:26.746  1748  1871 D BluetoothManagerService: Message: 30
06-13 10:27:26.748  2067  2067 D LocalBluetoothProfileManager: Adding local MAP profile
06-13 10:27:26.750  2067  2067 D BluetoothMap: Create BluetoothMap proxy object
06-13 10:27:26.750  1748  1871 D BluetoothManagerService: Message: 30
06-13 10:27:26.752   765   765 W ACodec  : do not know color format 0x7f000789 = 2130708361
06-13 10:27:26.753   762  2134 E OMXNodeInstance: getConfig(2fa002f:google.vp8.encoder, ConfigAndroidIntraRefresh(0x6f60000a)) ERROR: Undefined(0x80001001)
06-13 10:27:26.754  1748  1871 D BluetoothManagerService: Message: 30
06-13 10:27:26.755   765   765 I MediaPlayerService: MediaPlayerService::getOMX
06-13 10:27:26.756   765   765 I OMXClient: MuxOMX ctor
06-13 10:27:26.758  2067  2067 D LocalBluetoothProfileManager: LocalBluetoothProfileManager construction complete
06-13 10:27:26.761   765   765 I MediaPlayerService: MediaPlayerService::getOMX
06-13 10:27:26.762   765   765 I OMXClient: MuxOMX ctor
06-13 10:27:26.764   765   765 W MediaCodecList: unable to open media codecs configuration xml file: /data/misc/media/media_codecs_profiling_results.xml
06-13 10:27:26.766   765  2359 I MediaPlayerService: MediaPlayerService::getOMX
06-13 10:27:26.767  1748  2125 I OMXClient: MuxOMX ctor
06-13 10:27:26.768   762   916 I OMXMaster: makeComponentInstance(OMX.google.vorbis.decoder) in mediacodec process
06-13 10:27:26.783  2067  2067 V packageScoreCache: init packageScoreCache
06-13 10:27:26.805  2067  2067 V PhoneStatusBarPolicy: updateManagedProfile mManagedProfileFocused: false mManagedProfileInQuietMode: false mKeyguardVisible: true mCurrentUserId:0 mCurrentProfileId:0 mSecondSpaceStatusIconVisible: true showIcon:false
06-13 10:27:26.822   764   764 I ExtendedExtractor: QTIParser is prefered
06-13 10:27:26.822   764   764 I ExtendedExtractor: ExtendedExtractor::create 0xe62070f0
06-13 10:27:26.822   764   918 E MM_OSAL : FileSource::FileSource
06-13 10:27:26.822   764   918 E MM_OSAL : FileSource::FileSource m_bEveryThingOK 1
06-13 10:27:26.822   764   918 E MM_OSAL : MM_File_Create failed .Efs Error No -1 , File Name /data/mmosal_logmask.cfg , Mode 0
06-13 10:27:26.822   764   918 E MM_OSAL : Open or read fail on /data/mmosal_logmask.cfg. Possible permission denied issue. Looking for /data/misc/media/mmosal_logmask.cfg
06-13 10:27:26.822   764   918 E MM_OSAL : MM_File_Create failed .Efs Error No -1 , File Name /data/misc/media/mmosal_logmask.cfg , Mode 0
06-13 10:27:26.833   765  2131 I MediaPlayerService: MediaPlayerService::getOMX
06-13 10:27:26.834  1748  2407 I OMXClient: MuxOMX ctor
06-13 10:27:26.835   762   916 I OMXMaster: makeComponentInstance(OMX.google.vorbis.decoder) in mediacodec process
06-13 10:27:26.844  1748  1872 I WindowManager: ******** booted=true msg=false haveBoot=false haveApp=false haveWall=false wallEnabled=true haveKeyguard=true
06-13 10:27:26.857  2067  2067 D PhoneStatusBar: MiPushClient.registerPush() is called.
06-13 10:27:26.877  2217  2217 I FeatureParser: can't find NX531J.xml in assets/device_features/,it may be in /system/etc/device_features
06-13 10:27:26.884  1748  2274 W ActivityManager: Unable to start service Intent { pkg=com.xiaomi.xmsf cmp=com.xiaomi.xmsf/com.xiaomi.push.service.XMPushService (has extras) } U=0: not found
06-13 10:27:26.884   764   764 I ExtendedExtractor: QTIParser is prefered
06-13 10:27:26.885   764   764 I ExtendedExtractor: ExtendedExtractor::create 0xe62070f0
06-13 10:27:26.885   764   918 E MM_OSAL : FileSource::FileSource
06-13 10:27:26.885   764   918 E MM_OSAL : FileSource::FileSource m_bEveryThingOK 1
06-13 10:27:26.885   764   918 E MM_OSAL : MM_File_Create failed .Efs Error No -1 , File Name /data/mmosal_logmask.cfg , Mode 0
06-13 10:27:26.885   764   918 E MM_OSAL : Open or read fail on /data/mmosal_logmask.cfg. Possible permission denied issue. Looking for /data/misc/media/mmosal_logmask.cfg
06-13 10:27:26.885   764   918 E MM_OSAL : MM_File_Create failed .Efs Error No -1 , File Name /data/misc/media/mmosal_logmask.cfg , Mode 0
06-13 10:27:26.889   765  2131 I MediaPlayerService: MediaPlayerService::getOMX
06-13 10:27:26.889  1748  2417 I OMXClient: MuxOMX ctor
06-13 10:27:26.890  1748  2270 W ActivityManager: Unable to start service Intent { act=com.xiaomi.mipush.SEND_MESSAGE pkg=com.xiaomi.xmsf cmp=com.xiaomi.xmsf/com.xiaomi.push.service.XMPushService (has extras) } U=0: not found
06-13 10:27:26.890   762  2134 I OMXMaster: makeComponentInstance(OMX.google.vorbis.decoder) in mediacodec process
06-13 10:27:26.901  1748  2273 W ActivityManager: Unable to start service Intent { pkg=com.xiaomi.xmsf cmp=com.xiaomi.xmsf/com.xiaomi.push.service.XMPushService (has extras) } U=0: not found
06-13 10:27:26.905  2067  2067 D PhoneStatusBar:  start bindViews
06-13 10:27:26.912  1748  2273 W ActivityManager: Unable to start service Intent { act=com.xiaomi.mipush.SEND_MESSAGE pkg=com.xiaomi.xmsf cmp=com.xiaomi.xmsf/com.xiaomi.push.service.XMPushService (has extras) } U=0: not found
06-13 10:27:26.915  2067  2067 W Settings: Setting device_provisioned has moved from android.provider.Settings.Secure to android.provider.Settings.Global.
06-13 10:27:26.915  2067  2067 W Settings: Setting device_provisioned has moved from android.provider.Settings.Secure to android.provider.Settings.Global, returning global URI.
06-13 10:27:26.926  2067  2067 W CustomizeUtil: no getRealSize hack method
06-13 10:27:26.936  2067  2067 V AssistManager: component = com.miui.voiceassist/com.xiaomi.voiceassistant.CTAAlertActivity
06-13 10:27:26.948   764   918 I ExtendedExtractor: QTIParser is prefered
06-13 10:27:26.948   764   918 I ExtendedExtractor: ExtendedExtractor::create 0xe6207190
06-13 10:27:26.949   764   764 E MM_OSAL : FileSource::FileSource
06-13 10:27:26.949   764   764 E MM_OSAL : FileSource::FileSource m_bEveryThingOK 1
06-13 10:27:26.949   764   764 E MM_OSAL : MM_File_Create failed .Efs Error No -1 , File Name /data/mmosal_logmask.cfg , Mode 0
06-13 10:27:26.949   764   764 E MM_OSAL : Open or read fail on /data/mmosal_logmask.cfg. Possible permission denied issue. Looking for /data/misc/media/mmosal_logmask.cfg
06-13 10:27:26.949   764   764 E MM_OSAL : MM_File_Create failed .Efs Error No -1 , File Name /data/misc/media/mmosal_logmask.cfg , Mode 0
06-13 10:27:26.955   765   920 I MediaPlayerService: MediaPlayerService::getOMX
06-13 10:27:26.956  1748  2424 I OMXClient: MuxOMX ctor
06-13 10:27:26.957   762  2134 I OMXMaster: makeComponentInstance(OMX.google.vorbis.decoder) in mediacodec process
06-13 10:27:26.967  2217  2217 D QC_RIL_OEM_HOOK: Starting QcrilMsgTunnel Service
06-13 10:27:26.978  2067  2067 V BoostFramework: BoostFramework() : mPerf = com.qualcomm.qti.Performance@4214a6f
06-13 10:27:26.978  2067  2067 V BoostFramework: BoostFramework() : mPerf = com.qualcomm.qti.Performance@7b4b37c
06-13 10:27:26.979  1748  2274 D Boost   : hostingType=service, hostingName=com.qualcomm.qcrilmsgtunnel/.QcrilMsgTunnelService, callerPackage=com.android.phone, isSystem=true, isBoostNeeded=false.
06-13 10:27:26.979  1748  2274 I ActivityManager: Start proc 2427:com.qualcomm.qcrilmsgtunnel/1001 for service com.qualcomm.qcrilmsgtunnel/.QcrilMsgTunnelService caller=com.android.phone
06-13 10:27:26.981  2217  2217 D QC_RIL_OEM_HOOK: The QcrilMsgTunnelService will be connected soon 
06-13 10:27:26.982  2217  2217 D QC_RIL_OEM_HOOK: Registering for intent ACTION_UNSOL_RESPONSE_OEM_HOOK_RAW
06-13 10:27:26.996   764   764 I ExtendedExtractor: QTIParser is prefered
06-13 10:27:26.997   764   764 I ExtendedExtractor: ExtendedExtractor::create 0xe62071e0
06-13 10:27:26.997   764  2435 E MM_OSAL : FileSource::FileSource
06-13 10:27:26.997   764  2435 E MM_OSAL : FileSource::FileSource m_bEveryThingOK 1
06-13 10:27:26.997   764  2435 E MM_OSAL : MM_File_Create failed .Efs Error No -1 , File Name /data/mmosal_logmask.cfg , Mode 0
06-13 10:27:26.997   764  2435 E MM_OSAL : Open or read fail on /data/mmosal_logmask.cfg. Possible permission denied issue. Looking for /data/misc/media/mmosal_logmask.cfg
06-13 10:27:26.997   764  2435 E MM_OSAL : MM_File_Create failed .Efs Error No -1 , File Name /data/misc/media/mmosal_logmask.cfg , Mode 0
06-13 10:27:27.008   765  2359 I MediaPlayerService: MediaPlayerService::getOMX
06-13 10:27:27.009  1748  2441 I OMXClient: MuxOMX ctor
06-13 10:27:27.010   762   916 I OMXMaster: makeComponentInstance(OMX.google.vorbis.decoder) in mediacodec process
06-13 10:27:27.013  2427  2427 D TidaProvider: TidaProvider()
06-13 10:27:27.020  2427  2427 V BoostFramework: BoostFramework() : mPerf = com.qualcomm.qti.Performance@b272c5e
06-13 10:27:27.031  1748  1794 E SchedPolicy: add_tid_to_cgroup failed; fd=-1
06-13 10:27:27.031  1748  1794 E Process : Error setting cpuset policy for pid:2427 errno:22 
06-13 10:27:27.031  1748  1794 E SchedPolicy: add_tid_to_cgroup failed; fd=-1
06-13 10:27:27.031  1748  1794 E Process : Error setting cpuset policy for pid:2427 errno:22 
06-13 10:27:27.031  1748  1794 E SchedPolicy: add_tid_to_cgroup failed; fd=-1
06-13 10:27:27.031  1748  1794 E Process : Error setting cpuset policy for pid:2427 errno:22 
06-13 10:27:27.031  1748  1794 E SchedPolicy: add_tid_to_cgroup failed; fd=-1
06-13 10:27:27.031  1748  1794 E Process : Error setting cpuset policy for pid:2427 errno:22 
06-13 10:27:27.031  1748  1794 E SchedPolicy: add_tid_to_cgroup failed; fd=-1
06-13 10:27:27.031  1748  1794 E Process : Error setting cpuset policy for pid:2427 errno:22 
06-13 10:27:27.031  1748  1794 E SchedPolicy: add_tid_to_cgroup failed; fd=-1
06-13 10:27:27.031  1748  1794 E Process : Error setting cpuset policy for pid:2427 errno:22 
06-13 10:27:27.031  1748  1794 E SchedPolicy: add_tid_to_cgroup failed; fd=-1
06-13 10:27:27.031  1748  1794 E Process : Error setting cpuset policy for pid:2427 errno:22 
06-13 10:27:27.031  1748  1794 E SchedPolicy: add_tid_to_cgroup failed; fd=-1
06-13 10:27:27.031  1748  1794 E Process : Error setting cpuset policy for pid:2427 errno:22 
06-13 10:27:27.031  1748  1794 E SchedPolicy: add_tid_to_cgroup failed; fd=-1
06-13 10:27:27.031  1748  1794 E Process : Error setting cpuset policy for pid:2427 errno:22 
06-13 10:27:27.031  1748  1794 E SchedPolicy: add_tid_to_cgroup failed; fd=-1
06-13 10:27:27.031  1748  1794 E Process : Error setting cpuset policy for pid:2427 errno:22 
06-13 10:27:27.031  1748  1794 E SchedPolicy: add_tid_to_cgroup failed; fd=-1
06-13 10:27:27.031  1748  1794 E Process : Error setting cpuset policy for pid:2427 errno:22 
06-13 10:27:27.031  1748  1794 E SchedPolicy: add_tid_to_cgroup failed; fd=-1
06-13 10:27:27.031  1748  1794 E Process : Error setting cpuset policy for pid:2427 errno:22 
06-13 10:27:27.048  2427  2427 W System  : ClassLoader referenced unknown path: /system/priv-app/qcrilmsgtunnel/lib/arm64
06-13 10:27:27.052  2067  2081 I art     : Do partial code cache collection, code=26KB, data=30KB
06-13 10:27:27.053  2067  2081 I art     : After code cache collection, code=26KB, data=30KB
06-13 10:27:27.053  2067  2081 I art     : Increasing code cache capacity to 128KB
06-13 10:27:27.067   755  1385 D AudioPolicyManagerCustom: setForceUse() usage 0, config 0, mPhoneState 0
06-13 10:27:27.067   755  1385 V AudioPolicyManagerCustom: getNewOutputDevice() selected device 0
06-13 10:27:27.067   755  1385 V AudioPolicyManagerCustom: getNewOutputDevice() selected device 0
06-13 10:27:27.067   755  1385 V AudioPolicyManagerCustom: getNewOutputDevice() selected device 0
06-13 10:27:27.067   755  2046 D AudioPolicyManagerCustom: setForceUse() usage 2, config 0, mPhoneState 0
06-13 10:27:27.068   755  2046 V AudioPolicyManagerCustom: getNewOutputDevice() selected device 0
06-13 10:27:27.068   755  2046 V AudioPolicyManagerCustom: getNewOutputDevice() selected device 0
06-13 10:27:27.068   755  2046 V AudioPolicyManagerCustom: getNewOutputDevice() selected device 0
06-13 10:27:27.068   755   755 D AudioPolicyManagerCustom: setForceUse() usage 3, config 8, mPhoneState 0
06-13 10:27:27.068   755   755 V AudioPolicyManagerCustom: getNewOutputDevice() selected device 0
06-13 10:27:27.068   755   755 V AudioPolicyManagerCustom: getNewOutputDevice() selected device 0
