06-13 10:27:13.617   755   755 D anc_map : convert_anc_acdb_to_reg:enter, inut size  2
06-13 10:27:13.617   755   755 D anc_map : Setwcd9xxxANC_IIRCoeffs:enter
06-13 10:27:13.617   755   755 D anc_map : Setwcd9xxxANC_IIRCoeffs:leave
06-13 10:27:13.617   755   755 D anc_map : Setwcd9xxxANC_IIRCoeffs:enter
06-13 10:27:13.617   755   755 D anc_map : Setwcd9xxxANC_IIRCoeffs:leave
06-13 10:27:13.617   755   755 D anc_map : convert_anc_acdb_to_reg:leave
06-13 10:27:13.617   755   755 D ACDB-LOADER: ACDB -> ACDB_CMD_GET_ANC_SETTING
06-13 10:27:13.617   755   755 D anc_map : convert_anc_acdb_to_reg:enter, inut size  2
06-13 10:27:13.617   755   755 D anc_map : Setwcd9xxxANC_IIRCoeffs:enter
06-13 10:27:13.617   755   755 D anc_map : Setwcd9xxxANC_IIRCoeffs:leave
06-13 10:27:13.617   755   755 D anc_map : Setwcd9xxxANC_IIRCoeffs:enter
06-13 10:27:13.617   755   755 D anc_map : Setwcd9xxxANC_IIRCoeffs:leave
06-13 10:27:13.617   755   755 D anc_map : convert_anc_acdb_to_reg:leave
06-13 10:27:13.617   755   755 D ACDB-LOADER: ACDB -> ACDB_CMD_GET_ANC_SETTING
06-13 10:27:13.617   755   755 D anc_map : convert_anc_acdb_to_reg:enter, inut size  2
06-13 10:27:13.617   755   755 D anc_map : Setwcd9xxxANC_IIRCoeffs:enter
06-13 10:27:13.617   755   755 D anc_map : Setwcd9xxxANC_IIRCoeffs:leave
06-13 10:27:13.617   755   755 D anc_map : Setwcd9xxxANC_IIRCoeffs:enter
06-13 10:27:13.617   755   755 D anc_map : Setwcd9xxxANC_IIRCoeffs:leave
06-13 10:27:13.617   755   755 D anc_map : convert_anc_acdb_to_reg:leave
06-13 10:27:13.617   755   755 D msm8974_platform: send_codec_cal: anc_cal cal sent successfully
06-13 10:27:13.617   755   755 D ACDB-LOADER: send mbhc data
06-13 10:27:13.617   755   755 D ACDB-LOADER: ACDB -> MBHC ACDB_PID_GENERAL_CONFIG
06-13 10:27:13.617   755   755 D ACDB-LOADER: ACDB -> MBHC ACDB_PID_PLUG_REMOVAL_DETECTION
06-13 10:27:13.617   755   755 D ACDB-LOADER: ACDB -> MBHC ACDB_PID_PLUG_TYPE_DETECTION
06-13 10:27:13.617   755   755 D ACDB-LOADER: ACDB -> MBHC ACDB_PID_BUTTON_PRESS_DETECTION
06-13 10:27:13.617   755   755 D ACDB-LOADER: ACDB -> MBHC ACDB_PID_IMPEDANCE_DETECTION
06-13 10:27:13.617   755   755 D msm8974_platform: send_codec_cal: mbhc_cal cal sent successfully
06-13 10:27:13.617   755   755 D ACDB-LOADER: send vbat data
06-13 10:27:13.617   755   755 D ACDB-LOADER: ACDB -> VBAT ACDB_PID_ADC_CAL
06-13 10:27:13.617   755   755 D ACDB-LOADER: ACDB -> VBAT ACDB_PID_GAIN_PROC
06-13 10:27:13.617   755   755 D ACDB-LOADER: send vbat data, calling convert_vbat_data
06-13 10:27:13.617   755   755 D ACDB-LOADER: copied vbat cal size =72
06-13 10:27:13.617   755   755 D msm8974_platform: send_codec_cal: vbat_cal cal sent successfully
06-13 10:27:13.617   755   755 D msm8974_platform: Alac software decoder is available...removing alac from DSP decoder list
06-13 10:27:13.617   755   755 D msm8974_platform: APE software decoder is available...removing ape from DSP decoder list
06-13 10:27:13.627   737   991 E QC-time-services: Daemon:genoff_modem_qmi_service_request: qmi_client_get_service_list returned -2num_services 0
06-13 10:27:13.632   755   755 E msm8974_platform: native_audio_set_params:napb:native_audio_mode in platform info xml,invalid mode string
06-13 10:27:13.632   755   755 D msm8974_platform: native_audio_set_params:napb updating mode (3) from XML
06-13 10:27:13.632   755   755 D msm8974_platform: platform_set_native_support:napb: native audio playback disabled
06-13 10:27:13.632   755   755 D msm8974_platform: platform_set_snd_device_backend: backend_tag_table[headphones]: old = headphones new = headphones
06-13 10:27:13.632   755   755 D msm8974_platform: platform_set_snd_device_backend: hw_interface_table[8] = SLIMBUS_6_RX
06-13 10:27:13.632   755   755 D msm8974_platform: platform_set_snd_device_backend: backend_tag_table[line]: old = null new = headphones
06-13 10:27:13.632   755   755 D msm8974_platform: platform_set_snd_device_backend: hw_interface_table[7] = SLIMBUS_6_RX
06-13 10:27:13.632   755   755 D msm8974_platform: platform_set_snd_device_backend: backend_tag_table[anc-headphones]: old = null new = headphones
06-13 10:27:13.632   755   755 D msm8974_platform: platform_set_snd_device_backend: hw_interface_table[33] = SLIMBUS_6_RX
06-13 10:27:13.632   755   755 D msm8974_platform: platform_set_snd_device_backend: backend_tag_table[speaker-and-headphones]: old = speaker-and-headphones new = speaker-and-headphones
06-13 10:27:13.632   755   755 D msm8974_platform: platform_set_snd_device_backend: hw_interface_table[10] = SLIMBUS_0_RX-and-SLIMBUS_6_RX
06-13 10:27:13.632   755   755 D msm8974_platform: platform_set_snd_device_backend: backend_tag_table[speaker-and-line]: old = null new = speaker-and-headphones
06-13 10:27:13.632   755   755 D msm8974_platform: platform_set_snd_device_backend: hw_interface_table[11] = SLIMBUS_0_RX-and-SLIMBUS_6_RX
06-13 10:27:13.632   755   755 D msm8974_platform: platform_set_snd_device_backend: backend_tag_table[speaker-and-anc-headphones]: old = null new = speaker-and-headphones
06-13 10:27:13.632   755   755 D msm8974_platform: platform_set_snd_device_backend: hw_interface_table[37] = SLIMBUS_0_RX-and-SLIMBUS_6_RX
06-13 10:27:13.633   755   755 D msm8974_platform: platform_set_snd_device_backend: backend_tag_table[voice-headphones]: old = headphones new = headphones
06-13 10:27:13.633   755   755 D msm8974_platform: platform_set_snd_device_backend: hw_interface_table[17] = SLIMBUS_6_RX
06-13 10:27:13.633   755   755 D msm8974_platform: platform_set_snd_device_backend: backend_tag_table[voice-anc-headphones]: old = null new = headphones
06-13 10:27:13.633   755   755 D msm8974_platform: platform_set_snd_device_backend: hw_interface_table[35] = SLIMBUS_6_RX
06-13 10:27:13.633   755   755 D msm8974_platform: platform_set_snd_device_backend: backend_tag_table[voice-line]: old = null new = headphones
06-13 10:27:13.633   755   755 D msm8974_platform: platform_set_snd_device_backend: hw_interface_table[18] = SLIMBUS_6_RX
06-13 10:27:13.633   755   755 D msm8974_platform: platform_set_snd_device_backend: backend_tag_table[voice-tty-full-headphones]: old = null new = headphones
06-13 10:27:13.633   755   755 D msm8974_platform: platform_set_snd_device_backend: hw_interface_table[25] = SLIMBUS_6_RX
06-13 10:27:13.633   755   755 D msm8974_platform: platform_set_snd_device_backend: backend_tag_table[voice-tty-vco-headphones]: old = null new = headphones
06-13 10:27:13.633   755   755 D msm8974_platform: platform_set_snd_device_backend: hw_interface_table[26] = SLIMBUS_6_RX
06-13 10:27:13.633   755   755 D msm8974_platform: platform_init: Fluence_Type(0) max_mic_count(4) mic_type(0xf) fluence_in_voice_call(0) fluence_in_voice_rec(0) fluence_in_spkr_mode(0) 
06-13 10:27:13.633   755   755 D audio_hw_ssr: audio_extn_ssr_update_enabled: surround sound recording is not supported
06-13 10:27:13.633   755   755 D audio_hw_spkr_prot: audio_extn_spkr_prot_init: Initialize speaker protection module
06-13 10:27:13.633   755   755 D audio_hw_spkr_prot: audio_extn_spkr_prot_init: Speaker protection disabled
06-13 10:27:13.642  1118  1197 D libEGL  : loaded /vendor/lib64/egl/libGLESv2_adreno.so
06-13 10:27:13.664   755   755 D audio_hw_utils: audio_extn_utils_get_codec_version: codec version WCD9335_2_0
06-13 10:27:13.666   755   755 I soundtrigger: audio_extn_sound_trigger_init: Enter
06-13 10:27:13.673  1118  1197 E HAL     : PATH3 /odm/lib64/hw/gralloc.qcom.so
06-13 10:27:13.673  1118  1197 E HAL     : PATH2 /vendor/lib64/hw/gralloc.qcom.so
06-13 10:27:13.673  1118  1197 E HAL     : PATH1 /system/lib64/hw/gralloc.qcom.so
06-13 10:27:13.673  1118  1197 E HAL     : PATH3 /odm/lib64/hw/gralloc.QC_Reference_Phone.so
06-13 10:27:13.673  1118  1197 E HAL     : PATH2 /vendor/lib64/hw/gralloc.QC_Reference_Phone.so
06-13 10:27:13.673  1118  1197 E HAL     : PATH1 /system/lib64/hw/gralloc.QC_Reference_Phone.so
06-13 10:27:13.673  1118  1197 E HAL     : PATH3 /odm/lib64/hw/gralloc.msm8996.so
06-13 10:27:13.673  1118  1197 E HAL     : PATH2 /vendor/lib64/hw/gralloc.msm8996.so
06-13 10:27:13.673  1118  1197 E HAL     : PATH1 /system/lib64/hw/gralloc.msm8996.so
06-13 10:27:13.674   755   755 I soundtrigger: audio_extn_sound_trigger_init: DLOPEN successful for /system/vendor/lib/hw/sound_trigger.primary.msm8996.so
06-13 10:27:13.684   755  1207 D aud_dev_arbi: runSocketThread: entered
06-13 10:27:13.686  1118  1197 I Adreno  : QUALCOMM build                   : 01d2d27, I3d52eaf367
06-13 10:27:13.686  1118  1197 I Adreno  : Build Date                       : 12/10/16
06-13 10:27:13.686  1118  1197 I Adreno  : OpenGL ES Shader Compiler Version: XE031.09.00.03
06-13 10:27:13.686  1118  1197 I Adreno  : Local Branch                     : 
06-13 10:27:13.686  1118  1197 I Adreno  : Remote Branch                    : 
06-13 10:27:13.686  1118  1197 I Adreno  : Remote Branch                    : 
06-13 10:27:13.686  1118  1197 I Adreno  : Reconstruct Branch               : 
06-13 10:27:13.690  1199  1199 V LOWI-7.7.1.0.a: [LOWIEventDispatcher] LOWIEventDispatcher
06-13 10:27:13.698   755   755 E audio_hw_extn: audio_extn_perf_lock_init: Perf lock handles Success 
06-13 10:27:13.698   755   755 I AudioFlinger: loadHwModule() Loaded primary audio interface from QCOM Audio HAL (audio) handle 10
06-13 10:27:13.698   755   755 I AudioFlinger: openOutput(), module 10 Device 2, SamplingRate 48000, Format 0x000001, Channels 3, flags 6
06-13 10:27:13.698   755   755 D audio_hw_primary: adev_open_output_stream: enter: format(0x1) sample_rate(48000) channel_mask(0x3) devices(0x2) flags(0x6)        stream_handle(0xeb2c6200)
06-13 10:27:13.698   755   755 D audio_hw_primary: adev_open_output_stream: Stream (0xeb2c6200) picks up usecase (low-latency-playback)
06-13 10:27:13.698   755   755 I AudioFlinger: HAL output buffer size 192 frames, normal sink buffer size 960 frames
06-13 10:27:13.720  1199  1199 I lowi-server: type=1400 audit(0.0:87): avc: denied { read write } for name="diag" dev="tmpfs" ino=15957 scontext=u:r:location:s0 tcontext=u:object_r:diag_device:s0 tclass=chr_file permissive=1
06-13 10:27:13.720  1199  1199 I lowi-server: type=1400 audit(0.0:88): avc: denied { open } for path="/dev/diag" dev="tmpfs" ino=15957 scontext=u:r:location:s0 tcontext=u:object_r:diag_device:s0 tclass=chr_file permissive=1
06-13 10:27:13.720  1199  1199 I lowi-server: type=1400 audit(0.0:89): avc: denied { ioctl } for path="/dev/diag" dev="tmpfs" ino=15957 ioctlcmd=20 scontext=u:r:location:s0 tcontext=u:object_r:diag_device:s0 tclass=chr_file permissive=1
06-13 10:27:13.722  1199  1199 V LOWI-7.7.1.0.a: [MessageQ_Client] creating client socket
06-13 10:27:13.722  1199  1199 I LOWI-7.7.1.0.a: [MessageQ_Client] connecting to server [/data/misc/location/mq/location-mq-s]
06-13 10:27:13.722  1199  1199 I LOWI-7.7.1.0.a: [MessageQ_Client] connected
06-13 10:27:13.722  1199  1199 V LOWI-7.7.1.0.a: [LOWIController] init
06-13 10:27:13.751  1118  1197 E BootAnimation: couldn't find audio_conf.txt
06-13 10:27:13.850   755   755 I ViPER4Android_v2: Enter EffectGetDescriptor()
06-13 10:27:13.851   755   755 I ViPER4Android_v2: EffectGetDescriptor(), uuid = 41d3c987-e6cf-11e3-a88a-11aba5d5c51b
06-13 10:27:13.851   755   755 W EffectsFactory: Error querying effect 7d1580bd-297f-4683-9239-e475b6d1d69f on lib offload_bundle
06-13 10:27:13.851   755   755 I EffectDiracSound: DiracSoundLib_GetDescriptor() start
06-13 10:27:13.851   755   755 I BufferProvider: found effect "Multichannel Downmix To Stereo" from The Android Open Source Project
06-13 10:27:13.912   755   755 I AudioFlinger: Using module 10 has the primary audio interface
06-13 10:27:13.922   755  1228 I AudioFlinger: AudioFlinger's thread 0xeab83700 ready to run
06-13 10:27:13.922   755  1228 W BatteryNotifier: batterystats service unavailable!
06-13 10:27:13.922   755  1228 D audio_hw_primary: out_set_parameters: enter: usecase(1: low-latency-playback) kvpairs: routing=2
06-13 10:27:13.922   755  1228 D audio_hw_extn: audio_extn_set_anc_parameters: anc_enabled:0
06-13 10:27:13.923   755  1228 D audio_hw_spkr_prot: audio_extn_fbsp_set_parameters: Speaker protection disabled
06-13 10:27:13.923   755  1228 D audio_hw_primary: out_standby: enter: stream (0xeb2c6200) usecase(1: low-latency-playback)
06-13 10:27:13.923   755  1228 D audio_hw_primary: out_standby: exit
06-13 10:27:13.923   755  1228 W BatteryNotifier: batterystats service unavailable!
06-13 10:27:13.924   755  1228 W BatteryNotifier: batterystats service unavailable!
06-13 10:27:13.924   755  1228 W AudioFlinger: no wake lock to update, system not ready yet
06-13 10:27:13.926   755   755 I AudioFlinger: openOutput(), module 10 Device 2, SamplingRate 48000, Format 0x000001, Channels 3, flags 104
06-13 10:27:13.926   755   755 D audio_hw_primary: adev_open_output_stream: enter: format(0x1) sample_rate(48000) channel_mask(0x3) devices(0x2) flags(0x104)        stream_handle(0xeb2c6600)
06-13 10:27:13.926   755   755 E audio_hw_primary: adev_open_output_stream: Primary output is already opened
06-13 10:27:13.926   755   755 D audio_hw_primary: adev_open_output_stream: exit: ret -17
06-13 10:27:13.926   755   755 I AudioHwDevice: openOutputStream(), HAL returned sampleRate 48000, Format 0x1, channelMask 0x3, status -17
06-13 10:27:13.926   755   755 W APM_AudioPolicyManager: Cannot open output stream for device 00000002 on hw module primary
06-13 10:27:13.926   755   755 I AudioFlinger: openOutput(), module 10 Device 2, SamplingRate 48000, Format 0x000001, Channels 3, flags 8
06-13 10:27:13.926   755   755 D audio_hw_primary: adev_open_output_stream: enter: format(0x1) sample_rate(48000) channel_mask(0x3) devices(0x2) flags(0x8)        stream_handle(0xeb2c6600)
06-13 10:27:13.926   755   755 D audio_hw_primary: adev_open_output_stream: Stream (0xeb2c6600) picks up usecase (deep-buffer-playback)
06-13 10:27:13.926   755   755 I AudioFlinger: HAL output buffer size 1920 frames, normal sink buffer size 1920 frames
06-13 10:27:13.946   755  1232 I AudioFlinger: AudioFlinger's thread 0xea483080 ready to run
06-13 10:27:13.947   755  1232 W BatteryNotifier: batterystats service unavailable!
06-13 10:27:13.947   755  1232 D audio_hw_primary: out_set_parameters: enter: usecase(0: deep-buffer-playback) kvpairs: routing=2
06-13 10:27:13.947   755  1232 D audio_hw_primary: out_standby: enter: stream (0xeb2c6600) usecase(0: deep-buffer-playback)
06-13 10:27:13.947   755  1232 D audio_hw_primary: out_standby: exit
06-13 10:27:13.947   755  1232 W BatteryNotifier: batterystats service unavailable!
06-13 10:27:13.948   755  1232 W BatteryNotifier: batterystats service unavailable!
06-13 10:27:13.948   755  1232 W AudioFlinger: no wake lock to update, system not ready yet
06-13 10:27:13.949   755   755 I AudioFlinger: openOutput(), module 10 Device 10000, SamplingRate 48000, Format 0x000001, Channels 3, flags 0
06-13 10:27:13.949   755   755 D audio_hw_primary: adev_open_output_stream: enter: format(0x1) sample_rate(48000) channel_mask(0x3) devices(0x10000) flags(0)        stream_handle(0xeb2c6a00)
06-13 10:27:13.949   755   755 D audio_hw_primary: adev_open_output_stream: Stream (0xeb2c6a00) picks up usecase (afe-proxy-playback)
06-13 10:27:13.949   755   755 I AudioFlinger: HAL output buffer size 768 frames, normal sink buffer size 1152 frames
06-13 10:27:13.963   755  1234 I AudioFlinger: AudioFlinger's thread 0xea303b80 ready to run
06-13 10:27:13.966   755  1234 W BatteryNotifier: batterystats service unavailable!
06-13 10:27:13.966   755  1234 D audio_hw_primary: out_set_parameters: enter: usecase(38: afe-proxy-playback) kvpairs: routing=65536
06-13 10:27:13.967   755  1234 D audio_hw_primary: out_standby: enter: stream (0xeb2c6a00) usecase(38: afe-proxy-playback)
06-13 10:27:13.967   755  1234 D audio_hw_primary: out_standby: exit
06-13 10:27:13.967   755  1234 W BatteryNotifier: batterystats service unavailable!
06-13 10:27:13.970   755   755 D audio_hw_primary: adev_open_input_stream: enter: sample_rate(48000) channel_mask(0xc) devices(0x80002000)        stream_handle(0xebb50980) io_handle(14) source(1) format 1
06-13 10:27:13.972   755  1234 W BatteryNotifier: batterystats service unavailable!
06-13 10:27:13.972   755  1234 W AudioFlinger: no wake lock to update, system not ready yet
06-13 10:27:13.972   755  1235 I AudioFlinger: AudioFlinger's thread 0xea003940 ready to run
06-13 10:27:13.972   755   755 D audio_hw_primary: adev_close_input_stream: enter:stream_handle(0xebb50980)
06-13 10:27:13.972   755   755 D audio_hw_primary: in_standby: enter: stream (0xebb50980) usecase(16: audio-record)
06-13 10:27:13.972   755   755 D audio_hw_primary: adev_open_input_stream: enter: sample_rate(48000) channel_mask(0xfc) devices(0x80000004)        stream_handle(0xebb50980) io_handle(22) source(1) format 1
06-13 10:27:13.977   755  1236 I AudioFlinger: AudioFlinger's thread 0xe9e83400 ready to run
06-13 10:27:13.977   755   755 D audio_hw_primary: adev_close_input_stream: enter:stream_handle(0xebb50980)
06-13 10:27:13.977   755   755 D audio_hw_primary: in_standby: enter: stream (0xebb50980) usecase(16: audio-record)
06-13 10:27:13.977   755   755 D audio_hw_primary: adev_open_input_stream: enter: sample_rate(192000) channel_mask(0x8000000f) devices(0x80000004)        stream_handle(0xebb50980) io_handle(30) source(1) format 5
06-13 10:27:13.977   755   755 D audio_hw_primary: adev_open_input_stream: enter: sample_rate(48000) channel_mask(0x8000000f) devices(0x80000004)        stream_handle(0xebb50980) io_handle(30) source(1) format 1
06-13 10:27:13.978   755  1237 I AudioFlinger: AudioFlinger's thread 0xe9f830c0 ready to run
06-13 10:27:13.978   755   755 D audio_hw_primary: adev_close_input_stream: enter:stream_handle(0xebb50980)
06-13 10:27:13.978   755   755 D audio_hw_primary: in_standby: enter: stream (0xebb50980) usecase(16: audio-record)
06-13 10:27:13.978   755   755 D audio_hw_primary: adev_open_input_stream: enter: sample_rate(48000) channel_mask(0xc) devices(0x80000040)        stream_handle(0xebb50980) io_handle(38) source(1) format 1
06-13 10:27:13.978   755   755 D audio_hw_primary: adev_open_input_stream: enter: sample_rate(48000) channel_mask(0xc) devices(0x80000040)        stream_handle(0xebb50980) io_handle(38) source(1) format 1
06-13 10:27:13.978   755   755 W APM_AudioPolicyManager: Cannot open input stream for device 80000040 on hw module primary
06-13 10:27:13.978   755   755 E HAL     : PATH3 /odm/lib/hw/audio.a2dp.qcom.so
06-13 10:27:13.978   755   755 E HAL     : PATH2 /vendor/lib/hw/audio.a2dp.qcom.so
06-13 10:27:13.978   755   755 E HAL     : PATH1 /system/lib/hw/audio.a2dp.qcom.so
06-13 10:27:13.978   755   755 E HAL     : PATH3 /odm/lib/hw/audio.a2dp.QC_Reference_Phone.so
06-13 10:27:13.978   755   755 E HAL     : PATH2 /vendor/lib/hw/audio.a2dp.QC_Reference_Phone.so
06-13 10:27:13.978   755   755 E HAL     : PATH1 /system/lib/hw/audio.a2dp.QC_Reference_Phone.so
06-13 10:27:13.978   755   755 E HAL     : PATH3 /odm/lib/hw/audio.a2dp.msm8996.so
06-13 10:27:13.978   755   755 E HAL     : PATH2 /vendor/lib/hw/audio.a2dp.msm8996.so
06-13 10:27:13.978   755   755 E HAL     : PATH1 /system/lib/hw/audio.a2dp.msm8996.so
06-13 10:27:13.978   755   755 E HAL     : PATH3 /odm/lib/hw/audio.a2dp.default.so
06-13 10:27:13.978   755   755 E HAL     : PATH2 /vendor/lib/hw/audio.a2dp.default.so
06-13 10:27:13.978   755   755 E HAL     : PATH1 /system/lib/hw/audio.a2dp.default.so
06-13 10:27:13.981   755   755 I bt_a2dp_hw: adev_open:  adev_open in A2dp_hw module
06-13 10:27:13.981   755   755 I AudioFlinger: loadHwModule() Loaded a2dp audio interface from A2DP Audio HW HAL (audio) handle 18
06-13 10:27:13.981   755   755 E HAL     : PATH3 /odm/lib/hw/audio.usb.qcom.so
06-13 10:27:13.981   755   755 E HAL     : PATH2 /vendor/lib/hw/audio.usb.qcom.so
06-13 10:27:13.981   755   755 E HAL     : PATH1 /system/lib/hw/audio.usb.qcom.so
06-13 10:27:13.981   755   755 E HAL     : PATH3 /odm/lib/hw/audio.usb.QC_Reference_Phone.so
06-13 10:27:13.981   755   755 E HAL     : PATH2 /vendor/lib/hw/audio.usb.QC_Reference_Phone.so
06-13 10:27:13.981   755   755 E HAL     : PATH1 /system/lib/hw/audio.usb.QC_Reference_Phone.so
06-13 10:27:13.981   755   755 E HAL     : PATH3 /odm/lib/hw/audio.usb.msm8996.so
06-13 10:27:13.981   755   755 E HAL     : PATH2 /vendor/lib/hw/audio.usb.msm8996.so
06-13 10:27:13.981   755   755 E HAL     : PATH1 /system/lib/hw/audio.usb.msm8996.so
06-13 10:27:13.981   755   755 E HAL     : PATH3 /odm/lib/hw/audio.usb.default.so
06-13 10:27:13.981   755   755 E HAL     : PATH2 /vendor/lib/hw/audio.usb.default.so
06-13 10:27:13.981   755   755 E HAL     : PATH1 /system/lib/hw/audio.usb.default.so
06-13 10:27:13.988   755   755 I AudioFlinger: loadHwModule() Loaded usb audio interface from USB audio HW HAL (audio) handle 26
06-13 10:27:13.988   755   755 E HAL     : PATH3 /odm/lib/hw/audio.r_submix.qcom.so
06-13 10:27:13.988   755   755 E HAL     : PATH2 /vendor/lib/hw/audio.r_submix.qcom.so
06-13 10:27:13.988   755   755 E HAL     : PATH1 /system/lib/hw/audio.r_submix.qcom.so
06-13 10:27:13.988   755   755 E HAL     : PATH3 /odm/lib/hw/audio.r_submix.QC_Reference_Phone.so
06-13 10:27:13.988   755   755 E HAL     : PATH2 /vendor/lib/hw/audio.r_submix.QC_Reference_Phone.so
06-13 10:27:13.988   755   755 E HAL     : PATH1 /system/lib/hw/audio.r_submix.QC_Reference_Phone.so
06-13 10:27:13.988   755   755 E HAL     : PATH3 /odm/lib/hw/audio.r_submix.msm8996.so
06-13 10:27:13.988   755   755 E HAL     : PATH2 /vendor/lib/hw/audio.r_submix.msm8996.so
06-13 10:27:13.988   755   755 E HAL     : PATH1 /system/lib/hw/audio.r_submix.msm8996.so
06-13 10:27:13.988   755   755 E HAL     : PATH3 /odm/lib/hw/audio.r_submix.default.so
06-13 10:27:13.988   755   755 E HAL     : PATH2 /vendor/lib/hw/audio.r_submix.default.so
06-13 10:27:13.988   755   755 E HAL     : PATH1 /system/lib/hw/audio.r_submix.default.so
06-13 10:27:13.999   755   755 I r_submix: adev_open(name=audio_hw_if)
06-13 10:27:13.999   755   755 I r_submix: adev_init_check()
06-13 10:27:13.999   755   755 I AudioFlinger: loadHwModule() Loaded r_submix audio interface from Wifi Display audio HAL (audio) handle 34
06-13 10:27:13.999   755   755 D r_submix: adev_open_input_stream(addr=0)
06-13 10:27:13.999   755   755 D r_submix: submix_audio_device_create_pipe_l(addr=0, idx=9)
06-13 10:27:13.999   755   755 D r_submix:   now using address 0 for route 9
06-13 10:27:14.008  1118  1197 E HAL     : PATH3 /odm/lib64/hw/gralloc.qcom.so
06-13 10:27:14.008  1118  1197 E HAL     : PATH2 /vendor/lib64/hw/gralloc.qcom.so
06-13 10:27:14.008  1118  1197 E HAL     : PATH1 /system/lib64/hw/gralloc.qcom.so
06-13 10:27:14.008  1118  1197 E HAL     : PATH3 /odm/lib64/hw/gralloc.QC_Reference_Phone.so
06-13 10:27:14.008  1118  1197 E HAL     : PATH2 /vendor/lib64/hw/gralloc.QC_Reference_Phone.so
06-13 10:27:14.008  1118  1197 E HAL     : PATH1 /system/lib64/hw/gralloc.QC_Reference_Phone.so
06-13 10:27:14.008  1118  1197 E HAL     : PATH3 /odm/lib64/hw/gralloc.msm8996.so
06-13 10:27:14.008  1118  1197 E HAL     : PATH2 /vendor/lib64/hw/gralloc.msm8996.so
06-13 10:27:14.008  1118  1197 E HAL     : PATH1 /system/lib64/hw/gralloc.msm8996.so
06-13 10:27:14.015  1118  1197 D BootAnimation: Use save memory method, maybe small fps in actual.
06-13 10:27:14.025   755  1240 I AudioFlinger: AudioFlinger's thread 0xe9f83900 ready to run
06-13 10:27:14.025   755   755 D r_submix: adev_close_input_stream()
06-13 10:27:14.025   755   755 D r_submix: submix_audio_device_release_pipe_l(idx=9) addr=0
06-13 10:27:14.025   755   755 D r_submix: submix_audio_device_destroy_pipe_l(): pipe destroyed
06-13 10:27:14.034   755   755 D AudioPolicyManagerCustom: USE_XML_AUDIO_POLICY_CONF is TRUE
06-13 10:27:14.034   755   755 V AudioPolicyManagerCustom: Hw module 0
06-13 10:27:14.034   755   755 V AudioPolicyManagerCustom: Channel Mask c size 3
06-13 10:27:14.034   755   755 V AudioPolicyManagerCustom: Channel Mask 10 size 3
06-13 10:27:14.034   755   755 V AudioPolicyManagerCustom: Channel Mask 30 size 3
06-13 10:27:14.034   755   755 V AudioPolicyManagerCustom: Channel Mask c size 6
06-13 10:27:14.034   755   755 V AudioPolicyManagerCustom: Channel Mask 10 size 6
06-13 10:27:14.034   755   755 V AudioPolicyManagerCustom: Channel Mask 30 size 6
06-13 10:27:14.034   755   755 V AudioPolicyManagerCustom: Channel Mask fc size 6
06-13 10:27:14.034   755   755 I AudioPolicyManagerCustom: removing AUDIO_CHANNEL_IN_5POINT1 from input profile as SSR(surround sound record) is not supported on this chipset variant
06-13 10:27:14.034   755   755 V AudioPolicyManagerCustom: Channel Mask size now 5
06-13 10:27:14.034   755   755 V AudioPolicyManagerCustom: Channel Mask 8000000f size 5
06-13 10:27:14.034   755   755 V AudioPolicyManagerCustom: Channel Mask c size 5
06-13 10:27:14.034   755   755 V AudioPolicyManagerCustom: Channel Mask 10 size 5
06-13 10:27:14.034   755   755 V AudioPolicyManagerCustom: Channel Mask 30 size 5
06-13 10:27:14.034   755   755 V AudioPolicyManagerCustom: Channel Mask 80000007 size 5
06-13 10:27:14.034   755   755 V AudioPolicyManagerCustom: Channel Mask 8000000f size 5
06-13 10:27:14.034   755   755 V AudioPolicyManagerCustom: Channel Mask c size 5
06-13 10:27:14.034   755   755 V AudioPolicyManagerCustom: Channel Mask 10 size 5
06-13 10:27:14.034   755   755 V AudioPolicyManagerCustom: Channel Mask 30 size 5
06-13 10:27:14.034   755   755 V AudioPolicyManagerCustom: Channel Mask 80000007 size 5
06-13 10:27:14.034   755   755 V AudioPolicyManagerCustom: Channel Mask 8000000f size 5
06-13 10:27:14.034   755   755 V AudioPolicyManagerCustom: Channel Mask c size 5
06-13 10:27:14.034   755   755 V AudioPolicyManagerCustom: Channel Mask 10 size 5
06-13 10:27:14.034   755   755 V AudioPolicyManagerCustom: Channel Mask 30 size 5
06-13 10:27:14.034   755   755 V AudioPolicyManagerCustom: Channel Mask 80000007 size 5
06-13 10:27:14.034   755   755 V AudioPolicyManagerCustom: Channel Mask 8000000f size 5
06-13 10:27:14.034   755   755 V AudioPolicyManagerCustom: Channel Mask c size 2
06-13 10:27:14.034   755   755 V AudioPolicyManagerCustom: Channel Mask 10 size 2
06-13 10:27:14.034   755   755 V AudioPolicyManagerCustom: Hw module 1
06-13 10:27:14.034   755   755 V AudioPolicyManagerCustom: Channel Mask c size 2
06-13 10:27:14.034   755   755 V AudioPolicyManagerCustom: Channel Mask 10 size 2
06-13 10:27:14.034   755   755 V AudioPolicyManagerCustom: Hw module 2
06-13 10:27:14.034   755   755 V AudioPolicyManagerCustom: Hw module 3
06-13 10:27:14.034   755   755 V AudioPolicyManagerCustom: Channel Mask c size 1
06-13 10:27:14.035   755   755 V AudioPolicyEffects: loadEffects() loading effect v4a_standard_fx
06-13 10:27:14.035   755   755 V AudioPolicyEffects: loadEffects() loading effect bassboost
06-13 10:27:14.035   755   755 V AudioPolicyEffects: loadEffects() loading effect virtualizer
06-13 10:27:14.035   755   755 V AudioPolicyEffects: loadEffects() loading effect equalizer
06-13 10:27:14.035   755   755 V AudioPolicyEffects: loadEffects() loading effect volume
06-13 10:27:14.035   755   755 V AudioPolicyEffects: loadEffects() loading effect reverb_env_aux
06-13 10:27:14.035   755   755 V AudioPolicyEffects: loadEffects() loading effect reverb_env_ins
06-13 10:27:14.035   755   755 V AudioPolicyEffects: loadEffects() loading effect reverb_pre_aux
06-13 10:27:14.035   755   755 V AudioPolicyEffects: loadEffects() loading effect reverb_pre_ins
06-13 10:27:14.035   755   755 V AudioPolicyEffects: loadEffects() loading effect visualizer
06-13 10:27:14.035   755   755 V AudioPolicyEffects: loadEffects() loading effect downmix
06-13 10:27:14.035   755   755 V AudioPolicyEffects: loadEffects() loading effect hw_acc
06-13 10:27:14.035   755   755 V AudioPolicyEffects: loadEffects() loading effect loudness_enhancer
06-13 10:27:14.035   755   755 V AudioPolicyEffects: loadEffects() loading effect aec
06-13 10:27:14.035   755   755 V AudioPolicyEffects: loadEffects() loading effect ns
06-13 10:27:14.035   755   755 V AudioPolicyEffects: loadEffects() loading effect dirac
06-13 10:27:14.035   755   755 V AudioPolicyEffects: loadGlobalEffects() found effect dirac in list
06-13 10:27:14.035   755   755 V AudioPolicyEffects: loadEffectParameters() loading param bl@lakala
06-13 10:27:14.035   755   755 V AudioPolicyEffects: loadEffectParameter() reading param of type int
06-13 10:27:14.035   755   755 V AudioPolicyEffects: readParamValue() reading int 6
06-13 10:27:14.035   755   755 V AudioPolicyEffects: loadEffectParameter() reading value of type string
06-13 10:27:14.035   755   755 V AudioPolicyEffects: readParamValue() reading string *com.lakala.android
06-13 10:27:14.035   755   755 V AudioPolicyEffects: loadEffectParameters() loading param bl@jawboneup
06-13 10:27:14.035   755   755 V AudioPolicyEffects: loadEffectParameter() reading param of type int
06-13 10:27:14.035   755   755 V AudioPolicyEffects: readParamValue() reading int 6
06-13 10:27:14.035   755   755 V AudioPolicyEffects: loadEffectParameter() reading value of type string
06-13 10:27:14.035   755   755 V AudioPolicyEffects: readParamValue() reading string *com.jawbone.up
06-13 10:27:14.035   755   755 V AudioPolicyEffects: loadEffectParameters() loading param bl@hojyremote
06-13 10:27:14.035   755   755 V AudioPolicyEffects: loadEffectParameter() reading param of type int
06-13 10:27:14.035   755   755 V AudioPolicyEffects: readParamValue() reading int 6
06-13 10:27:14.035   755   755 V AudioPolicyEffects: loadEffectParameter() reading value of type string
06-13 10:27:14.035   755   755 V AudioPolicyEffects: readParamValue() reading string *com.hojy.hremote
06-13 10:27:14.035   755   755 V AudioPolicyEffects: loadGlobalEffects() adding effect dirac uuid e069d9e0
06-13 10:27:14.035   755   755 V AudioPolicyEffects: inputSourceNameToEnum found source voice_communication 7
06-13 10:27:14.035   755   755 V AudioPolicyEffects: loadInputSources() loading input source voice_communication
06-13 10:27:14.035   755   755 V AudioPolicyEffects: loadEffectConfig() found effect aec in list
06-13 10:27:14.035   755   755 V AudioPolicyEffects: loadEffectConfig() adding effect aec uuid 0f8d0d2a
06-13 10:27:14.035   755   755 V AudioPolicyEffects: loadEffectConfig() found effect ns in list
06-13 10:27:14.035   755   755 V AudioPolicyEffects: loadEffectConfig() adding effect ns uuid 1d97bb0b
06-13 10:27:14.036   755   755 I RadioService: RadioService
06-13 10:27:14.036   755   755 I RadioService: onFirstRef
06-13 10:27:14.036   755   755 E HAL     : PATH3 /odm/lib/hw/radio.fm.qcom.so
06-13 10:27:14.036   755   755 E HAL     : PATH2 /vendor/lib/hw/radio.fm.qcom.so
06-13 10:27:14.036   755   755 E HAL     : PATH1 /system/lib/hw/radio.fm.qcom.so
06-13 10:27:14.036   755   755 E HAL     : PATH3 /odm/lib/hw/radio.fm.QC_Reference_Phone.so
06-13 10:27:14.036   755   755 E HAL     : PATH2 /vendor/lib/hw/radio.fm.QC_Reference_Phone.so
06-13 10:27:14.036   755   755 E HAL     : PATH1 /system/lib/hw/radio.fm.QC_Reference_Phone.so
06-13 10:27:14.036   755   755 E HAL     : PATH3 /odm/lib/hw/radio.fm.msm8996.so
06-13 10:27:14.036   755   755 E HAL     : PATH2 /vendor/lib/hw/radio.fm.msm8996.so
06-13 10:27:14.036   755   755 E HAL     : PATH1 /system/lib/hw/radio.fm.msm8996.so
06-13 10:27:14.036   755   755 E HAL     : PATH3 /odm/lib/hw/radio.fm.default.so
06-13 10:27:14.036   755   755 E HAL     : PATH2 /vendor/lib/hw/radio.fm.default.so
06-13 10:27:14.036   755   755 E HAL     : PATH1 /system/lib/hw/radio.fm.default.so
06-13 10:27:14.037   755   755 E RadioService: couldn't load radio module radio.primary (No such file or directory)
06-13 10:27:14.037   755   755 E HAL     : PATH3 /odm/lib/hw/sound_trigger.primary.qcom.so
06-13 10:27:14.037   755   755 E HAL     : PATH2 /vendor/lib/hw/sound_trigger.primary.qcom.so
06-13 10:27:14.037   755   755 E HAL     : PATH1 /system/lib/hw/sound_trigger.primary.qcom.so
06-13 10:27:14.038   755   755 E HAL     : PATH3 /odm/lib/hw/sound_trigger.primary.QC_Reference_Phone.so
06-13 10:27:14.038   755   755 E HAL     : PATH2 /vendor/lib/hw/sound_trigger.primary.QC_Reference_Phone.so
06-13 10:27:14.038   755   755 E HAL     : PATH1 /system/lib/hw/sound_trigger.primary.QC_Reference_Phone.so
06-13 10:27:14.038   755   755 E HAL     : PATH3 /odm/lib/hw/sound_trigger.primary.msm8996.so
06-13 10:27:14.038   755   755 E HAL     : PATH2 /vendor/lib/hw/sound_trigger.primary.msm8996.so
06-13 10:27:14.038   755   755 D sound_trigger_hw: stdev_open: Enter
06-13 10:27:14.038   755   755 I sound_trigger_platform: platform_stdev_init: Enter
06-13 10:27:14.086  1200  1200 D LocSvc_LBSProxy: static bool lbs_core::LBSProxy::checkIfLocationExtendedClientExists()] File Exists
06-13 10:27:14.086  1200  1200 D LocSvc_LBSProxy: static bool lbs_core::LBSProxy::checkIfNativeXtraClientExists()] XTRA Client 2.0 Exist
06-13 10:27:14.111  1200  1200 E QMI_FW  : xport_reg Failed for service_id=0x37 version=0x101 on 11
06-13 10:27:14.111  1200  1200 E slim_daemon: [QMISLIM] slim_QSQmiSvcTask_Init: Failed to register QMI service
06-13 10:27:14.113  1200  1249 E slim_daemon: [NDK] bindNDKSensors: Sensor server is unavailable.
06-13 10:27:14.116  1200  1254 E         : E/open failed: /dev/mdm: No such file or directory
06-13 10:27:14.133  1200  1250 E libsensor1: check_sensors_enabled: Sensors enabled = true
06-13 10:27:14.145  1200  1254 E QC-QMI  : qmi_client [-1] QMUXD disabled
06-13 10:27:14.145  1200  1254 E QC-QMI  : qmi_qmux_if_pwr_up_init_ex:  Initialization failed, rc = -6
06-13 10:27:14.146  1200  1254 E QMI_FW  : QMUXD: WARNING qmi_qmux_if_pwr_up_init failed! rc=-6
06-13 10:27:14.146  1200  1200 I slim_daemon: [SLIM] slim_ProviderConfigure: Updated available providers for service 0: 00000001.
06-13 10:27:14.146  1200  1200 I slim_daemon: [SLIM] slim_ProviderConfigure: Updated available providers for service 1: 00000001.
06-13 10:27:14.146  1200  1200 I slim_daemon: [SLIM] slim_ProviderConfigure: Updated available providers for service 2: 00000001.
06-13 10:27:14.146  1200  1200 I slim_daemon: [SLIM] slim_ProviderConfigure: Updated available providers for service 3: 00000001.
06-13 10:27:14.146  1200  1200 I slim_daemon: [SLIM] slim_ProviderConfigure: Updated available providers for service 7: 00000001.
06-13 10:27:14.146  1200  1200 I slim_daemon: [SLIM] slim_ProviderConfigure: Updated available providers for service 8: 00000001.
06-13 10:27:14.146  1200  1200 I slim_daemon: [SLIM] slim_ProviderConfigure: Updated available providers for service 13: 00000001.
06-13 10:27:14.146  1200  1200 I slim_daemon: [SLIM] slim_ProviderConfigure: Updated available providers for service 14: 00000001.
06-13 10:27:14.146  1200  1200 I slim_daemon: [SLIM] slim_ProviderConfigure: Updated available providers for service 16: 00000001.
06-13 10:27:14.154   780   780 I VSIMServiceDaemon: ServiceManager: 0xf0eb61e0
06-13 10:27:14.425   775   775 D com.qualcomm.qti.qseeproxy-daemon: Starting service: com.qualcomm.qti.qseeproxy
06-13 10:27:14.440   775   775 D com.qualcomm.qti.qseeproxy-daemon: QSEEConnector service is now ready
06-13 10:27:14.450   734   734 I cnss_diag: type=1400 audit(0.0:90): avc: denied { search } for name="default" dev="tmpfs" ino=572 scontext=u:r:wcnss_service:s0 tcontext=u:object_r:storage_file:s0 tclass=dir permissive=1
06-13 10:27:14.450   734   734 I cnss_diag: type=1400 audit(0.0:91): avc: denied { read } for name="primary" dev="tmpfs" ino=579 scontext=u:r:wcnss_service:s0 tcontext=u:object_r:storage_file:s0 tclass=lnk_file permissive=1
06-13 10:27:14.450   734   734 I cnss_diag: type=1400 audit(0.0:92): avc: denied { search } for name="user" dev="tmpfs" ino=567 scontext=u:r:wcnss_service:s0 tcontext=u:object_r:mnt_user_file:s0 tclass=dir permissive=1
06-13 10:27:14.459   779   779 I MTServiceDaemon: ServiceManager: 0x7fa60d00c0
06-13 10:27:14.459   779   779 D QSEECOMAPI: QSEECom_get_handle sb_length = 0x2000
06-13 10:27:14.460   779   779 D QSEECOMAPI: App is not loaded in QSEE
06-13 10:27:14.460   779   779 E QSEECOMAPI: Error::Cannot open the file /firmware/image/cardapp.mdt errno = 2
06-13 10:27:14.460   779   779 E QSEECOMAPI: Error::Loading image failed with ret = -1
06-13 10:27:14.460   779   779 D MTService: load app cardapp from /firmware/image fail
06-13 10:27:14.460   779   779 D QSEECOMAPI: QSEECom_get_handle sb_length = 0x2000
06-13 10:27:14.461   779   779 D QSEECOMAPI: App is not loaded in QSEE
06-13 10:27:14.461   779   779 E QSEECOMAPI: Error::Cannot open the file /system/etc/firmware/cardapp.mdt errno = 2
06-13 10:27:14.461   779   779 E QSEECOMAPI: Error::Loading image failed with ret = -1
06-13 10:27:14.461   779   779 D MTService: load app cardapp from /system/etc/firmware fail
06-13 10:27:14.461   779   779 E MTService: Start app fail: -1
06-13 10:27:14.461   779   779 D QSEECOMAPI: QSEECom_dealloc_memory 
06-13 10:27:14.461   779   779 E QSEECOMAPI: Error::Cannot de-alloc memory. priv handle is NULL!!.
06-13 10:27:14.461   779   779 E MTService: get rpmb state fail
06-13 10:27:14.461   779   779 D MTService: emmc is NOT provisioned
06-13 10:27:14.461   779   779 D MTService: try new RPMB check method
06-13 10:27:14.461   779   779 D QSEECOMAPI: QSEECom_get_handle sb_length = 0x4
06-13 10:27:14.464   955   959 E rpmb_emmc: ----------------------------rpmb_emmc_read-----------------------------
06-13 10:27:14.473   750   750 I shelld  : ServiceManager: 0x7fab6d00c0
06-13 10:27:14.540   779   779 D QSEECOMAPI: QSEECom_Send_service_cmd passed
06-13 10:27:14.540   779   779 D QSEECOMAPI: QSEECom_dealloc_memory 
06-13 10:27:14.610   724   724 I Dpps    : static DppsServer *DppsServer::GetInstance(): DppsServer ref count increased to 1
06-13 10:27:14.610   724   724 I Dpps    : AbaContext():18 ABA context instantiation
06-13 10:27:14.610   724   724 I Dpps    : AmbientLightContext():17 AL context instantiation
06-13 10:27:14.611   724   724 I Dpps    : InitFeatureContext():171 Initialize feature context
06-13 10:27:14.611   724   724 I Dpps    : InitContext():80 display fd 4 histogram bins 256  components 1 Lut size 256 panel 0 sensor type 1
06-13 10:27:14.611   724   724 I Dpps    : OpenCommonSysfsFds():345 lcd_bl_event_fd_ is 5
06-13 10:27:14.611   724   724 I Dpps    : OpenCommonSysfsFds():354 blank_event_fd_ is 6
06-13 10:27:14.611   724   724 I Dpps    : OpenCommonSysfsFds():362 lcd_brightness_fd_ is 7
06-13 10:27:14.611   724   724 I Dpps    : InitContext():107 hist_sysfs_fd_ is 9
06-13 10:27:14.611   724   724 I Dpps    : InitContext():180 Context Initialization successfull
06-13 10:27:14.611   724   724 I Dpps    : CreateAbaThread():61 Create ABA thread
06-13 10:27:14.611   724   724 I Dpps    : CreateAbaThread():84 Create ABA thread done ret 0
06-13 10:27:14.611   724   724 I Dpps    : InitContext():69 display_fd 4, panel 0, sensor type 1 display_type 0
06-13 10:27:14.611   724   724 I Dpps    : OpenCommonSysfsFds():345 lcd_bl_event_fd_ is 14
06-13 10:27:14.611   724   724 I Dpps    : OpenCommonSysfsFds():354 blank_event_fd_ is 15
06-13 10:27:14.611   724   724 I Dpps    : OpenCommonSysfsFds():362 lcd_brightness_fd_ is 16
06-13 10:27:14.611   724   724 I Dpps    : SelectLightSensor():468 sensor_type 1
06-13 10:27:14.611   724   724 I Dpps    : SelectLightSensor():471 sensor_type_ 1
06-13 10:27:14.611   724   724 I Dpps    : InitLightSensor():503 sensor_type_ 1
06-13 10:27:14.611   724   724 I Dpps    : InitLightSensor():506 SensorTypeSimulation
06-13 10:27:14.611   724   724 I Dpps    : InitLightSensor():524 light sensor initialization ret 0
06-13 10:27:14.611   724   724 I Dpps    : CreateAmbientLightThread():141 Create AL thread
06-13 10:27:14.643   724  1292 I Dpps    : ProcessAbaThread():253 ABA thread execution started
06-13 10:27:14.655   724   724 I Dpps    : CreateAmbientLightThread():160 Create AL thread done ret 0
06-13 10:27:14.655   724   724 I Dpps    : InitFeatureContext():223 Initialize feature context done ret 0
06-13 10:27:14.660  1289  1289 I mount   : type=1400 audit(0.0:93): avc: denied { search } for name="/" dev="tmpfs" ino=23220 scontext=u:r:mt_daemon:s0 tcontext=u:object_r:tmpfs:s0 tclass=dir permissive=1
06-13 10:27:14.660  1289  1289 I mount   : type=1400 audit(0.0:94): avc: denied { getattr } for path="/cache" dev="mmcblk0p40" ino=2 scontext=u:r:mt_daemon:s0 tcontext=u:object_r:cache_file:s0 tclass=dir permissive=1
06-13 10:27:14.661   724  1295 I Dpps    : ProcessAmbientLightThread():98 AL thread execution started
06-13 10:27:14.663   747   747 D AndroidRuntime: >>>>>> START com.android.internal.os.ZygoteInit uid 0 <<<<<<
06-13 10:27:14.680  1289  1289 I mount   : type=1400 audit(0.0:95): avc: denied { getattr } for path="/dsp" dev="mmcblk0p25" ino=2 scontext=u:r:mt_daemon:s0 tcontext=u:object_r:adsprpcd_file:s0 tclass=dir permissive=1
06-13 10:27:14.680  1289  1289 I mount   : type=1400 audit(0.0:96): avc: denied { getattr } for path="/storage" dev="tmpfs" ino=572 scontext=u:r:mt_daemon:s0 tcontext=u:object_r:storage_file:s0 tclass=dir permissive=1
06-13 10:27:14.680  1289  1289 I mount   : type=1400 audit(0.0:97): avc: denied { read } for name="/" dev="rootfs" ino=2 scontext=u:r:mt_daemon:s0 tcontext=u:object_r:rootfs:s0 tclass=dir permissive=1
06-13 10:27:14.680  1289  1289 I mount   : type=1400 audit(0.0:98): avc: denied { open } for path="/" dev="rootfs" ino=2 scontext=u:r:mt_daemon:s0 tcontext=u:object_r:rootfs:s0 tclass=dir permissive=1
06-13 10:27:14.680  1289  1289 I mount   : type=1400 audit(0.0:99): avc: denied { read } for name="/" dev="tmpfs" ino=15025 scontext=u:r:mt_daemon:s0 tcontext=u:object_r:device:s0 tclass=dir permissive=1
06-13 10:27:14.680  1289  1289 I mount   : type=1400 audit(0.0:100): avc: denied { open } for path="/dev" dev="tmpfs" ino=15025 scontext=u:r:mt_daemon:s0 tcontext=u:object_r:device:s0 tclass=dir permissive=1
06-13 10:27:14.680  1289  1289 I mount   : type=1400 audit(0.0:101): avc: denied { read } for name="block" dev="tmpfs" ino=15691 scontext=u:r:mt_daemon:s0 tcontext=u:object_r:block_device:s0 tclass=dir permissive=1
06-13 10:27:14.680  1289  1289 I mount   : type=1400 audit(0.0:102): avc: denied { open } for path="/dev/block" dev="tmpfs" ino=15691 scontext=u:r:mt_daemon:s0 tcontext=u:object_r:block_device:s0 tclass=dir permissive=1
06-13 10:27:14.695   779   779 D MTService: system partition is tempered, don't generate soter data
06-13 10:27:14.695   779   779 E MTService: generate soter data fail
06-13 10:27:14.695   779   779 D MTService: generate soter data fail
06-13 10:27:14.780   748   748 D AndroidRuntime: >>>>>> START com.android.internal.os.ZygoteInit uid 0 <<<<<<
06-13 10:27:14.793   747   747 D AndroidRuntime: CheckJNI is OFF
06-13 10:27:14.808   747   747 I art     : option[0]=-Xzygote
06-13 10:27:14.808   747   747 I art     : option[1]=-Xstacktracefile:/data/anr/traces.txt
06-13 10:27:14.808   747   747 I art     : option[2]=exit
06-13 10:27:14.808   747   747 I art     : option[3]=vfprintf
06-13 10:27:14.808   747   747 I art     : option[4]=sensitiveThread
06-13 10:27:14.808   747   747 I art     : option[5]=javavmsupervisioncallbacks
06-13 10:27:14.808   747   747 I art     : option[6]=-verbose:gc
06-13 10:27:14.808   747   747 I art     : option[7]=-Xms16m
06-13 10:27:14.808   747   747 I art     : option[8]=-Xmx512m
06-13 10:27:14.808   747   747 I art     : option[9]=-XX:HeapGrowthLimit=192m
06-13 10:27:14.808   747   747 I art     : option[10]=-XX:HeapMinFree=4m
06-13 10:27:14.808   747   747 I art     : option[11]=-XX:HeapMaxFree=8m
06-13 10:27:14.808   747   747 I art     : option[12]=-XX:HeapTargetUtilization=0.75
06-13 10:27:14.808   747   747 I art     : option[13]=-Xusejit:true
06-13 10:27:14.808   747   747 I art     : option[14]=-Xjitsaveprofilinginfo
06-13 10:27:14.808   747   747 I art     : option[15]=-agentlib:jdwp=transport=dt_android_adb,suspend=n,server=y
06-13 10:27:14.808   747   747 I art     : option[16]=-Xlockprofthreshold:500
06-13 10:27:14.808   747   747 I art     : option[17]=-Ximage-compiler-option
06-13 10:27:14.808   747   747 I art     : option[18]=--runtime-arg
06-13 10:27:14.808   747   747 I art     : option[19]=-Ximage-compiler-option
06-13 10:27:14.809   747   747 I art     : option[20]=-Xms64m
06-13 10:27:14.809   747   747 I art     : option[21]=-Ximage-compiler-option
06-13 10:27:14.809   747   747 I art     : option[22]=--runtime-arg
06-13 10:27:14.809   747   747 I art     : option[23]=-Ximage-compiler-option
06-13 10:27:14.809   747   747 I art     : option[24]=-Xmx64m
06-13 10:27:14.809   747   747 I art     : option[25]=-Ximage-compiler-option
06-13 10:27:14.809   747   747 I art     : option[26]=--image-classes=/system/etc/preloaded-classes
06-13 10:27:14.809   747   747 I art     : option[27]=-Ximage-compiler-option
06-13 10:27:14.809   747   747 I art     : option[28]=--compiled-classes=/system/etc/compiled-classes
06-13 10:27:14.809   747   747 I art     : option[29]=-Xcompiler-option
06-13 10:27:14.809   747   747 I art     : option[30]=--runtime-arg
06-13 10:27:14.809   747   747 I art     : option[31]=-Xcompiler-option
06-13 10:27:14.809   747   747 I art     : option[32]=-Xms64m
06-13 10:27:14.809   747   747 I art     : option[33]=-Xcompiler-option
06-13 10:27:14.809   747   747 I art     : option[34]=--runtime-arg
06-13 10:27:14.809   747   747 I art     : option[35]=-Xcompiler-option
06-13 10:27:14.809   747   747 I art     : option[36]=-Xmx512m
06-13 10:27:14.809   747   747 I art     : option[37]=-Xcompiler-option
06-13 10:27:14.809   747   747 I art     : option[38]=-j3
06-13 10:27:14.809   747   747 I art     : option[39]=-Ximage-compiler-option
06-13 10:27:14.809   747   747 I art     : option[40]=--instruction-set-variant=kryo
06-13 10:27:14.809   747   747 I art     : option[41]=-Xcompiler-option
06-13 10:27:14.809   747   747 I art     : option[42]=--instruction-set-variant=kryo
06-13 10:27:14.809   747   747 I art     : option[43]=-Ximage-compiler-option
06-13 10:27:14.809   747   747 I art     : option[44]=--instruction-set-features=default
06-13 10:27:14.809   747   747 I art     : option[45]=-Xcompiler-option
06-13 10:27:14.809   747   747 I art     : option[46]=--instruction-set-features=default
06-13 10:27:14.809   747   747 I art     : option[47]=-Duser.locale=ru-RU
06-13 10:27:14.809   747   747 I art     : option[48]=--cpu-abilist=arm64-v8a
06-13 10:27:14.809   747   747 I art     : option[49]=-Xfingerprint:nubia/NX531J/NX531J:7.0/NRD90M/nubia01121321:user/release-keys
06-13 10:27:14.813   748   748 D AndroidRuntime: CheckJNI is OFF
06-13 10:27:14.813   732   732 E QC-QMI  : qmi_client [-1] QMUXD disabled
06-13 10:27:14.813   732   732 E QC-QMI  : qmi_qmux_if_pwr_up_init_ex:  Initialization failed, rc = -6
06-13 10:27:14.813   732   732 E QMI_FW  : QMUXD: WARNING qmi_qmux_if_pwr_up_init failed! rc=-6
06-13 10:27:14.820   748   748 I art     : option[0]=-Xzygote
06-13 10:27:14.820   748   748 I art     : option[1]=-Xstacktracefile:/data/anr/traces.txt
06-13 10:27:14.820   748   748 I art     : option[2]=exit
06-13 10:27:14.820   748   748 I art     : option[3]=vfprintf
06-13 10:27:14.820   748   748 I art     : option[4]=sensitiveThread
06-13 10:27:14.820   748   748 I art     : option[5]=javavmsupervisioncallbacks
06-13 10:27:14.820   748   748 I art     : option[6]=-verbose:gc
06-13 10:27:14.820   748   748 I art     : option[7]=-Xms16m
06-13 10:27:14.820   748   748 I art     : option[8]=-Xmx512m
06-13 10:27:14.820   748   748 I art     : option[9]=-XX:HeapGrowthLimit=192m
06-13 10:27:14.820   748   748 I art     : option[10]=-XX:HeapMinFree=4m
06-13 10:27:14.820   748   748 I art     : option[11]=-XX:HeapMaxFree=8m
06-13 10:27:14.820   748   748 I art     : option[12]=-XX:HeapTargetUtilization=0.75
06-13 10:27:14.820   748   748 I art     : option[13]=-Xusejit:true
06-13 10:27:14.820   748   748 I art     : option[14]=-Xjitsaveprofilinginfo
06-13 10:27:14.820   748   748 I art     : option[15]=-agentlib:jdwp=transport=dt_android_adb,suspend=n,server=y
06-13 10:27:14.821   748   748 I art     : option[16]=-Xlockprofthreshold:500
06-13 10:27:14.821   748   748 I art     : option[17]=-Ximage-compiler-option
06-13 10:27:14.821   748   748 I art     : option[18]=--runtime-arg
06-13 10:27:14.821   748   748 I art     : option[19]=-Ximage-compiler-option
06-13 10:27:14.821   748   748 I art     : option[20]=-Xms64m
06-13 10:27:14.821   748   748 I art     : option[21]=-Ximage-compiler-option
06-13 10:27:14.821   748   748 I art     : option[22]=--runtime-arg
06-13 10:27:14.821   748   748 I art     : option[23]=-Ximage-compiler-option
06-13 10:27:14.821   748   748 I art     : option[24]=-Xmx64m
06-13 10:27:14.821   748   748 I art     : option[25]=-Ximage-compiler-option
06-13 10:27:14.821   748   748 I art     : option[26]=--image-classes=/system/etc/preloaded-classes
06-13 10:27:14.821   748   748 I art     : option[27]=-Ximage-compiler-option
06-13 10:27:14.821   748   748 I art     : option[28]=--compiled-classes=/system/etc/compiled-classes
06-13 10:27:14.821   748   748 I art     : option[29]=-Xcompiler-option
06-13 10:27:14.821   748   748 I art     : option[30]=--runtime-arg
06-13 10:27:14.821   748   748 I art     : option[31]=-Xcompiler-option
06-13 10:27:14.821   748   748 I art     : option[32]=-Xms64m
06-13 10:27:14.821   748   748 I art     : option[33]=-Xcompiler-option
06-13 10:27:14.821   748   748 I art     : option[34]=--runtime-arg
06-13 10:27:14.821   748   748 I art     : option[35]=-Xcompiler-option
06-13 10:27:14.821   748   748 I art     : option[36]=-Xmx512m
06-13 10:27:14.821   748   748 I art     : option[37]=-Xcompiler-option
06-13 10:27:14.821   748   748 I art     : option[38]=-j3
06-13 10:27:14.821   748   748 I art     : option[39]=-Ximage-compiler-option
06-13 10:27:14.821   748   748 I art     : option[40]=--instruction-set-variant=cortex-a53
06-13 10:27:14.821   748   748 I art     : option[41]=-Xcompiler-option
