06-13 10:27:17.722  1529  1651 D Diag_Lib: [IMS_DEBUG]| 1035 | 1651 |qpdpl:Initialize - qpDataDaemon_ipc_init Success
06-13 10:27:17.722  1529  1651 D Diag_Lib: [IMS_DEBUG]| 1458 | 1651 |qpWaitForModemLL : Enter
06-13 10:27:17.722  1529  1651 D Diag_Lib: [IMS_DEBUG]| 823 | 1651 |datad_select_fd : Enter : fd 10
06-13 10:27:17.722  1529  1651 D Diag_Lib: [IMS_DEBUG]| 168 | 1651 |clientThreadHandler_ipc : client thread created
06-13 10:27:17.722  1529  1651 D Diag_Lib: [IMS_DEBUG]| 182 | 1651 |clientThreadHandler_ipc : waiting to read
06-13 10:27:17.722  1529  1651 D Diag_Lib: [IMS_DEBUG]| 201 | 1651 |clientThreadHandler_ipc : Received a buffer of size 72
06-13 10:27:17.722  1529  1651 D Diag_Lib: [IMS_DEBUG]| 208 | 1651 |clientThreadHandler_ipc : msg.ipc_request_id is 5
06-13 10:27:17.722  1529  1651 D Diag_Lib: [IMS_DEBUG]| 439 | 1651 |clientThreadHandler_ipc : DATAD_MODEMLL : receive_msg->length 60
06-13 10:27:17.722  1529  1651 D Diag_Lib: [IMS_DEBUG]| 457 | 1651 |clientThreadHandler_ipc : DATAD_MODEMLL: pMsg_resp->ipaddress fe80::8c1:82f5:2c3f:b086
06-13 10:27:17.722  1529  1651 D Diag_Lib: [IMS_DEBUG]| 662 | 1651 |Datad_SocketHandler_ipc : Len 72, Bytes Consumed [72], Bytes Remaining [0]
06-13 10:27:17.722  1529  1651 D Diag_Lib: [IMS_DEBUG]| 831 | 1651 |datad_select_fd : clientThreadHandler_ipc retrun 0
06-13 10:27:17.722  1529  1651 D Diag_Lib: [IMS_DEBUG]| 1046 | 1651 |qpdpl:Initialize - qpWaitForModemLL Success
06-13 10:27:17.722  1529  1651 D Diag_Lib: [IMS_DEBUG]| 333 | 1651 |qpHandShakeDataInit | Entry
06-13 10:27:17.722  1529  1651 D Diag_Lib: [IMS_DEBUG]| 859 | 1651 |qpDataD_ipc_get_handle : Enter
06-13 10:27:17.722  1529  1651 D Diag_Lib: [IMS_DEBUG]| 908 | 1651 |qpDataD_ipc_get_handle : pProfileInfo->pdpInfo.apn_type 7
06-13 10:27:17.722  1529  1651 D Diag_Lib: [IMS_DEBUG]| 909 | 1651 |qpDataD_ipc_get_handle : pProfileInfo->pdpInfo.rat_type 0
06-13 10:27:17.722  1529  1651 D Diag_Lib: [IMS_DEBUG]| 910 | 1651 |qpDataD_ipc_get_handle : pProfileInfo->pdpInfo.family_type 2
06-13 10:27:17.722  1529  1651 D Diag_Lib: [IMS_DEBUG]| 911 | 1651 |qpDataD_ipc_get_handle : pProfileInfo->pdpInfo.profile_num 0
06-13 10:27:17.722  1529  1651 D Diag_Lib: [IMS_DEBUG]| 912 | 1651 |qpDataD_ipc_get_handle : pProfileInfo->pdpInfo.apn_name 
06-13 10:27:17.722  1529  1651 D Diag_Lib: [IMS_DEBUG]| 928 | 1651 |qpDataD_ipc_get_handle : Bytes Written 129
06-13 10:27:17.722  1529  1651 D Diag_Lib: [IMS_DEBUG]| 823 | 1651 |datad_select_fd : Enter : fd 10
06-13 10:27:17.722  1529  1651 D Diag_Lib: [IMS_DEBUG]| 168 | 1651 |clientThreadHandler_ipc : client thread created
06-13 10:27:17.722  1529  1651 D Diag_Lib: [IMS_DEBUG]| 182 | 1651 |clientThreadHandler_ipc : waiting to read
06-13 10:27:17.738  1116  1116 E QC-QMI  : qmi_client [-1] QMUXD disabled
06-13 10:27:17.738  1116  1116 E QC-QMI  : qmi_qmux_if_pwr_up_init_ex:  Initialization failed, rc = -6
06-13 10:27:17.738  1116  1116 E QMI_FW  : QMUXD: WARNING qmi_qmux_if_pwr_up_init failed! rc=-6
06-13 10:27:17.742   747   747 I Zygote  : ...preloaded 86 resources in 174ms.
06-13 10:27:17.744   748   748 I Zygote  : ...preloaded 86 resources in 175ms.
06-13 10:27:17.821   747   747 I ZygoteInitInjector: ...preloaded 135 miui sdk resources in 78ms.
06-13 10:27:17.845   748   748 I ZygoteInitInjector: ...preloaded 135 miui sdk resources in 101ms.
06-13 10:27:17.850   747   747 I main    : type=1400 audit(0.0:110): avc: denied { getattr } for path="/mnt/expand" dev="tmpfs" ino=569 scontext=u:r:zygote:s0 tcontext=u:object_r:mnt_expand_file:s0 tclass=dir permissive=1
06-13 10:27:17.856   747   747 V BoostFramework: mAcquireFunc method = public int com.qualcomm.qti.Performance.perfLockAcquire(int,int[])
06-13 10:27:17.856   747   747 V BoostFramework: mReleaseFunc method = public int com.qualcomm.qti.Performance.perfLockRelease()
06-13 10:27:17.856   747   747 V BoostFramework: mAcquireTouchFunc method = public int com.qualcomm.qti.Performance.perfLockAcquireTouch(android.view.MotionEvent,android.util.DisplayMetrics,int,int[])
06-13 10:27:17.856   747   747 V BoostFramework: mIOPStart method = public int com.qualcomm.qti.Performance.perfIOPrefetchStart(int,java.lang.String)
06-13 10:27:17.856   747   747 V BoostFramework: mIOPStop method = public int com.qualcomm.qti.Performance.perfIOPrefetchStop()
06-13 10:27:17.857   748   748 V BoostFramework: mAcquireFunc method = public int com.qualcomm.qti.Performance.perfLockAcquire(int,int[])
06-13 10:27:17.857   748   748 V BoostFramework: mReleaseFunc method = public int com.qualcomm.qti.Performance.perfLockRelease()
06-13 10:27:17.857   748   748 V BoostFramework: mAcquireTouchFunc method = public int com.qualcomm.qti.Performance.perfLockAcquireTouch(android.view.MotionEvent,android.util.DisplayMetrics,int,int[])
06-13 10:27:17.858   747   747 V BoostFramework: BoostFramework() : mPerf = com.qualcomm.qti.Performance@c0470f6
06-13 10:27:17.858   747   747 D ZygoteInitInjector: preload BoostFramework succeed.
06-13 10:27:17.858   748   748 V BoostFramework: mIOPStart method = public int com.qualcomm.qti.Performance.perfIOPrefetchStart(int,java.lang.String)
06-13 10:27:17.858   748   748 V BoostFramework: mIOPStop method = public int com.qualcomm.qti.Performance.perfIOPrefetchStop()
06-13 10:27:17.858   747   747 I ZygoteInitInjector: Preloading classes...
06-13 10:27:17.860   748   748 V BoostFramework: BoostFramework() : mPerf = com.qualcomm.qti.Performance@17c87b8
06-13 10:27:17.860   748   748 D ZygoteInitInjector: preload BoostFramework succeed.
06-13 10:27:17.860   748   748 I ZygoteInitInjector: Preloading classes...
06-13 10:27:17.866   747   747 I         : ARTPROXY OFFSET: method_entry_offset = 48
06-13 10:27:17.866   747   747 I         : ARTPROXY OFFSET: managed_stack_size = 24
06-13 10:27:17.866   747   747 I         : ARTPROXY OFFSET: thread_deliver_exception_entry_offset = 1240
06-13 10:27:17.866   747   747 I         : ARTPROXY OFFSET: thread_exception_offset = 136
06-13 10:27:17.866   747   747 I         : ARTPROXY OFFSET: method_code_size_offset = 4
06-13 10:27:17.866   747   747 I         : ARTPROXY OFFSET: oat_quick_method_header_size = 20
06-13 10:27:17.866   747   747 I         : ARTPROXY Hook JIT, pOldCompileMethod = 0x7fa71e0388
06-13 10:27:17.869   748   748 I         : ARTPROXY OFFSET: method_entry_offset = 32
06-13 10:27:17.869   748   748 I         : ARTPROXY OFFSET: managed_stack_size = 12
06-13 10:27:17.869   748   748 I         : ARTPROXY OFFSET: thread_deliver_exception_entry_offset = 684
06-13 10:27:17.869   748   748 I         : ARTPROXY OFFSET: thread_exception_offset = 132
06-13 10:27:17.869   748   748 I         : ARTPROXY OFFSET: method_code_size_offset = 4
06-13 10:27:17.869   748   748 I         : ARTPROXY OFFSET: oat_quick_method_header_size = 20
06-13 10:27:17.870   748   748 I         : ARTPROXY Hook JIT, pOldCompileMethod = 0xe95ec38d
06-13 10:27:17.884   747   747 I ZygoteInitInjector: ...preloaded 32 classes in 26ms.
06-13 10:27:17.885   747   747 I art     : VMRuntime.preloadDexCaches starting
06-13 10:27:17.916   748   748 I ZygoteInitInjector: ...preloaded 32 classes in 56ms.
06-13 10:27:17.916   748   748 I art     : VMRuntime.preloadDexCaches starting
06-13 10:27:17.932   747   747 I art     : VMRuntime.preloadDexCaches strings total=343093 before=37791 after=37791
06-13 10:27:17.932   747   747 I art     : VMRuntime.preloadDexCaches types total=29462 before=9341 after=9443
06-13 10:27:17.932   747   747 I art     : VMRuntime.preloadDexCaches fields total=136417 before=43464 after=43711
06-13 10:27:17.932   747   747 I art     : VMRuntime.preloadDexCaches methods total=230505 before=87980 after=89686
06-13 10:27:17.932   747   747 I art     : VMRuntime.preloadDexCaches finished
06-13 10:27:17.932   747   747 I Zygote  : ...preloaded 0 resources in 0ms.
06-13 10:27:17.933   747   747 D libEGL  : loaded /vendor/lib64/egl/libEGL_adreno.so
06-13 10:27:17.944   747   747 D libEGL  : loaded /vendor/lib64/egl/libGLESv1_CM_adreno.so
06-13 10:27:17.954   747   747 D libEGL  : loaded /vendor/lib64/egl/libGLESv2_adreno.so
06-13 10:27:17.964   747   747 E HAL     : PATH3 /odm/lib64/hw/gralloc.qcom.so
06-13 10:27:17.964   747   747 E HAL     : PATH2 /vendor/lib64/hw/gralloc.qcom.so
06-13 10:27:17.964   747   747 E HAL     : PATH1 /system/lib64/hw/gralloc.qcom.so
06-13 10:27:17.964   747   747 E HAL     : PATH3 /odm/lib64/hw/gralloc.QC_Reference_Phone.so
06-13 10:27:17.964   747   747 E HAL     : PATH2 /vendor/lib64/hw/gralloc.QC_Reference_Phone.so
06-13 10:27:17.964   747   747 E HAL     : PATH1 /system/lib64/hw/gralloc.QC_Reference_Phone.so
06-13 10:27:17.964   747   747 E HAL     : PATH3 /odm/lib64/hw/gralloc.msm8996.so
06-13 10:27:17.964   747   747 E HAL     : PATH2 /vendor/lib64/hw/gralloc.msm8996.so
06-13 10:27:17.964   747   747 E HAL     : PATH1 /system/lib64/hw/gralloc.msm8996.so
06-13 10:27:17.966   747   747 I Zygote  : Preloading shared libraries...
06-13 10:27:17.967  1109  1379 E QC-QMI  : qmi_client [-1] QMUXD disabled
06-13 10:27:17.967  1109  1379 E QC-QMI  : qmi_qmux_if_pwr_up_init_ex:  Initialization failed, rc = -6
06-13 10:27:17.967  1109  1379 E QMI_FW  : QMUXD: WARNING qmi_qmux_if_pwr_up_init failed! rc=-6
06-13 10:27:17.993   747   747 I Zygote  : Uninstalled ICU cache reference pinning...
06-13 10:27:17.998   747   747 I Zygote  : Installed AndroidKeyStoreProvider in 5ms.
06-13 10:27:18.014   747   747 I Zygote  : Warmed up JCA providers in 16ms.
06-13 10:27:18.014   747   747 D Zygote  : end preload
06-13 10:27:18.014   747   747 I art     : Starting a blocking GC Explicit
06-13 10:27:18.018   767  1121 V libsettings: [461]> static std::shared_ptr<CommandRegistry> QcSettingsD::CommandRegistry::getRegistry(const std::string &): remote
06-13 10:27:18.018   767  1121 V libsettings: [461]< static std::shared_ptr<CommandRegistry> QcSettingsD::CommandRegistry::getRegistry(const std::string &): 
06-13 10:27:18.023   748   748 I art     : VMRuntime.preloadDexCaches strings total=343093 before=37791 after=37791
06-13 10:27:18.023   748   748 I art     : VMRuntime.preloadDexCaches types total=29462 before=9341 after=9443
06-13 10:27:18.023   748   748 I art     : VMRuntime.preloadDexCaches fields total=136417 before=43464 after=43711
06-13 10:27:18.023   748   748 I art     : VMRuntime.preloadDexCaches methods total=230505 before=87980 after=89686
06-13 10:27:18.023   748   748 I art     : VMRuntime.preloadDexCaches finished
06-13 10:27:18.023   748   748 I Zygote  : ...preloaded 0 resources in 0ms.
06-13 10:27:18.025   747   747 I art     : Explicit concurrent mark sweep GC freed 13001(694KB) AllocSpace objects, 0(0B) LOS objects, 40% free, 14MB/23MB, paused 152us total 11.066ms
06-13 10:27:18.027   747   747 I art     : Starting a blocking GC Explicit
06-13 10:27:18.031   748   748 D libEGL  : loaded /vendor/lib/egl/libEGL_adreno.so
06-13 10:27:18.034   747   747 I art     : Explicit concurrent mark sweep GC freed 828(26KB) AllocSpace objects, 0(0B) LOS objects, 39% free, 14MB/23MB, paused 74us total 6.959ms
06-13 10:27:18.035   747  1354 I art     : Starting a blocking GC HeapTrim
06-13 10:27:18.045   747   747 I art     : Starting a blocking GC Background
06-13 10:27:18.081   747   747 I Zygote  : System server process 1748 has been created
06-13 10:27:18.082   747   747 I Zygote  : Accepting command socket connections
06-13 10:27:18.113   748   748 D libEGL  : loaded /vendor/lib/egl/libGLESv1_CM_adreno.so
06-13 10:27:18.115  1200  1249 E slim_daemon: [NDK] bindNDKSensors: Sensor server is unavailable.
06-13 10:27:18.133   748   748 D libEGL  : loaded /vendor/lib/egl/libGLESv2_adreno.so
06-13 10:27:18.148   748   748 E HAL     : PATH3 /odm/lib/hw/gralloc.qcom.so
06-13 10:27:18.148   748   748 E HAL     : PATH2 /vendor/lib/hw/gralloc.qcom.so
06-13 10:27:18.148   748   748 E HAL     : PATH1 /system/lib/hw/gralloc.qcom.so
06-13 10:27:18.148   748   748 E HAL     : PATH3 /odm/lib/hw/gralloc.QC_Reference_Phone.so
06-13 10:27:18.148   748   748 E HAL     : PATH2 /vendor/lib/hw/gralloc.QC_Reference_Phone.so
06-13 10:27:18.148   748   748 E HAL     : PATH1 /system/lib/hw/gralloc.QC_Reference_Phone.so
06-13 10:27:18.148   748   748 E HAL     : PATH3 /odm/lib/hw/gralloc.msm8996.so
06-13 10:27:18.148   748   748 E HAL     : PATH2 /vendor/lib/hw/gralloc.msm8996.so
06-13 10:27:18.148   748   748 E HAL     : PATH1 /system/lib/hw/gralloc.msm8996.so
06-13 10:27:18.153   748   748 I Zygote  : Preloading shared libraries...
06-13 10:27:18.170   748   748 I Zygote  : Uninstalled ICU cache reference pinning...
06-13 10:27:18.174   748   748 I Zygote  : Installed AndroidKeyStoreProvider in 4ms.
06-13 10:27:18.188   748   748 I Zygote  : Warmed up JCA providers in 14ms.
06-13 10:27:18.188   748   748 D Zygote  : end preload
06-13 10:27:18.188   748   748 I art     : Starting a blocking GC Explicit
06-13 10:27:18.199   748   748 I art     : Explicit concurrent mark sweep GC freed 13096(665KB) AllocSpace objects, 0(0B) LOS objects, 40% free, 13MB/23MB, paused 147us total 10.462ms
06-13 10:27:18.199   748   748 I art     : Starting a blocking GC Explicit
06-13 10:27:18.209   748   748 I art     : Explicit concurrent mark sweep GC freed 807(25KB) AllocSpace objects, 0(0B) LOS objects, 39% free, 13MB/23MB, paused 145us total 9.116ms
06-13 10:27:18.209   748   748 I Zygote  : Accepting command socket connections
06-13 10:27:18.217  1748  1748 I chatty  : uid=1000 system_server expire 114 lines
06-13 10:27:18.218  1748  1748 I InstallerConnection: connecting...
06-13 10:27:18.218   760   760 I         : new connection
06-13 10:27:18.234  1748  1748 I InstallerConnection: disconnecting...
06-13 10:27:18.234   760   760 E         : eof
06-13 10:27:18.234   760   760 E         : failed to read size
06-13 10:27:18.234   760   760 I         : closing connection
06-13 10:27:18.270  1748  1748 I SystemServer: Entered the Android system server!
06-13 10:27:18.399  1748  1748 I SystemServiceManager: Starting com.android.server.pm.Installer
06-13 10:27:18.405  1748  1748 I Installer: Waiting for installd to be ready.
06-13 10:27:18.406  1748  1748 I InstallerConnection: connecting...
06-13 10:27:18.406   760   760 I         : new connection
06-13 10:27:18.406  1748  1748 I SystemServiceManager: Starting com.android.server.am.ActivityManagerService$Lifecycle
06-13 10:27:18.424  1748  1748 I ActivityManager: Memory class: 192
06-13 10:27:18.434   774   774 I Atfwd_Daemon: qmi_client_init_instance status retry : 2
06-13 10:27:18.434   774   774 I Atfwd_Daemon: 
06-13 10:27:18.434   774   774 I Atfwd_Daemon:  qmi_client_init_instance....
06-13 10:27:18.434   774   774 I Atfwd_Daemon: qmi_client_init_instance status: 0, num_retries: 3, retryCnt: 2
06-13 10:27:18.434   774   774 I Atfwd_Daemon: qmi_client_register_error_cb status: 0
06-13 10:27:18.434   774   774 I Atfwd_Daemon: result : 0 	 ,Init step :1 	 ,qmiErrorCode: 0
06-13 10:27:18.434   774   774 I Atfwd_Daemon: 
06-13 10:27:18.434   774   774 I Atfwd_Daemon:  Back to main.
06-13 10:27:18.434   774   774 I Atfwd_Daemon:  tryinit complete with connectresult: 0
06-13 10:27:18.434   774   774 I Atfwd_Daemon: 
06-13 10:27:18.434   774   774 I Atfwd_Daemon: 
06-13 10:27:18.434   774   774 I Atfwd_Daemon:  TrtyInit: retryCnt: 1
06-13 10:27:18.435   774   774 I ServiceManager: Waiting for service AtCmdFwd...
06-13 10:27:18.440   756   756 I ServiceManager: Waiting for service media.camera.proxy...
06-13 10:27:18.470  1748  1748 D BatteryStatsImpl: Reading daily items from /data/system/batterystats-daily.xml
06-13 10:27:18.484   767  1121 V libsettings: [461]> static std::shared_ptr<CommandRegistry> QcSettingsD::CommandRegistry::getRegistry(const std::string &): remote
06-13 10:27:18.484   767  1121 V libsettings: [461]< static std::shared_ptr<CommandRegistry> QcSettingsD::CommandRegistry::getRegistry(const std::string &): 
06-13 10:27:18.485   767  1121 V libsettings: [461]> static std::shared_ptr<CommandRegistry> QcSettingsD::CommandRegistry::getRegistry(const std::string &): remote
06-13 10:27:18.485   767  1121 V libsettings: [461]< static std::shared_ptr<CommandRegistry> QcSettingsD::CommandRegistry::getRegistry(const std::string &): 
06-13 10:27:18.565  1748  1748 I IntentFirewall: Read new rules (A:0 B:0 S:0)
06-13 10:27:18.579  1748  1748 D AppOps  : AppOpsService published
06-13 10:27:18.579  1748  1748 I SystemServiceManager: Starting com.android.server.power.PowerManagerService
06-13 10:27:18.593  1748  1748 I SystemServiceManager: Starting com.android.server.lights.MiuiLightsService
06-13 10:27:18.598  1748  1748 I SystemServiceManager: Starting com.android.server.display.DisplayManagerService
06-13 10:27:18.601  1748  1748 I SystemServiceManager: Starting phase 100
06-13 10:27:18.607  1748  1872 I DisplayManagerService: Display device added: DisplayDeviceInfo{"Ð’ÑÑ‚Ñ€Ð¾ÐµÐ½Ð½Ñ‹Ð¹ ÑÐºÑ€Ð°Ð½": uniqueId="local:0", 1080 x 1920, modeId 1, defaultModeId 1, supportedModes [{id=1, width=1080, height=1920, fps=60.000004}], colorTransformId 1, defaultColorTransformId 1, supportedColorTransforms [{id=1, colorTransform=0}], HdrCapabilities android.view.Display$HdrCapabilities@763b9a4, density 480, 403.411 x 403.041 dpi, appVsyncOff 0, presDeadline 17666666, touch INTERNAL, rotation 0, type BUILT_IN, state UNKNOWN, FLAG_DEFAULT_DISPLAY, FLAG_ROTATES_WITH_CONTENT, FLAG_SECURE, FLAG_SUPPORTS_PROTECTED_BUFFERS}
06-13 10:27:18.609  1748  1872 D LocalDisplayAdapter: setDisplayState(id=0, state=ON)
06-13 10:27:18.609   713   713 D SurfaceFlinger: Set power mode=2, type=0 flinger=0x7f84c48f40
06-13 10:27:18.609   713   713 D SurfaceFlinger: Screen type=0 is already mode=2
06-13 10:27:18.610  1748  1748 I SystemServiceManager: Starting phase 100 done
06-13 10:27:18.611  1748  1872 I DisplayManagerService: Display device changed state: "Ð’ÑÑ‚Ñ€Ð¾ÐµÐ½Ð½Ñ‹Ð¹ ÑÐºÑ€Ð°Ð½", ON
06-13 10:27:18.638  1748  1748 I SystemServer: StartPackageManagerService
06-13 10:27:18.712  1748  1748 D SELinuxMMAC: Using policy file /system/etc/security/mac_permissions.xml
06-13 10:27:18.764   767  1121 V libsettings: [461]> static std::shared_ptr<CommandRegistry> QcSettingsD::CommandRegistry::getRegistry(const std::string &): remote
06-13 10:27:18.764   767  1121 V libsettings: [461]< static std::shared_ptr<CommandRegistry> QcSettingsD::CommandRegistry::getRegistry(const std::string &): 
06-13 10:27:18.947  1529  1651 D Diag_Lib: [IMS_DEBUG]| 201 | 1651 |clientThreadHandler_ipc : Received a buffer of size 28
06-13 10:27:18.948  1529  1651 D Diag_Lib: [IMS_DEBUG]| 208 | 1651 |clientThreadHandler_ipc : msg.ipc_request_id is 0
06-13 10:27:18.948  1529  1651 D Diag_Lib: [IMS_DEBUG]| 216 | 1651 |clientThreadHandler_ipc : DATAD_GET_HANDLE
06-13 10:27:18.948  1529  1651 D Diag_Lib: [IMS_DEBUG]| 662 | 1651 |Datad_SocketHandler_ipc : Len 28, Bytes Consumed [28], Bytes Remaining [0]
06-13 10:27:18.948  1529  1651 D Diag_Lib: [IMS_DEBUG]| 831 | 1651 |datad_select_fd : clientThreadHandler_ipc retrun 0
06-13 10:27:18.948  1529  1651 D Diag_Lib: [IMS_DEBUG]| 942 | 1651 |qpDataD_ipc_get_handle : Exit success with --AppID 20--
06-13 10:27:18.948  1529  1651 D Diag_Lib: [IMS_DEBUG]| 1187 | 1651 |qpDataD_ipc_startService : Enter
06-13 10:27:18.948  1529  1651 D Diag_Lib: [IMS_DEBUG]| 1091 | 1651 |datad_send_ipc_request : Enter
06-13 10:27:18.948  1529  1651 D Diag_Lib: [IMS_DEBUG]| 1100 | 1651 |datad_send_ipc_request : App ID match found at 0
06-13 10:27:18.948  1529  1651 D Diag_Lib: [IMS_DEBUG]| 1141 | 1651 |datad_send_ipc_request : Send 2 bytes 29
06-13 10:27:18.948  1529  1651 D Diag_Lib: [IMS_DEBUG]| 823 | 1651 |datad_select_fd : Enter : fd 10
06-13 10:27:18.948  1529  1651 D Diag_Lib: [IMS_DEBUG]| 168 | 1651 |clientThreadHandler_ipc : client thread created
06-13 10:27:18.948  1529  1651 D Diag_Lib: [IMS_DEBUG]| 182 | 1651 |clientThreadHandler_ipc : waiting to read
06-13 10:27:18.962  1529  1651 D Diag_Lib: [IMS_DEBUG]| 201 | 1651 |clientThreadHandler_ipc : Received a buffer of size 28
06-13 10:27:18.962  1529  1651 D Diag_Lib: [IMS_DEBUG]| 208 | 1651 |clientThreadHandler_ipc : msg.ipc_request_id is 1
06-13 10:27:18.962  1529  1651 D Diag_Lib: [IMS_DEBUG]| 239 | 1651 |clientThreadHandler_ipc : DATAD_START_SERVICE
06-13 10:27:18.962  1529  1651 D Diag_Lib: [IMS_DEBUG]| 662 | 1651 |Datad_SocketHandler_ipc : Len 28, Bytes Consumed [28], Bytes Remaining [0]
06-13 10:27:18.962  1529  1651 D Diag_Lib: [IMS_DEBUG]| 831 | 1651 |datad_select_fd : clientThreadHandler_ipc retrun 0
06-13 10:27:18.962  1529  1651 D Diag_Lib: [IMS_DEBUG]| 1159 | 1651 |datad_send_ipc_request : Return with success
06-13 10:27:18.962  1529  1651 E Diag_Lib: [IMS_ERROR]| 1205 | 1651 |qpDataD_ipc_startService : Success
06-13 10:27:18.962  1529  1651 D Diag_Lib: [IMS_DEBUG]| 204 | 1651 |qpActivateLinkLocal | Waiting on Sem for event from Datadaemon
06-13 10:27:18.963  1529  1651 D Diag_Lib: [IMS_DEBUG]| 823 | 1651 |datad_select_fd : Enter : fd 10
06-13 10:27:18.963  1529  1651 D Diag_Lib: [IMS_DEBUG]| 168 | 1651 |clientThreadHandler_ipc : client thread created
06-13 10:27:18.963  1529  1651 D Diag_Lib: [IMS_DEBUG]| 182 | 1651 |clientThreadHandler_ipc : waiting to read
06-13 10:27:18.972   769   769 I cnss-daemon: RTM_NEWROUTE Indication
06-13 10:27:18.972   769   769 I cnss-daemon: RTM_NEWROUTE Indication
06-13 10:27:18.972   769   769 I cnss-daemon: RTM_NEWROUTE Indication
06-13 10:27:18.977   769   769 I cnss-daemon: RTM_NEWROUTE Indication
06-13 10:27:19.014  1118  1197 D BootAnimation: Use save memory method, maybe small fps in actual.
06-13 10:27:19.049  1529  1651 D Diag_Lib: [IMS_DEBUG]| 201 | 1651 |clientThreadHandler_ipc : Received a buffer of size 108
06-13 10:27:19.049  1529  1651 D Diag_Lib: [IMS_DEBUG]| 208 | 1651 |clientThreadHandler_ipc : msg.ipc_request_id is 4
06-13 10:27:19.049  1529  1651 D Diag_Lib: [IMS_DEBUG]| 304 | 1651 |clientThreadHandler_ipc : DATAD_EVENT
06-13 10:27:19.049  1529  1651 D Diag_Lib: [IMS_DEBUG]| 327 | 1651 |clientThreadHandler_ipc : DATAD_EVENT : eCS_ENETISCONN
06-13 10:27:19.049  1529  1651 D Diag_Lib: [IMS_DEBUG]| 344 | 1651 |clientThreadHandler_ipc : DATAD_EVENT : eCS_ENETISCONN : pMsg_resp->iFaceName rmnet_data7, pMsg_resp->ipaddress fe80::41ce:3dfd:ab3:b825
06-13 10:27:19.049  1529  1651 D Diag_Lib: [IMS_DEBUG]| 345 | 1651 |clientThreadHandler_ipc : DATAD_EVENT : eCS_ENETISCONN : pDataD_IPC_Handle->ipc_record[count].iFace rmnet_data7, pDataD_IPC_Handle->ipc_record[count].ipaddr fe80::41ce:3dfd:ab3:b825
06-13 10:27:19.049  1529  1651 D Diag_Lib: [IMS_DEBUG]| 126 | 1651 |qpDplHandshakeNetEventCb | eEvent 2
06-13 10:27:19.049  1529  1651 E Diag_Lib: [IMS_ERROR]| 1315 | 1651 |qpDataD_ipc_getIpAddress : Enter
06-13 10:27:19.049  1529  1651 D Diag_Lib: [IMS_DEBUG]| 1328 | 1651 |qpDataD_ipc_getIpAddress : App ID match found at 0
06-13 10:27:19.049  1529  1651 E Diag_Lib: [IMS_ERROR]| 1357 | 1651 |qpDataD_ipc_getIpAddress : IPV6 case. ip fe80::41ce:3dfd:ab3:b825
06-13 10:27:19.049  1529  1651 D Diag_Lib: [IMS_DEBUG]| 1362 | 1651 |qpDataD_ipc_getIpAddress : inet_pton success
06-13 10:27:19.049  1529  1651 D Diag_Lib: [IMS_DEBUG]| 1411 | 1651 |qpDataD_ipc_getIFaceName : App ID match found at 0
06-13 10:27:19.049  1529  1651 D Diag_Lib: [IMS_DEBUG]| 149 | 1651 |qpDplHandshakeNetEventCb | IP address is fe80::41ce:3dfd:ab3:b825
06-13 10:27:19.049  1529  1651 D Diag_Lib: [IMS_DEBUG]| 662 | 1651 |Datad_SocketHandler_ipc : Len 108, Bytes Consumed [108], Bytes Remaining [0]
06-13 10:27:19.049  1529  1651 D Diag_Lib: [IMS_DEBUG]| 831 | 1651 |datad_select_fd : clientThreadHandler_ipc retrun 0
06-13 10:27:19.049  1529  1651 D Diag_Lib: [IMS_DEBUG]| 226 | 1651 |qpActivateLinkLocal | return with success
06-13 10:27:19.050  1529  1651 D Diag_Lib: [IMS_DEBUG]| 3469 | 1651 |qpDplInetPton: For IPV6 Success
06-13 10:27:19.050  1529  1651 D Diag_Lib: [IMS_DEBUG]| 350 | 1651 |qpHandShakeDataInit: calling qpDplNetOpen
06-13 10:27:19.050  1529  1651 D Diag_Lib: [IMS_DEBUG]| 360 | 1651 |qpHandShakeDataInit: setting scope ID to 13
06-13 10:27:19.050  1529  1651 D Diag_Lib: [IMS_DEBUG]| 365 | 1651 |qpHandShakeDataInit  : ipv6 address is fe80::41ce:3dfd:ab3:b825
06-13 10:27:19.050  1529  1651 D Diag_Lib: [IMS_DEBUG]| 394 | 1651 |[IMS_DEBUG]****qpHandShakeDataInit: SO_RCVBUF size is 229376
06-13 10:27:19.050  1529  1651 D Diag_Lib: [IMS_DEBUG]| 397 | 1651 |qpHandShakeDataInit: Setting SO_RCVBUF to double of 458752 ..
06-13 10:27:19.050  1529  1651 D Diag_Lib: [IMS_DEBUG]| 408 | 1651 |[IMS_DEBUG]****qpHandShakeDataInit: SO_RCVBUF size is 917504
06-13 10:27:19.050  1529  1651 D Diag_Lib: [IMS_DEBUG]| 412 | 1651 |qpHandShakeDataInit:: IP Address: fe80::41ce:3dfd:ab3:b825
06-13 10:27:19.050  1529  1651 D Diag_Lib: [IMS_DEBUG]| 413 | 1651 |qpHandShakeDataInit:: Port : 46796
06-13 10:27:19.050  1529  1651 D Diag_Lib: [IMS_DEBUG]| 1055 | 1651 |qpdpl:Initialize - qpHandShakeDataInit Success
06-13 10:27:19.050  1529  1651 D Diag_Lib: [IMS_DEBUG]| 2053 | 1651 |qpHandshakeSendUserAgent : Sending Userdata string
06-13 10:27:19.050  1529  1651 D Diag_Lib: [IMS_DEBUG]| 2061 | 1651 |qpHandshakeSendUserAgent : Index 0, Reading Prop - [ro.fota.oem]
06-13 10:27:19.050  1529  1651 D Diag_Lib: [IMS_DEBUG]| 2074 | 1651 |qpHandshakeSendUserAgent : [ro.fota.oem] = [Xiaomi]
06-13 10:27:19.050  1529  1651 D Diag_Lib: [IMS_DEBUG]| 2079 | 1651 |qpHandshakeSendUserAgent : Allocating pUserDataString for 7 bytes
06-13 10:27:19.050  1529  1651 D Diag_Lib: [IMS_DEBUG]| 2110 | 1651 |qpHandshakeSendUserAgent :  pUserDataString -  [Xiaomi]
06-13 10:27:19.050  1529  1651 D Diag_Lib: [IMS_DEBUG]| 2061 | 1651 |qpHandshakeSendUserAgent : Index 1, Reading Prop - [ro.product.model]
06-13 10:27:19.050  1529  1651 D Diag_Lib: [IMS_DEBUG]| 2074 | 1651 |qpHandshakeSendUserAgent : [ro.product.model] = [NX531J]
06-13 10:27:19.050  1529  1651 D Diag_Lib: [IMS_DEBUG]| 2096 | 1651 |qpHandshakeSendUserAgent : Re-Allocating pUserDataString for 13 bytes
06-13 10:27:19.050  1529  1651 D Diag_Lib: [IMS_DEBUG]| 2110 | 1651 |qpHandshakeSendUserAgent :  pUserDataString -  [Xiaomi_NX531J]
06-13 10:27:19.050  1529  1651 D Diag_Lib: [IMS_DEBUG]| 2061 | 1651 |qpHandshakeSendUserAgent : Index 2, Reading Prop - [ro.build.software.version]
06-13 10:27:19.050  1529  1651 D Diag_Lib: [IMS_DEBUG]| 2074 | 1651 |qpHandshakeSendUserAgent : [ro.build.software.version] = [Android7.0_9]
06-13 10:27:19.050  1529  1651 D Diag_Lib: [IMS_DEBUG]| 2096 | 1651 |qpHandshakeSendUserAgent : Re-Allocating pUserDataString for 26 bytes
06-13 10:27:19.050  1529  1651 D Diag_Lib: [IMS_DEBUG]| 2110 | 1651 |qpHandshakeSendUserAgent :  pUserDataString -  [Xiaomi_NX531J_Android7.0_9]
06-13 10:27:19.050  1529  1651 D Diag_Lib: [IMS_DEBUG]| 2120 | 1651 |qpHandshakeSendUserAgent : Final Userdata string - [Xiaomi_NX531J_Android7.0_9], String len [26], Offset [26]
06-13 10:27:19.050  1529  1651 D Diag_Lib: [IMS_AP_D] 1492 | 1651 | qpdatadaemon_ipc.c : qpDataDaemonGetModemLinkLocal : Enter
06-13 10:27:19.050  1529  1651 D Diag_Lib: [IMS_AP_D] 1521 | 1651 | qpdatadaemon_ipc.c : qpDataDaemonGetModemLinkLocal : inet_pton success
06-13 10:27:19.050  1529  1651 D Diag_Lib: [IMS_AP_D] 459 | 1651 | qpDplHandShakeHandler.c : qpDplHandshakeSocketSend  : remote ipv6 address is fe80::8c1:82f5:2c3f:b086
06-13 10:27:19.050   769   769 I cnss-daemon: RTM_NEWROUTE Indication
06-13 10:27:19.050  1529  1651 D Diag_Lib: [IMS_DEBUG]| 1145 | 1651 |qpdpl:Initialize -sending dplInitialeComplete on success case
06-13 10:27:19.050  1529  1651 D Diag_Lib: [IMS_DEBUG]| 754 | 1651 |qpDplRegRecoveryMonitor : Recovery Monitor Start
06-13 10:27:19.051  1529  1651 D Diag_Lib: [IMS_DEBUG]| 767 | 1651 |DPL#$$#0#DPL STARTED HEAR BEAT
06-13 10:27:19.051  1529  1651 D Diag_Lib: [IMS_DEBUG]| 804 | 1651 |DPL#$$#0#DPL SIGNAL Handler Not installed for VT case
06-13 10:27:19.051  1529  1651 D Diag_Lib: [IMS_DEBUG]| 2971 | 1651 |dplInitialeComplete
06-13 10:27:19.051  1529  1651 D Diag_Lib: [IMS_DEBUG]| 2977 | 1651 |dplInitialeComplete
06-13 10:27:19.051  1529  1651 D Diag_Lib: [IMS_DEBUG]| 2537 | 1651 |qpDplPostMessage
06-13 10:27:19.051  1529  1651 E Diag_Lib: [IMS_AP_E] 2497 | 1651 | qpdpl.c : calling qpPushEventToEventQueue
06-13 10:27:19.051  1529  1651 E         : qvp_rtp_media_init
06-13 10:27:19.051  1529  1651 E         : qvp_rtp_task_ctx.qvp_rtp_free_msg_queue = 0x7f9d58c248
06-13 10:27:19.051  1529  1651 E         : qvp_rtp_media_init_pvt
06-13 10:27:19.051  1529  1651 E         : qvp_rtp_media_init_pvt QVP_RTP_VIDEO
06-13 10:27:19.051  1529  1651 E         : qvp_rtp_media_init_video_pvt function called
06-13 10:27:19.051  1529  1651 E         : qpRTPVideoInitialize
06-13 10:27:19.051  1529  1651 E         : qpRTPVideoInitialize pVideoData
06-13 10:27:19.051  1529  1651 E         : qpRTPVideoInitialize pGlobalData 0x7f9960c000 pGlobalData->pVideo 0x7f996aa000
06-13 10:27:19.051  1529  1651 E         : qpRTPVideoInitialize success
06-13 10:27:19.051  1529  1651 E         : qvp_rtp_media_init_video_pvt function sucess
06-13 10:27:19.051  1529  1651 E         : qvp_rtp_task_ctx.qvp_rtp_free_msg_queue = 0x7f9d58c248
06-13 10:27:19.051  1529  1651 D Diag_Lib: [IMS_DEBUG]| 286 | 1651 |qpdpl:imsSignalHandler: Event:54521, Valid:1
06-13 10:27:19.070  1529  1651 D Diag_Lib: [IMS_DEBUG]| 58 | 1651 |qpDPlOnMessage App 54521
06-13 10:27:19.071  1529  1651 D Diag_Lib: [IMS_DEBUG]| 70 | 1651 |qpDplGetTimeInMilliSeconds : Enter
06-13 10:27:19.071  1529  1651 D Diag_Lib: [IMS_DEBUG]| 74 | 1651 |qpDplGetTimeInMilliSeconds : Exit with Success
06-13 10:27:19.071  1529  1651 D Diag_Lib: [IMS_DEBUG]| 3017 | 1651 |qpdpl_get_config_group | eQP_IMS_DPL_CONFIG
06-13 10:27:19.071  1529  1651 D Diag_Lib: [IMS_DEBUG]| 2992 | 1651 |qpdpl_get_config_group | eQP_IMS_SIP_CONFIG
06-13 10:27:19.071  1529  1651 D Diag_Lib: [IMS_DEBUG]| 3009 | 1651 |qpDplGetIMSI
06-13 10:27:19.071  1529  1651 D Diag_Lib: [IMS_DEBUG]| 99 | 1651 |QPConfigurationHandler::GetInstance
06-13 10:27:19.071  1529  1651 D Diag_Lib: [IMS_DEBUG]| 743 | 1651 |qpdpl_get_config_group_value | eQP_IMS_PM_CONFIG
06-13 10:27:19.071  1529  1651 D Diag_Lib: [IMS_DEBUG]| 2442 | 1651 |QPConfigurationHandler::GetPMRATMapped Entered
06-13 10:27:19.071  1529  1651 D Diag_Lib: [IMS_DEBUG]| 2527 | 1651 |QPConfigurationHandler::GetPMRATFBMapped Entered
06-13 10:27:19.071  1529  1651 D Diag_Lib: [IMS_DEBUG]| 910 | 1651 |qpDplIODeviceGetItem
06-13 10:27:19.071  1529  1651 D Diag_Lib: [IMS_DEBUG]| 926 | 1651 |qpDplIODeviceGetItem | QP_IMS_OPRT_MODE
06-13 10:27:19.072  1529  1651 D Diag_Lib: [IMS_DEBUG]| 94 | 1651 |qpDplRegNVChangeInd - FOUND empty pos at index[0] for pCallBackFunc[9947adb8]
06-13 10:27:19.072  1529  1651 E Diag_Lib: [IMS_ERROR]| 228 | 1651 |QPConfigurationHandler::Init | RegSettingChangeCB registered with settings change cb
06-13 10:27:19.072  1529  1651 D Diag_Lib: [IMS_DEBUG]| 232 | 1651 |QPConfigurationHandler::SetLTENoVopsConfigured -LTE no Vops configured 0
06-13 10:27:19.072  1529  1651 D Diag_Lib: [IMS_DEBUG]| 252 | 1651 |QPConfigurationHandler::qpGetConfiguration QP_PM_REQUEST_ID 9
06-13 10:27:19.072  1529  1651 D Diag_Lib: [IMS_DEBUG]| 667 | 1651 |qpdpl_get_config_group_value | eQP_IMS_SIP_CONFIG
06-13 10:27:19.072  1529  1651 D Diag_Lib: [IMS_DEBUG]| 1470 | 1651 |qpDplAllocateLoSockRang : gLOSockFdStart [29501], gLOSockFdEnd [30000]
06-13 10:27:19.072  1529  1651 D Diag_Lib: [IMS_AP_D] 1492 | 1651 | qpdatadaemon_ipc.c : qpDataDaemonGetModemLinkLocal : Enter
06-13 10:27:19.072  1529  1651 D Diag_Lib: [IMS_AP_D] 1521 | 1651 | qpdatadaemon_ipc.c : qpDataDaemonGetModemLinkLocal : inet_pton success
06-13 10:27:19.072  1529  1651 D Diag_Lib: [IMS_DEBUG]| 6998 | 1651 |qpDplGetLinkLocalAddr | Return Modem Link Local address with success
06-13 10:27:19.073  1529  1651 D Diag_Lib: [IMS_DEBUG]| 7010 | 1651 |qpDplGetLinkLocalAddr | Return APSS Link Local address with success
06-13 10:27:19.073  1529  1651 D Diag_Lib: [IMS_DEBUG]| 1762 | 1651 |qpDplNetOpen: Net Open called for Connection Profile (996a4140)
06-13 10:27:19.073  1529  1651 D Diag_Lib: [IMS_DEBUG]| 6101 | 1651 |isSlotAvailNetConnProfileArray: Found an Empty index at [1] pos
06-13 10:27:19.073  1529  1651 D Diag_Lib: [IMS_DEBUG]| 1783 | 1651 |qpDplNetOpen:pNetConnProfile->eSockType 2 , pNetConnProfile->eProtoInet 2
06-13 10:27:19.073  1529  1651 D Diag_Lib: [IMS_DEBUG]| 1883 | 1651 |NET_IFACE_LINK_LOCAL hard coding family to v6
06-13 10:27:19.073  1529  1651 D Diag_Lib: [IMS_DEBUG]| 1732 | 1651 |isLocalIPAvailable: IPV6 : Local IP Configured
06-13 10:27:19.073  1529  1651 D Diag_Lib: [IMS_DEBUG]| 1945 | 1651 |qpDplNetOpen: socket create with familyType 10, socketType 2, protocol 17
06-13 10:27:19.073  1529  1651 E Diag_Lib: [IMS_ERROR]| 1980 | 1651 |qpDplNetOpen - getting NetID from - sys.ims.datadaemon.ims.netid - for IMS pdn
06-13 10:27:19.073  1529  1651 E Diag_Lib: [IMS_ERROR]| 1983 | 1651 |qpDplNetOpen - net id for ims pdn 18446744073709551615
06-13 10:27:19.073  1529  1651 D Diag_Lib: [IMS_DEBUG]| 1997 | 1651 |Socket FD 16 added to the conn profile
06-13 10:27:19.073  1529  1651 D Diag_Lib: [IMS_DEBUG]| 693 | 1651 |qpdpl_get_config_group_value | eQP_IMS_DPL_CONFIG
06-13 10:27:19.073  1529  1651 E Diag_Lib: [IMS_ERROR]| 2006 | 1651 |qpDplNetOpen: DSCP Value [0]
06-13 10:27:19.073  1529  1651 D Diag_Lib: [IMS_DEBUG]| 2040 | 1651 |qpDplNetOpen: setsockopt  SO_SNDBUF set to [36864]
06-13 10:27:19.073  1529  1651 D Diag_Lib: [IMS_DEBUG]| 2049 | 1651 |qpDplNetOpen: SO_SNDBUF option set on UDP socket [16]
06-13 10:27:19.073  1529  1651 D Diag_Lib: [IMS_DEBUG]| 2152 | 1651 |qpDplNetOpen: Remote PORT=0
06-13 10:27:19.073  1529  1651 D Diag_Lib: [IMS_DEBUG]| 2158 | 1651 |qpDplNetOpen: Local PORT=0
06-13 10:27:19.073  1529  1651 D Diag_Lib: [IMS_DEBUG]| 2186 | 1651 |qpDplNetOpen: after htons pSocketData->iLocalPort [0], original pNetConnProfile->iLocalPort 0
06-13 10:27:19.073  1529  1651 D Diag_Lib: [IMS_DEBUG]| 604 | 1651 |AllocSocketDataBlock: pSocketData=996c4000
06-13 10:27:19.073   769   769 I cnss-daemon: RTM_NEWROUTE Indication
06-13 10:27:19.073   769   769 I cnss-daemon: ip type is ipv6
06-13 10:27:19.073   769   769 I cnss-daemon: RTM_NEWROUTE Indication
06-13 10:27:19.073  1529  1651 D Diag_Lib: [IMS_DEBUG]| 611 | 1651 |AllocSocketDataBlock: Found block 0 to save mapping from socket descriptor to socket struct
06-13 10:27:19.073  1529  1651 D Diag_Lib: [IMS_DEBUG]| 612 | 1651 |AllocSocketDataBlock: pSocketData->iSocketFd 16
06-13 10:27:19.073  1529  1651 D Diag_Lib: [IMS_DEBUG]| 3645 | 1651 |SocketRealize: enter
06-13 10:27:19.073  1529  1651 D Diag_Lib: [IMS_DEBUG]| 3716 | 1651 |NET_SOCK_DGRAM == pSocketData->iSocketType
06-13 10:27:19.073  1529  1651 D Diag_Lib: [IMS_DEBUG]| 3720 | 1651 |ss_family == AF_INET6
06-13 10:27:19.073  1529  1651 D Diag_Lib: [IMS_DEBUG]| 3738 | 1651 |Setting scope ID 13
06-13 10:27:19.073  1529  1651 D Diag_Lib: [IMS_DEBUG]| 3743 | 1651 |SocketRealize  : ipv6 address is fe80::41ce:3dfd:ab3:b825
06-13 10:27:19.073  1529  1651 E Diag_Lib: [IMS_ERROR]| 3765 | 1651 |SocketRealize: NET_IFACE_LINK_LOCAL not tethered or routable
06-13 10:27:19.074  1529  1651 D Diag_Lib: [IMS_DEBUG]| 4083 | 1651 |inside NET_SOCK_DGRAM , calling SocketRead(pSocketData)
06-13 10:27:19.074  1529  1651 D Diag_Lib: [IMS_DEBUG]| 4224 | 1651 |SocketRead: Error reading data on socket: errno [Try again]
06-13 10:27:19.074  1529  1651 D Diag_Lib: [IMS_DEBUG]| 4341 | 1651 |SocketRead: Error EWOULDBLOCK/EIO - socket monitor thread will take care of this
06-13 10:27:19.074  1529  1651 D Diag_Lib: [IMS_DEBUG]| 4091 | 1651 |inside NET_SOCK_DGRAM , calling SocketWrite(pSocketData)
06-13 10:27:19.074  1529  1651 D Diag_Lib: [IMS_DEBUG]| 4483 | 1651 |SocketWrite | There is no packets to write
06-13 10:27:19.074  1529  1651 D Diag_Lib: [IMS_DEBUG]| 4130 | 1651 |socekt realize exit
06-13 10:27:19.074  1529  1651 D Diag_Lib: [IMS_DEBUG]| 2277 | 1651 |qpDplNetOpen - Adding [0x7f996a4140] profile with [16] socket in [1] index
06-13 10:27:19.074  1529  1651 D Diag_Lib: [IMS_DEBUG]| 2282 | 1651 |dummy write to unblock select, Since a new socket is created
06-13 10:27:19.074  1529  1651 D Diag_Lib: [IMS_DEBUG]| 4585 | 1651 |SocketWrite : scopeid 0
06-13 10:27:19.074  1529  1651 E Diag_Lib: DPL : gIsQXDMDisabled 0, gIsADBDisabled 1, gIsDebugDisabled 0, gIsIMSLogsDisabled 0 gIsDebugDataPathDisabled = 0
06-13 10:27:19.074  1529  1651 E         : qvp_rtp_task_ctx.qvp_rtp_message_queue = 0x7f9d58c230
06-13 10:27:19.116  1200  1249 E slim_daemon: [NDK] bindNDKSensors: Sensor server is unavailable.
06-13 10:27:19.124  1748  1748 W PackageManager: Library not found: /system/framework/MiCloudLibShared.jar
06-13 10:27:19.193  1748  1748 W PackageManager: Library not found: /system/framework/yellowpage-common.jar
06-13 10:27:19.219  1748  1748 W PackageManager: Library not found: /system/framework/org.apache.http.legacy.jar
06-13 10:27:19.264  1748  1748 W PackageManager: Library not found: /system/framework/MiCloudLibShared.jar
06-13 10:27:19.322  1748  1748 W PackageManager: Library not found: /system/framework/yellowpage-common.jar
06-13 10:27:19.344  1748  1748 W PackageManager: Library not found: /system/framework/org.apache.http.legacy.jar
06-13 10:27:19.373  1748  1937 I chatty  : uid=1000 system_server expire 10 lines
06-13 10:27:19.435   774   774 I ServiceManager: Waiting for service AtCmdFwd...
06-13 10:27:19.440   756   756 I ServiceManager: Waiting for service media.camera.proxy...
06-13 10:27:19.475  1748  1941 I chatty  : uid=1000 system_server expire 2 lines
06-13 10:27:19.587  1748  1942 I chatty  : uid=1000 system_server expire 7 lines
06-13 10:27:19.649  1748  1940 I chatty  : uid=1000 system_server expire 5 lines
06-13 10:27:19.741  1748  1938 I chatty  : uid=1000 system_server expire 6 lines
06-13 10:27:19.776  1748  1938 W PackageParser: Unknown element under <intent-filter>: meta-data at /system/priv-app/MiVRFramework/MiVRFramework.apk Binary XML file line #54
06-13 10:27:19.806  1748  1940 W PackageParser: Unknown element under <manifest>: uses-library at /system/priv-app/MiuiKeyguard/MiuiKeyguard.apk Binary XML file line #46
06-13 10:27:19.806  1748  1937 W PackageParser: Unknown element under <manifest>: meta-data at /system/priv-app/MiuiGallery/MiuiGallery.apk Binary XML file line #81
06-13 10:27:19.866  1748  1938 W PackageParser: Unknown element under <manifest>: protected_broadcast at /system/priv-app/MiuiPackageInstaller/MiuiPackageInstaller.apk Binary XML file line #46
06-13 10:27:19.878  1748  1939 I chatty  : uid=1000 system_server expire 7 lines
06-13 10:27:19.987  1748  1941 W PackageManager: Skipping provider name com.google.android.packageinstaller.wear.provider (in package com.google.android.packageinstaller): name already used by com.miui.packageinstaller
06-13 10:27:20.067  1748  1938 W PackageParser: Unknown element under <manifest>: protected_broadcast at /system/priv-app/SecurityCenter/SecurityCenter.apk Binary XML file line #84
06-13 10:27:20.116  1200  1249 E slim_daemon: [NDK] bindNDKSensors: Sensor server is unavailable.
06-13 10:27:20.245  1748  1942 W PackageManager: Failed to parse /system/app/AnalyticsCore: Package com.miui.analytics at /system/app/AnalyticsCore ignored: updated version 2018060500 better than this 2018031900
06-13 10:27:20.254  1748  1941 W PackageParser: Unknown element under <application>: uses-feature at /system/app/BluetoothExt/BluetoothExt.apk Binary XML file line #57
06-13 10:27:20.353  1748  1942 W PackageManager: Failed to parse /system/app/DeskClock: Package com.android.deskclock at /system/app/DeskClock ignored: updated version 9100003 better than this 9100002
06-13 10:27:20.435   774   774 I ServiceManager: Waiting for service AtCmdFwd...
06-13 10:27:20.441   756   756 I ServiceManager: Waiting for service media.camera.proxy...
06-13 10:27:20.450   734   734 I cnss_diag: type=1400 audit(0.0:111): avc: denied { read } for name="primary" dev="tmpfs" ino=579 scontext=u:r:wcnss_service:s0 tcontext=u:object_r:storage_file:s0 tclass=lnk_file permissive=1
06-13 10:27:20.452  1748  1939 W PackageParser: Unknown element under <manifest>: meta-data at /system/app/MSA/MSA.apk Binary XML file line #88
06-13 10:27:20.475  1748  1939 W PackageManager: Failed to parse /system/app/MSA: Package com.miui.systemAdSolution at /system/app/MSA ignored: updated version 2018042405 better than this 2018030550
06-13 10:27:20.542  1748  1940 W PackageParser: Unknown element under <manifest>: meta-data at /system/app/PaymentService/PaymentService.apk Binary XML file line #44
06-13 10:27:20.542  1748  1940 W PackageParser: Unknown element under <manifest>: meta-data at /system/app/PaymentService/PaymentService.apk Binary XML file line #49
06-13 10:27:20.554  1748  1941 W PackageParser: Service exported request ignored due to singleUser: com.miui.powerkeeper.powerchecker.PowerCheckerService at /system/app/PowerKeeper/PowerKeeper.apk Binary XML file line #91
06-13 10:27:20.554  1748  1941 W PackageParser: Service exported request ignored due to singleUser: com.miui.powerkeeper.statemachine.PowerStateMachineService at /system/app/PowerKeeper/PowerKeeper.apk Binary XML file line #98
06-13 10:27:20.694  1748  1939 W PackageParser: Unknown element under <manifest>: activity at /system/app/VipAccount/VipAccount.apk Binary XML file line #49
06-13 10:27:20.723  1748  1941 W PackageParser: Unknown element under <manifest>: meta-data at /system/app/VsimCore/VsimCore.apk Binary XML file line #18
06-13 10:27:20.727  1748  1939 W PackageManager: Skipping provider name com.xiaomi.vipaccount.provider (in package com.xiaomi.vipaccount): name already used by com.xiaomi.vipaccount
06-13 10:27:20.807  1748  1941 W PackageParser: Unknown element under <manifest>: meta-data at /system/app/greenguard/greenguard.apk Binary XML file line #73
06-13 10:27:20.818  1748  1942 W PackageManager: Failed to parse /system/app/YouDaoEngine: Missing base APK in /system/app/YouDaoEngine
06-13 10:27:20.818  1748  1942 W PackageManager: Failed to parse /system/app/Updater: Missing base APK in /system/app/Updater
06-13 10:27:20.836  1748  1941 W PackageParser: Service exported request ignored due to singleUser: org.codeaurora.ims.ImsService at /system/vendor/app/ims/ims.apk Binary XML file line #38
06-13 10:27:20.842  1748  1748 E PreinstallApp: Error occurs while read preinstalled packages + java.io.FileNotFoundException: /data/system/preinstall.list (No such file or directory)
06-13 10:27:20.842  1748  1748 I PreinstallApp: Nothing need copy for normal boot.
06-13 10:27:20.956  1748  1941 W PackageParser: Unknown element under <manifest>: meta-data at /data/app/com.hanista.mobogram-2/base.apk Binary XML file line #113
06-13 10:27:21.041  1748  1942 W PackageParser: Unknown element under <manifest>: receiver at /data/app/ru.sberbankmobile-1/base.apk Binary XML file line #69
06-13 10:27:21.041  1748  1942 W PackageParser: Unknown element under <manifest>: meta-data at /data/app/ru.sberbankmobile-1/base.apk Binary XML file line #74
06-13 10:27:21.043  1748  1939 W PackageParser: Unknown element under <application>: intent-filter at /data/app/com.UCMobile.intl-1/base.apk Binary XML file line #841
06-13 10:27:21.080  1748  1937 W PackageParser: <meta-data> only supports string, integer, float, color, boolean, and resource reference types: meta-data at /data/app/ccc71.at-1/base.apk Binary XML file line #127
06-13 10:27:21.080  1748  1937 W PackageParser: <meta-data> only supports string, integer, float, color, boolean, and resource reference types: meta-data at /data/app/ccc71.at-1/base.apk Binary XML file line #128
06-13 10:27:21.080  1748  1937 W PackageParser: <meta-data> only supports string, integer, float, color, boolean, and resource reference types: meta-data at /data/app/ccc71.at-1/base.apk Binary XML file line #129
06-13 10:27:21.081  1748  1937 W PackageParser: <meta-data> only supports string, integer, float, color, boolean, and resource reference types: meta-data at /data/app/ccc71.at-1/base.apk Binary XML file line #130
06-13 10:27:21.116  1200  1249 E slim_daemon: [NDK] bindNDKSensors: Sensor server is unavailable.
06-13 10:27:21.187  1748  1938 W PackageParser: Unknown element under <application>: intent-filter at /data/app/cn.nubia.bbs-2/base.apk Binary XML file line #96
06-13 10:27:21.268  1748  1938 W PackageParser: Unknown element under <manifest>: meta-data at /data/app/com.alphabetlabs.deviceinfo-1/base.apk Binary XML file line #21
06-13 10:27:21.355  1748  1941 W PackageParser: Unknown element under <manifest>: meta-data at /data/app/bin.mt.plus-1/base.apk Binary XML file line #20
06-13 10:27:21.414  1748  1938 W PackageParser: Unknown element under <application>: intent-filter at /data/app/com.globalegrow.app.gearbest-2/base.apk Binary XML file line #211
06-13 10:27:21.415  1748  1938 W PackageParser: Unknown element under <application>: intent-filter at /data/app/com.globalegrow.app.gearbest-2/base.apk Binary XML file line #230
06-13 10:27:21.415  1748  1938 W PackageParser: Unknown element under <application>: intent-filter at /data/app/com.globalegrow.app.gearbest-2/base.apk Binary XML file line #232
06-13 10:27:21.415  1748  1938 W PackageParser: Unknown element under <application>: intent-filter at /data/app/com.globalegrow.app.gearbest-2/base.apk Binary XML file line #250
06-13 10:27:21.415  1748  1938 W PackageParser: Unknown element under <application>: intent-filter at /data/app/com.globalegrow.app.gearbest-2/base.apk Binary XML file line #254
06-13 10:27:21.436   774   774 I ServiceManager: Waiting for service AtCmdFwd...
06-13 10:27:21.444  1748  1939 W PackageParser: Unknown element under <manifest>: meta-data at /data/app/ru.beeline.services-2/base.apk Binary XML file line #18
06-13 10:27:21.465  1748  1937 W PackageParser: Unknown element under <manifest>: meta-data at /data/app/net.track24.android-2/base.apk Binary XML file line #28
06-13 10:27:21.501  1748  1938 W PackageParser: Unknown element under <manifest>: meta-data at /data/app/com.gameloft.android.ANMP.GloftO2HM-2/base.apk Binary XML file line #60
06-13 10:27:21.501  1748  1938 W PackageParser: Unknown element under <manifest>: library at /data/app/com.gameloft.android.ANMP.GloftO2HM-2/base.apk Binary XML file line #64
06-13 10:27:21.544  1748  1941 W PackageParser: Unknown element under <manifest>: meta-data at /data/app/com.tgelec.setracker-1/base.apk Binary XML file line #70
06-13 10:27:21.613  1748  1937 W PackageParser: Unknown element under <manifest>: meta-data at /data/app/com.estrongs.android.pop-1/base.apk Binary XML file line #31
06-13 10:27:21.689  1748  1941 W PackageParser: Unknown element under <manifest>: meta-data at /data/app/com.miui.systemAdSolution-2/base.apk Binary XML file line #88
06-13 10:27:21.819  1748  1748 E PackageManager: There should probably be exactly one setup wizard; found 0: matches=[]
06-13 10:27:21.820  1748  1748 E PackageManager: updateAllSharedLibrariesLPw failed: Package com.android.nfc requires unavailable shared library com.android.qti.qpay; failing!
06-13 10:27:21.836  1748  1748 I PackageManager: Time to scan packages: 2.724 seconds
06-13 10:27:21.872  1748  1748 V PackageManager: reconcileAppsData for null u0 0x3 migrateAppData=true
06-13 10:27:21.874  1748  1748 W PackageManager: Destroying /data/user/0/media due to: com.android.server.pm.PackageManagerException: Package media is unknown
06-13 10:27:21.881   760   760 I SELinux : SELinux: Loaded file_contexts contexts from /file_contexts.bin.
06-13 10:27:21.937  1748  1748 V PackageManager: reconcileAppsData finished 28 packages
06-13 10:27:22.068   760   760 W cutils  : Expected path /data/data/com.keramidas.TitaniumBackup with mode 751 but found 755
06-13 10:27:22.117  1200  1249 E slim_daemon: [NDK] bindNDKSensors: Sensor server is unavailable.
06-13 10:27:22.239  1748  1748 I SystemServer: StartOtaDexOptService
06-13 10:27:22.325  1748  1748 I SystemServer: StartUserManagerService
06-13 10:27:22.325  1748  1748 I SystemServiceManager: Starting com.android.server.pm.UserManagerService$LifeCycle
06-13 10:27:22.330   709   709 I lowmemorykiller: ActivityManager connected
06-13 10:27:22.331  1748  1748 E SchedPolicy: add_tid_to_cgroup failed; fd=-1
06-13 10:27:22.331  1748  1748 E SchedPolicy: add_tid_to_cgroup failed; fd=-1
06-13 10:27:22.331  1748  1748 E SchedPolicy: add_tid_to_cgroup failed; fd=-1
06-13 10:27:22.331  1748  1748 E SchedPolicy: add_tid_to_cgroup failed; fd=-1
06-13 10:27:22.331  1748  1748 E SchedPolicy: add_tid_to_cgroup failed; fd=-1
06-13 10:27:22.331  1748  1748 E SchedPolicy: add_tid_to_cgroup failed; fd=-1
06-13 10:27:22.331  1748  1748 E SchedPolicy: add_tid_to_cgroup failed; fd=-1
06-13 10:27:22.331  1748  1748 E SchedPolicy: add_tid_to_cgroup failed; fd=-1
06-13 10:27:22.331  1748  1748 E SchedPolicy: add_tid_to_cgroup failed; fd=-1
06-13 10:27:22.331  1748  1748 E SchedPolicy: add_tid_to_cgroup failed; fd=-1
06-13 10:27:22.331  1748  1748 E SchedPolicy: add_tid_to_cgroup failed; fd=-1
06-13 10:27:22.331  1748  1748 E SchedPolicy: add_tid_to_cgroup failed; fd=-1
06-13 10:27:22.331  1748  1748 E SchedPolicy: add_tid_to_cgroup failed; fd=-1
06-13 10:27:22.331  1748  1748 E SchedPolicy: add_tid_to_cgroup failed; fd=-1
06-13 10:27:22.331  1748  1748 E SchedPolicy: add_tid_to_cgroup failed; fd=-1
06-13 10:27:22.331  1748  1748 E SchedPolicy: add_tid_to_cgroup failed; fd=-1
06-13 10:27:22.331  1748  1748 E SchedPolicy: add_tid_to_cgroup failed; fd=-1
06-13 10:27:22.331  1748  1748 E SchedPolicy: add_tid_to_cgroup failed; fd=-1
06-13 10:27:22.331  1748  1748 E SchedPolicy: add_tid_to_cgroup failed; fd=-1
06-13 10:27:22.331  1748  1748 E SchedPolicy: add_tid_to_cgroup failed; fd=-1
06-13 10:27:22.331  1748  1748 E SchedPolicy: add_tid_to_cgroup failed; fd=-1
06-13 10:27:22.331  1748  1748 E SchedPolicy: add_tid_to_cgroup failed; fd=-1
06-13 10:27:22.331  1748  1748 E SchedPolicy: add_tid_to_cgroup failed; fd=-1
06-13 10:27:22.331  1748  1748 E SchedPolicy: add_tid_to_cgroup failed; fd=-1
06-13 10:27:22.331  1748  1748 E SchedPolicy: add_tid_to_cgroup failed; fd=-1
