--------- beginning of system
08-27 19:44:04.685   457   457 I vold    : Vold 3.0 (the awakening) firing up
08-27 19:44:04.685   457   457 V vold    : Detected support for: ext4 vfat
08-27 19:44:04.949   457   461 V vold    : /system/bin/sgdisk
08-27 19:44:04.949   457   461 V vold    :     --android-dump
08-27 19:44:04.949   457   461 V vold    :     /dev/block/vold/disk:179,64
08-27 19:44:04.953   457   463 D vold    : e4crypt_init_user0
08-27 19:44:04.953   457   463 D vold    : e4crypt_prepare_user_storage for volume null, user 0, serial 0, flags 1
08-27 19:44:04.953   457   463 D vold    : Preparing: /data/system/users/0
08-27 19:44:04.967   457   463 D vold    : Preparing: /data/misc/profiles/cur/0
08-27 19:44:04.968   457   463 D vold    : Preparing: /data/misc/profiles/cur/0/foreign-dex
08-27 19:44:04.969   457   463 D vold    : Preparing: /data/system_de/0
08-27 19:44:04.969   457   463 D vold    : Preparing: /data/misc_de/0
08-27 19:44:04.970   457   463 D vold    : Preparing: /data/user_de/0
08-27 19:44:04.971   457   463 D vold    : e4crypt_unlock_user_key 0 serial=0 token_present=0
08-27 19:44:04.987   457   461 V vold    : DISK mbr
08-27 19:44:04.987   457   461 V vold    : 
08-27 19:44:04.987   457   461 V vold    : PART 1 c
08-27 19:44:04.987   457   461 V vold    : 
08-27 19:44:05.256   457   461 D vold    : Disk at 7:0 changed
08-27 19:44:07.926   691   691 I irsc_util: Starting irsc tool
08-27 19:44:07.937   691   691 I irsc_util: Num of entries:291
08-27 19:44:07.937   691   691 I irsc_util: Ending irsc tool
08-27 19:44:08.646   713   713 E SchedPolicy: add_tid_to_cgroup failed; fd=-1
08-27 19:44:09.206   955   984 I QISL    : QSEE Interrupt Service Listener Thread is started
08-27 19:44:09.227   955   984 I QISL    : QSEE Interrupt Service Listener was activated successfully
--------- beginning of main
06-13 10:27:11.675   736   736 I ThermalEngine: sampling 10
06-13 10:27:11.675   736   736 I ThermalEngine: sensor VIRTUAL-CPUS
06-13 10:27:11.675   736   736 I ThermalEngine: device cpu_voltage
06-13 10:27:11.675   736   736 I ThermalEngine: set_point 75000
06-13 10:27:11.675   736   736 I ThermalEngine: set_point_clr 65000
06-13 10:27:11.675   736   736 I ThermalEngine: time_constant 0
06-13 10:27:11.675   736   736 I ThermalEngine: [SS-SKIN-POWER]
06-13 10:27:11.676   736   736 I ThermalEngine: #algo_type ss
06-13 10:27:11.676   736   736 I ThermalEngine: sampling 1000
06-13 10:27:11.676   736   736 I ThermalEngine: sensor emmc_therm
06-13 10:27:11.676   736   736 I ThermalEngine: device cluster0
06-13 10:27:11.676   736   736 I ThermalEngine: set_point 42000
06-13 10:27:11.676   736   736 I ThermalEngine: set_point_clr 39000
06-13 10:27:11.676   736   736 I ThermalEngine: time_constant 16
06-13 10:27:11.676   736   736 I ThermalEngine: device_max_limit 960000
06-13 10:27:11.676   736   736 I ThermalEngine: [SS-SKIN-PERF]
06-13 10:27:11.676   736   736 I ThermalEngine: #algo_type ss
06-13 10:27:11.676   736   736 I ThermalEngine: sampling 1000
06-13 10:27:11.676   736   736 I ThermalEngine: sensor emmc_therm
06-13 10:27:11.676   736   736 I ThermalEngine: device cluster1
06-13 10:27:11.676   736   736 I ThermalEngine: set_point 42000
06-13 10:27:11.676   736   736 I ThermalEngine: set_point_clr 39000
06-13 10:27:11.676   736   736 I ThermalEngine: time_constant 16
06-13 10:27:11.676   736   736 I ThermalEngine: device_max_limit 940800
06-13 10:27:11.676   736   736 I ThermalEngine: [SPEAKER-CAL]
06-13 10:27:11.676   736   736 I ThermalEngine: sampling 30000 30000 10 1800000
06-13 10:27:11.676   736   736 I ThermalEngine: sensor pm8994_tz
06-13 10:27:11.676   736   736 I ThermalEngine: sensors tsens_tz_sensor1 tsens_tz_sensor2 tsens_tz_sensor13 tsens_tz_sensor14 tsens_tz_sensor15
06-13 10:27:11.676   736   736 I ThermalEngine: temp_range 6000 10000 2000
06-13 10:27:11.676   736   736 I ThermalEngine: max_temp 45000
06-13 10:27:11.676   736   736 I ThermalEngine: offset -4000
06-13 10:27:11.706   736   998 I ThermalEngine: qmi: Instance id 157 for fusion TS
06-13 10:27:11.773   727   727 I ServiceManager: Waiting for service display.qservice...
06-13 10:27:11.811   713   713 E HAL     : PATH3 /odm/lib64/hw/gralloc.qcom.so
06-13 10:27:11.811   713   713 E HAL     : PATH2 /vendor/lib64/hw/gralloc.qcom.so
06-13 10:27:11.811   713   713 E HAL     : PATH1 /system/lib64/hw/gralloc.qcom.so
06-13 10:27:11.811   713   713 E HAL     : PATH3 /odm/lib64/hw/gralloc.QC_Reference_Phone.so
06-13 10:27:11.811   713   713 E HAL     : PATH2 /vendor/lib64/hw/gralloc.QC_Reference_Phone.so
06-13 10:27:11.811   713   713 E HAL     : PATH1 /system/lib64/hw/gralloc.QC_Reference_Phone.so
06-13 10:27:11.811   713   713 E HAL     : PATH3 /odm/lib64/hw/gralloc.msm8996.so
06-13 10:27:11.811   713   713 E HAL     : PATH2 /vendor/lib64/hw/gralloc.msm8996.so
06-13 10:27:11.811   713   713 E HAL     : PATH1 /system/lib64/hw/gralloc.msm8996.so
06-13 10:27:11.812   713   713 E HAL     : PATH3 /odm/lib64/hw/hwcomposer.qcom.so
06-13 10:27:11.812   713   713 E HAL     : PATH2 /vendor/lib64/hw/hwcomposer.qcom.so
06-13 10:27:11.812   713   713 E HAL     : PATH1 /system/lib64/hw/hwcomposer.qcom.so
06-13 10:27:11.812   713   713 E HAL     : PATH3 /odm/lib64/hw/hwcomposer.QC_Reference_Phone.so
06-13 10:27:11.812   713   713 E HAL     : PATH2 /vendor/lib64/hw/hwcomposer.QC_Reference_Phone.so
06-13 10:27:11.812   713   713 E HAL     : PATH1 /system/lib64/hw/hwcomposer.QC_Reference_Phone.so
06-13 10:27:11.812   713   713 E HAL     : PATH3 /odm/lib64/hw/hwcomposer.msm8996.so
06-13 10:27:11.812   713   713 E HAL     : PATH2 /vendor/lib64/hw/hwcomposer.msm8996.so
06-13 10:27:11.812   713   713 E HAL     : PATH1 /system/lib64/hw/hwcomposer.msm8996.so
06-13 10:27:11.820   736  1072 I ThermalEngine: vdd_restrict_qmi_request: MODEM req level(0) is recorded and waiting for completing QMI registration
06-13 10:27:11.822   736  1072 I ThermalEngine: ACTION: ADSP - Vdd_restriction mitigation succeeded for level 0.
06-13 10:27:11.822   736  1072 I ThermalEngine: Mitigation:VDD[ADSP]:0
06-13 10:27:11.822   736  1072 I ThermalEngine: hotplug_ktm_disable_cb: write out c
06-13 10:27:11.842   713   713 I SDM     : ExtensionInterface::CreateExtensionInterface: 
06-13 10:27:11.842   713   713 I SDM     : SDM-EXTENSION Version: Date: 12/10/16, Commit: 29a3465, Change: I1169f3803a
06-13 10:27:11.843   828   828 E Sensors : sns_debug_main.c(283):Debug Config File missing in EFS!
06-13 10:27:11.845   713   713 I SDM     : HWInfo::GetHWResourceInfo: SDE Version = 500, SDE Revision = 10070002, RGB = 4, VIG = 4, DMA = 2, Cursor = 2
06-13 10:27:11.845   713   713 I SDM     : HWInfo::GetHWResourceInfo: Upscale Ratio = 20, Downscale Ratio = 4, Blending Stages = 7
06-13 10:27:11.845   713   713 I SDM     : HWInfo::GetHWResourceInfo: SourceSplit = 1 QSEED3 = 0
06-13 10:27:11.845   713   713 I SDM     : HWInfo::GetHWResourceInfo: BWC = 0, UBWC = 1, Decimation = 1, Tile Format = 0 Concurrent Writeback = 0
06-13 10:27:11.846   713   713 I SDM     : HWInfo::GetHWResourceInfo: MaxLowBw = 9600000 , MaxHighBw = 9600000
06-13 10:27:11.846   713   713 I SDM     : HWInfo::GetHWResourceInfo: MaxPipeBw = 4500000 KBps, MaxSDEClock = 412500000 Hz, ClockFudgeFactor = 1.050000
06-13 10:27:11.846   713   713 I SDM     : HWInfo::GetHWResourceInfo: Prefill factors: Tiled_NV12 = 8, Tiled = 4, Linear = 1, Scale = 1, Fudge_factor = 2
06-13 10:27:11.846   713   713 I SDM     : HWInfo::GetMDSSRotatorInfo: MDSS Rotator: Count = 2, Downscale = 1
06-13 10:27:11.852   713   713 I SDM     : CoreInterface::CreateCore: Open interface handle = 0x7f84c64600
06-13 10:27:11.852   713   713 I SDM     : HWInfo::GetFirstDisplayInterfaceType: First display is internal display
06-13 10:27:11.852   713   713 I SDM     : CPUHint::Init: Invalid CPU Hint Pre-enable Window -1
06-13 10:27:11.852   713   713 I SDM     : HWDevice::GetHWPanelMaxBrightnessFromNode: Max brightness level = 255
06-13 10:27:11.853   713   713 I SDM     : HWDevice::GetHWPanelMaxBrightnessFromNode: Max brightness level = 255
06-13 10:27:11.853   713   713 I SDM     : HWDevice::PopulateHWPanelInfo: Device type = 0, Display Port = 1, Display Mode = 2, Device Node = 0, Is Primary = 1
06-13 10:27:11.853   713   713 I SDM     : HWDevice::PopulateHWPanelInfo: Partial Update = 0, Dynamic FPS = 0
06-13 10:27:11.853   713   713 I SDM     : HWDevice::PopulateHWPanelInfo: Align: left = 0, width = 0, top = 0, height = 0
06-13 10:27:11.853   713   713 I SDM     : HWDevice::PopulateHWPanelInfo: ROI: min_width = 0, min_height = 0, need_merge = 0
06-13 10:27:11.853   713   713 I SDM     : HWDevice::PopulateHWPanelInfo: FPS: min = 0, max =0
06-13 10:27:11.853   713   713 I SDM     : HWDevice::PopulateHWPanelInfo: Left Split = 0, Right Split = 0
06-13 10:27:11.853   713   713 I SDM     : HWInfo::GetHWResourceInfo: SDE Version = 500, SDE Revision = 10070002, RGB = 4, VIG = 4, DMA = 2, Cursor = 2
06-13 10:27:11.853   713   713 I SDM     : HWInfo::GetHWResourceInfo: Upscale Ratio = 20, Downscale Ratio = 4, Blending Stages = 7
06-13 10:27:11.853   713   713 I SDM     : HWInfo::GetHWResourceInfo: SourceSplit = 1 QSEED3 = 0
06-13 10:27:11.853   713   713 I SDM     : HWInfo::GetHWResourceInfo: BWC = 0, UBWC = 1, Decimation = 1, Tile Format = 0 Concurrent Writeback = 0
06-13 10:27:11.853   713   713 I SDM     : HWInfo::GetHWResourceInfo: MaxLowBw = 9600000 , MaxHighBw = 9600000
06-13 10:27:11.853   713   713 I SDM     : HWInfo::GetHWResourceInfo: MaxPipeBw = 4500000 KBps, MaxSDEClock = 412500000 Hz, ClockFudgeFactor = 1.050000
06-13 10:27:11.853   713   713 I SDM     : HWInfo::GetHWResourceInfo: Prefill factors: Tiled_NV12 = 8, Tiled = 4, Linear = 1, Scale = 1, Fudge_factor = 2
06-13 10:27:11.854   713   713 I SDM     : HWInfo::GetMDSSRotatorInfo: MDSS Rotator: Count = 2, Downscale = 1
06-13 10:27:11.888   713   713 I SDM     : HWDevice::GetHWPanelMaxBrightnessFromNode: Max brightness level = 255
06-13 10:27:11.888   713   713 I SDM     : HWDevice::GetHWPanelMaxBrightnessFromNode: Max brightness level = 255
06-13 10:27:11.889   713   713 I SDM     : HWDevice::GetHWPanelMaxBrightnessFromNode: Max brightness level = 255
06-13 10:27:11.889   713   713 I SDM     : HWDevice::GetHWPanelMaxBrightnessFromNode: Max brightness level = 255
06-13 10:27:11.890   713   713 I SDM     : HWInfo::GetHWResourceInfo: SDE Version = 500, SDE Revision = 10070002, RGB = 4, VIG = 4, DMA = 2, Cursor = 2
06-13 10:27:11.890   713   713 I SDM     : HWInfo::GetHWResourceInfo: Upscale Ratio = 20, Downscale Ratio = 4, Blending Stages = 7
06-13 10:27:11.890   713   713 I SDM     : HWInfo::GetHWResourceInfo: SourceSplit = 1 QSEED3 = 0
06-13 10:27:11.890   713   713 I SDM     : HWInfo::GetHWResourceInfo: BWC = 0, UBWC = 1, Decimation = 1, Tile Format = 0 Concurrent Writeback = 0
06-13 10:27:11.890   713   713 I SDM     : HWInfo::GetHWResourceInfo: MaxLowBw = 9600000 , MaxHighBw = 9600000
06-13 10:27:11.890   713   713 I SDM     : HWInfo::GetHWResourceInfo: MaxPipeBw = 4500000 KBps, MaxSDEClock = 412500000 Hz, ClockFudgeFactor = 1.050000
06-13 10:27:11.890   713   713 I SDM     : HWInfo::GetHWResourceInfo: Prefill factors: Tiled_NV12 = 8, Tiled = 4, Linear = 1, Scale = 1, Fudge_factor = 2
06-13 10:27:11.890   713   713 I SDM     : HWInfo::GetMDSSRotatorInfo: MDSS Rotator: Count = 2, Downscale = 1
06-13 10:27:11.890   713   713 W SDM     : ColorManager::CreateColorManagerProxy: PAV2 version is versions = 11, version = 11 
06-13 10:27:11.891   713   713 I SDM     : DisplayBase::SetFrameBufferConfig: New framebuffer resolution (1080x1920)
06-13 10:27:11.891   713   713 I SDM     : HWCDisplay::SetFrameBufferResolution: New framebuffer resolution (1080x1920)
06-13 10:27:11.892   713   713 I SDM     : HWCColorManager::CreateColorManager: Successfully loaded libsdm-disp-apis.so
06-13 10:27:11.916   713   713 I SDM     : HWCColorManager::CreateColorManager: Successfully loaded libsdm-disp-apis.so and libsdm-diag.so and diag_init'ed
06-13 10:27:11.917   713   713 I SurfaceFlinger: Using composer version 1.5
06-13 10:27:11.917   713   713 W SDM     : HWCDisplay::GetDisplayAttributes: Spurious attribute type = 6
06-13 10:27:11.917   713   713 I SurfaceFlinger: EGL information:
06-13 10:27:11.917   713   713 I SurfaceFlinger: vendor    : Android
06-13 10:27:11.917   713   713 I SurfaceFlinger: version   : 1.4 Android META-EGL
06-13 10:27:11.917   713   713 I SurfaceFlinger: extensions: EGL_KHR_get_all_proc_addresses EGL_ANDROID_presentation_time EGL_KHR_swap_buffers_with_damage EGL_ANDROID_create_native_client_buffer EGL_ANDROID_front_buffer_auto_refresh EGL_KHR_image EGL_KHR_image_base EGL_KHR_lock_surface EGL_KHR_gl_texture_2D_image EGL_KHR_gl_texture_3D_image EGL_KHR_gl_texture_cubemap_image EGL_KHR_gl_renderbuffer_image EGL_KHR_reusable_sync EGL_KHR_fence_sync EGL_KHR_create_context EGL_KHR_surfaceless_context EGL_EXT_create_context_robustness EGL_ANDROID_image_native_buffer EGL_KHR_wait_sync EGL_ANDROID_recordable EGL_KHR_partial_update EGL_KHR_create_context_no_error EGL_KHR_mutable_render_buffer EGL_EXT_yuv_surface EGL_EXT_protected_content 
06-13 10:27:11.917   713   713 I SurfaceFlinger: Client API: OpenGL_ES
06-13 10:27:11.917   713   713 I SurfaceFlinger: EGLSurface: 8-8-8-8, config=0x7f84db4f80
06-13 10:27:11.919   778   778 V AudioDaemonMain: Audio daemon starting sequence..
06-13 10:27:11.920   778   778 V AudioDaemon: Start audiod daemon
06-13 10:27:11.925   713   713 I SurfaceFlinger: OpenGL ES informations:
06-13 10:27:11.926   713   713 I SurfaceFlinger: vendor    : Qualcomm
06-13 10:27:11.926   713   713 I SurfaceFlinger: renderer  : Adreno (TM) 530
06-13 10:27:11.926   713   713 I SurfaceFlinger: version   : OpenGL ES 3.2 V@145.0 (GIT@I3d52eaf367)
06-13 10:27:11.926   713   713 I SurfaceFlinger: extensions: GL_OES_EGL_image GL_OES_EGL_image_external GL_OES_EGL_sync GL_OES_vertex_half_float GL_OES_framebuffer_object GL_OES_rgb8_rgba8 GL_OES_compressed_ETC1_RGB8_texture GL_AMD_compressed_ATC_texture GL_KHR_texture_compression_astc_ldr GL_KHR_texture_compression_astc_hdr GL_OES_texture_compression_astc GL_OES_texture_npot GL_EXT_texture_filter_anisotropic GL_EXT_texture_format_BGRA8888 GL_OES_texture_3D GL_EXT_color_buffer_float GL_EXT_color_buffer_half_float GL_QCOM_alpha_test GL_OES_depth24 GL_OES_packed_depth_stencil GL_OES_depth_texture GL_OES_depth_texture_cube_map GL_EXT_sRGB GL_OES_texture_float GL_OES_texture_float_linear GL_OES_texture_half_float GL_OES_texture_half_float_linear GL_EXT_texture_type_2_10_10_10_REV GL_EXT_texture_sRGB_decode GL_OES_element_index_uint GL_EXT_copy_image GL_EXT_geometry_shader GL_EXT_tessellation_shader GL_OES_texture_stencil8 GL_EXT_shader_io_blocks GL_OES_shader_image_atomic GL_OES_sample_variables GL_EXT_texture_border_clamp GL_EXT_multisampled_render_to_texture
06-13 10:27:11.926   713   713 I SurfaceFlinger: GL_MAX_TEXTURE_SIZE = 16384
06-13 10:27:11.926   713   713 I SurfaceFlinger: GL_MAX_VIEWPORT_DIMS = 16384
06-13 10:27:11.926   713   713 E HAL     : PATH3 /odm/lib64/hw/gralloc.qcom.so
06-13 10:27:11.926   713   713 E HAL     : PATH2 /vendor/lib64/hw/gralloc.qcom.so
06-13 10:27:11.926   713   713 E HAL     : PATH1 /system/lib64/hw/gralloc.qcom.so
06-13 10:27:11.926   713   713 E HAL     : PATH3 /odm/lib64/hw/gralloc.QC_Reference_Phone.so
06-13 10:27:11.926   713   713 E HAL     : PATH2 /vendor/lib64/hw/gralloc.QC_Reference_Phone.so
06-13 10:27:11.926   713   713 E HAL     : PATH1 /system/lib64/hw/gralloc.QC_Reference_Phone.so
06-13 10:27:11.926   713   713 E HAL     : PATH3 /odm/lib64/hw/gralloc.msm8996.so
06-13 10:27:11.926   713   713 E HAL     : PATH2 /vendor/lib64/hw/gralloc.msm8996.so
06-13 10:27:11.927   713   713 E HAL     : PATH1 /system/lib64/hw/gralloc.msm8996.so
06-13 10:27:11.927   713   713 E HAL     : PATH3 /odm/lib64/hw/gralloc.qcom.so
06-13 10:27:11.927   713   713 E HAL     : PATH2 /vendor/lib64/hw/gralloc.qcom.so
06-13 10:27:11.927   713   713 E HAL     : PATH1 /system/lib64/hw/gralloc.qcom.so
06-13 10:27:11.927   713   713 E HAL     : PATH3 /odm/lib64/hw/gralloc.QC_Reference_Phone.so
06-13 10:27:11.927   713   713 E HAL     : PATH2 /vendor/lib64/hw/gralloc.QC_Reference_Phone.so
06-13 10:27:11.927   713   713 E HAL     : PATH1 /system/lib64/hw/gralloc.QC_Reference_Phone.so
06-13 10:27:11.927   713   713 E HAL     : PATH3 /odm/lib64/hw/gralloc.msm8996.so
06-13 10:27:11.927   713   713 E HAL     : PATH2 /vendor/lib64/hw/gralloc.msm8996.so
06-13 10:27:11.927   713   713 E HAL     : PATH1 /system/lib64/hw/gralloc.msm8996.so
06-13 10:27:11.982   778  1100 V AudioDaemon: readyToRun: open snd card state node files
06-13 10:27:11.982   778  1100 V AudioDaemon: Start threadLoop()
06-13 10:27:11.983   778  1100 D AudioDaemon: Opening sound card state : /proc/asound/card0/state
06-13 10:27:11.983   778  1100 V AudioDaemon: bool android::AudioDaemon::getStateFDs(std::vector<std::pair<int, int> > &): 1 sound cards detected
06-13 10:27:11.983   778  1100 V AudioDaemon: bool android::AudioDaemon::getDeviceEventFDs(): 0 audio device event detected
06-13 10:27:11.983   778  1100 E AudioDaemon: No audio device events detected
06-13 10:27:11.983   778  1100 D AudioDaemon: Opening cpe0_state : /proc/asound/card0/cpe0_state
06-13 10:27:11.983   778  1100 D AudioDaemon: cpe state opened: /proc/asound/card0/cpe0_state
06-13 10:27:11.983   778  1100 D AudioDaemon: number of sndcards 1 CPEs 1
06-13 10:27:11.983   778  1100 D AudioDaemon: read for sound card state change before while
06-13 10:27:11.983   778  1100 D AudioDaemon: sound card state file content: ONLINE
06-13 10:27:11.983   778  1100 D AudioDaemon:  before while
06-13 10:27:11.983   778  1100 E AudioDaemon: put cur_state to online
06-13 10:27:11.983   778  1100 D AudioDaemon: cur_state=0, bootup_complete=0
06-13 10:27:11.983   778  1100 E AudioDaemon: sound card up is deteced before while
06-13 10:27:11.983   778  1100 E AudioDaemon: bootup_complete set to 1
06-13 10:27:11.983   778  1100 D AudioDaemon: CPE 0 state file content: ONLINE
06-13 10:27:11.983   778  1100 D AudioDaemon:  before while
06-13 10:27:11.983   778  1100 D AudioDaemon: CPE state online
06-13 10:27:11.983   778  1100 D AudioDaemon: CPE boot up completed before polling
06-13 10:27:11.983   778  1100 E AudioDaemon: read for event state change before while
06-13 10:27:11.983   778  1100 D AudioDaemon: poll() for sound card state change 
06-13 10:27:11.983   778  1100 D AudioDaemon: out of poll() for sound card state change, SNDCARD size=2
06-13 10:27:11.983   778  1100 D AudioDaemon: poll() for sound card state change 
06-13 10:27:12.140   955   955 D QSEECOMAPI: QSEECom_get_handle sb_length = 0x400
06-13 10:27:12.140   955   955 D QSEECOMAPI: App is not loaded in QSEE
06-13 10:27:12.141   955   955 E QSEECOMAPI: Error::Cannot open the file /firmware/image/keymaste.mdt errno = 2
06-13 10:27:12.141   955   955 E QSEECOMAPI: Error::Loading image failed with ret = -1
06-13 10:27:12.141   955   955 D QSEECOMAPI: QSEECom_get_handle sb_length = 0x400
06-13 10:27:12.141   955   955 D QSEECOMAPI: App is already loaded QSEE and app id = 4
06-13 10:27:12.142  1085  1085 I octvm   : model:NX531J
06-13 10:27:12.142  1085  1085 I octvm   : device:NX531J
06-13 10:27:12.142  1085  1085 I octvm   : mod_device:
06-13 10:27:12.142  1085  1085 E octvm   : *** CANNOT GET THE PRODUCT MODEL
06-13 10:27:12.142  1085  1085 E octvm   : 
06-13 10:27:12.142  1085  1085 I octvm   : total memory:3834148
06-13 10:27:12.145   735   735 E         : Entered main routine of WiFiDisplayService
06-13 10:27:12.145   735   735 E WiFiDisplayService: Bon jour from WiFiDisplayService
06-13 10:27:12.153   738   738 E wcnss_service: wcnss_service: num_modems = 1
06-13 10:27:12.153   738   738 E wcnss_qmi: wcnss_init_qmi: Initialize wcnss QMI Interface
06-13 10:27:12.162   735   735 E WiFiDisplayService: Added WiFiDisplayService
06-13 10:27:12.163  1085  1085 I octvm   : [1085][arg_idx 3]: /system/bin/mcd init 4 
06-13 10:27:12.163  1085  1085 E         : memory control is not supported on the device.
06-13 10:27:12.163  1085  1085 E         : memory control is not supported on the device.
06-13 10:27:12.169   738   738 E QC-QMI  : qmi_client [-1] QMUXD disabled
06-13 10:27:12.169   738   738 E QC-QMI  : qmi_qmux_if_pwr_up_init_ex:  Initialization failed, rc = -6
06-13 10:27:12.169   738   738 E QMI_FW  : QMUXD: WARNING qmi_qmux_if_pwr_up_init failed! rc=-6
06-13 10:27:12.208   955   955 D QSEECOMD: : QSEECOM DAEMON RUNNING 
06-13 10:27:12.212   761   761 D QSEECOMAPI: QSEECom_get_handle sb_length = 0xa000
06-13 10:27:12.212   761   761 D QSEECOMAPI: App is already loaded QSEE and app id = 4
06-13 10:27:12.214   761   761 E keymaster1_device: Keymaster Initialized
06-13 10:27:12.214   761   761 E keymaster1_device: TA API Major Verion: 2
06-13 10:27:12.214   761   761 E keymaster1_device: TA API Minor Verion: 0
06-13 10:27:12.214   761   761 E keymaster1_device: TA Major Verion: 2
06-13 10:27:12.214   761   761 E keymaster1_device: TA Minor Verion: 24
06-13 10:27:12.214   761   761 E keymaster1_device: set_version_req->flags: 1
06-13 10:27:12.215   761   761 D keystore: Wrapping keymaster1 module Keymaster QTI HAL with SofKeymasterDevice
06-13 10:27:12.215   761   761 D SoftKeymaster: system/keymaster/soft_keymaster_device.cpp, Line 178: Reinitializing SoftKeymasterDevice to use HW keymaster1
06-13 10:27:12.220   761   761 I SoftKeymaster: system/keymaster/soft_keymaster_device.cpp, Line 131: Creating device
06-13 10:27:12.220   761   761 D SoftKeymaster: system/keymaster/soft_keymaster_device.cpp, Line 132: Device address: 0x7f8f23e400
06-13 10:27:12.249   783   783 D QSEECOMAPI: QSEECom_get_handle sb_length = 0xa000
06-13 10:27:12.250   783   783 D QSEECOMAPI: App is already loaded QSEE and app id = 4
06-13 10:27:12.250   783   783 E gatekeeper_device: Gatekeeper initialized
06-13 10:27:12.258   713   713 D SurfaceFlinger: Set power mode=2, type=0 flinger=0x7f84c48f40
06-13 10:27:12.258   713   713 I SDM     : HWCDisplay::SetPowerMode: display = 0, mode = 2
06-13 10:27:12.258   713   713 I SDM     : DisplayBase::SetDisplayState: Set state = 1, display 0
06-13 10:27:12.261   701   967 D PerMgrSrv: modem state: is off-line, add client QCRIL
06-13 10:27:12.261   701   967 D PerMgrSrv: QCRIL registered
06-13 10:27:12.262   767   767 D PerMgrLib: QCRIL successfully registered for modem
06-13 10:27:12.291   713   713 I SurfaceFlinger: Blur.initialize. minification:10000, blurRadius:3, useHighPrecision:0
06-13 10:27:12.372   701   975 D PerMgrSrv: modem state: is off-line, add client PM-PROXY-THREAD
06-13 10:27:12.372   701   975 D PerMgrSrv: PM-PROXY-THREAD registered
06-13 10:27:12.380   725   725 D PerMgrLib: PM-PROXY-THREAD successfully registered for modem
06-13 10:27:12.380   725   725 I PerMgrProxy: pm-proxy-thread Voting for internal modem
06-13 10:27:12.380   725   725 D PerMgrLib: PM-PROXY-THREAD voting for modem
06-13 10:27:12.381   701   967 D PerMgrSrv: PM-PROXY-THREAD voting for modem
06-13 10:27:12.381   701   967 D PerMgrSrv: modem new state: going on-line
06-13 10:27:12.381   701   967 D PerMgrSrv: modem num voters is 1
06-13 10:27:12.410  1109  1109 I netmgrd : type=1400 audit(0.0:74): avc: denied { read write } for name="diag" dev="tmpfs" ino=15957 scontext=u:r:netmgrd:s0 tcontext=u:object_r:diag_device:s0 tclass=chr_file permissive=1
06-13 10:27:12.410  1109  1109 I netmgrd : type=1400 audit(0.0:75): avc: denied { open } for path="/dev/diag" dev="tmpfs" ino=15957 scontext=u:r:netmgrd:s0 tcontext=u:object_r:diag_device:s0 tclass=chr_file permissive=1
06-13 10:27:12.410  1109  1109 I netmgrd : type=1400 audit(0.0:76): avc: denied { ioctl } for path="/dev/diag" dev="tmpfs" ino=15957 ioctlcmd=20 scontext=u:r:netmgrd:s0 tcontext=u:object_r:diag_device:s0 tclass=chr_file permissive=1
06-13 10:27:12.429   774   774 I Atfwd_Daemon: qmi_client_init_instance status retry : 1
06-13 10:27:12.429   774   774 I Atfwd_Daemon: 
06-13 10:27:12.429   774   774 I Atfwd_Daemon:  qmi_client_init_instance....
06-13 10:27:12.433   774   774 I Atfwd_Daemon: qmi_client_init_instance status: -3, num_retries: 2, retryCnt: 1
06-13 10:27:12.433   774   774 I Atfwd_Daemon: result : -3 	 ,Init step :1 	 ,qmiErrorCode: 0
06-13 10:27:12.433   774   774 I Atfwd_Daemon: 
06-13 10:27:12.433   774   774 I Atfwd_Daemon:  Sleeping...
06-13 10:27:12.550  1116  1116 I imsdatadaemon: type=1400 audit(0.0:77): avc: denied { read write } for name="diag" dev="tmpfs" ino=15957 scontext=u:r:ims:s0 tcontext=u:object_r:diag_device:s0 tclass=chr_file permissive=1
06-13 10:27:12.550  1116  1116 I imsdatadaemon: type=1400 audit(0.0:78): avc: denied { open } for path="/dev/diag" dev="tmpfs" ino=15957 scontext=u:r:ims:s0 tcontext=u:object_r:diag_device:s0 tclass=chr_file permissive=1
06-13 10:27:12.560  1116  1116 I imsdatadaemon: type=1400 audit(0.0:79): avc: denied { ioctl } for path="/dev/diag" dev="tmpfs" ino=15957 ioctlcmd=20 scontext=u:r:ims:s0 tcontext=u:object_r:diag_device:s0 tclass=chr_file permissive=1
06-13 10:27:12.590  1116  1116 I imsdatadaemon: type=1400 audit(0.0:80): avc: denied { net_raw } for capability=13 scontext=u:r:ims:s0 tcontext=u:r:ims:s0 tclass=capability permissive=1
06-13 10:27:12.598  1116  1116 E Diag_Lib: qpLogDiagInit <== result : 1
06-13 10:27:12.598  1116  1116 E Diag_Lib: DATAD : gIsQXDMDisabled 0, gIsADBDisabled 1, gIsDebugDisabled 0, gIsIMSLogsDisabled 0
06-13 10:27:12.598  1116  1116 E Diag_Lib: [IMS_DataD] imsdatad.c | 5236 | | 1116 |DATAD#$$#0#DATAD STARTED
06-13 10:27:12.712   755   755 E audio_route: Control 'MultiMedia4 Mixer MI2S_TX' doesn't exist - skipping
06-13 10:27:12.713   755   755 E audio_route: Control 'MultiMedia7 Mixer MI2S_TX' doesn't exist - skipping
06-13 10:27:12.713   755   755 E audio_route: Control 'MultiMedia10 Mixer MI2S_TX' doesn't exist - skipping
06-13 10:27:12.713   755   755 E audio_route: Control 'MultiMedia11 Mixer MI2S_TX' doesn't exist - skipping
06-13 10:27:12.713   755   755 E audio_route: Control 'MultiMedia12 Mixer MI2S_TX' doesn't exist - skipping
06-13 10:27:12.713   755   755 E audio_route: Control 'MultiMedia13 Mixer MI2S_TX' doesn't exist - skipping
06-13 10:27:12.713   755   755 E audio_route: Control 'MultiMedia14 Mixer MI2S_TX' doesn't exist - skipping
06-13 10:27:12.713   755   755 E audio_route: Control 'MultiMedia15 Mixer MI2S_TX' doesn't exist - skipping
06-13 10:27:12.713   755   755 E audio_route: Control 'MultiMedia16 Mixer MI2S_TX' doesn't exist - skipping
06-13 10:27:12.742  1143  1143 I qcom-bluetooth: /system/etc/init.qcom.bt.sh: Bluetooth stack is Bluedroid 
06-13 10:27:12.760   755   755 E audio_route: Control 'SpkrLeft COMP Switch' doesn't exist - skipping
06-13 10:27:12.760   755   755 E audio_route: Control 'SpkrRight COMP Switch' doesn't exist - skipping
06-13 10:27:12.760   755   755 E audio_route: Control 'SpkrLeft BOOST Switch' doesn't exist - skipping
06-13 10:27:12.760   755   755 E audio_route: Control 'SpkrRight BOOST Switch' doesn't exist - skipping
06-13 10:27:12.760   755   755 E audio_route: Control 'SpkrLeft VISENSE Switch' doesn't exist - skipping
06-13 10:27:12.760   755   755 E audio_route: Control 'SpkrRight VISENSE Switch' doesn't exist - skipping
06-13 10:27:12.760   755   755 E audio_route: Control 'SpkrLeft SWR DAC_Port Switch' doesn't exist - skipping
06-13 10:27:12.761   755   755 E audio_route: Control 'SpkrRight SWR DAC_Port Switch' doesn't exist - skipping
06-13 10:27:12.771   693   901 D tftp_server: pid=693 tid=901 tftp-server : DBG :[tftp_protocol.c, 1310] Success! No timeout detected on last ACK
06-13 10:27:12.771   693   901 D tftp_server: pid=693 tid=901 tftp-server : DBG :[tftp_server.c, 1267] WRQ stats : total-blocks = 1 : total-bytes = 5 : 5 timedout-pkts = 0, wrong-pkts = 0
06-13 10:27:12.771   693   901 D tftp_server: pid=693 tid=901 tftp-server : DBG :[tftp_server.c, 1283] WRQ was successfully processed.
06-13 10:27:12.771   693   901 D tftp_server: pid=693 tid=901 tftp-server : DBG :[tftp_server.c, 1514] WRQ stats in us:
06-13 10:27:12.771   693   901 D tftp_server: pid=693 tid=901 tftp-server : DBG :[tftp_server.c, 1515] Total API = 2548491955
06-13 10:27:12.771   693   901 D tftp_server: pid=693 tid=901 tftp-server : DBG :[tftp_server.c, 1517] Total-TX = 160
06-13 10:27:12.771   693   901 D tftp_server: pid=693 tid=901 tftp-server : DBG :[tftp_server.c, 1519] Total-RX = 672
06-13 10:27:12.771   693   901 D tftp_server: pid=693 tid=901 tftp-server : DBG :[tftp_server.c, 1521] Max-TX = 81
06-13 10:27:12.771   693   901 D tftp_server: pid=693 tid=901 tftp-server : DBG :[tftp_server.c, 1523] Max-RX = 672
06-13 10:27:12.771   693   901 D tftp_server: pid=693 tid=901 tftp-server : DBG :[tftp_server.c, 1525] Min-TX = 79
06-13 10:27:12.771   693   901 D tftp_server: pid=693 tid=901 tftp-server : DBG :[tftp_server.c, 1527] Min-RX = 672
06-13 10:27:12.771   693   901 D tftp_server: pid=693 tid=901 tftp-server : DBG :[tftp_os_wakelocks_la.c, 334] Wake-lock released successfully
06-13 10:27:12.780   713   713 D SurfaceFlinger: shader cache generated - 24 shaders in 488.230133 ms
06-13 10:27:12.795   713   713 D qdutils : DEBUG_CALC_FPS: 0
06-13 10:27:12.795   713   713 D qdutils : period: 10
06-13 10:27:12.795   713   713 D qdutils : ignorethresh_us: 500000
06-13 10:27:12.796   727   727 D         : disp_api_init done. ï¼š0
06-13 10:27:12.832   755   755 E audio_route: Control 'MultiMedia8 Mixer AUX_PCM_UL_TX' doesn't exist - skipping
06-13 10:27:12.834   755   755 E audio_route: Control 'SLIM_1 SampleRate' doesn't exist - skipping
06-13 10:27:12.835   767  1079 D PerMgrLib: QCRIL voting for modem
06-13 10:27:12.862   767  1158 V libsettings: [486]> QcSettingsD::ProtoSource::ProtoSource(const std::string &, bool): tag: /dev/socket/settingsd
06-13 10:27:12.862   767  1158 D libsettings: [486]Main Loop created
06-13 10:27:12.862   767  1158 D libsettings: [486]current main loop set: true
06-13 10:27:12.862   767  1158 D help_/dev/socket/settingsd: Command help_/dev/socket/settingsd
06-13 10:27:12.862   767  1158 V libsettings: [486]> static void QcSettingsD::CommandRegistry::registerCommand(const std::string &, const std::shared_ptr<Command> &): help_/dev/socket/settingsd
06-13 10:27:12.862   767  1158 V libsettings: [486]> static std::shared_ptr<CommandRegistry> QcSettingsD::CommandRegistry::getRegistry(const std::string &): default
06-13 10:27:12.862   767  1158 V libsettings: [486]< static std::shared_ptr<CommandRegistry> QcSettingsD::CommandRegistry::getRegistry(const std::string &): 
06-13 10:27:12.862   767  1158 V libsettings: [486]> void QcSettingsD::CommandRegistry::doRegisterCommand(const std::string &, const std::shared_ptr<Command> &): (default) help_/dev/socket/settingsd
06-13 10:27:12.862   767  1158 V libsettings: [486]< void QcSettingsD::CommandRegistry::doRegisterCommand(const std::string &, const std::shared_ptr<Command> &): 
06-13 10:27:12.862   767  1158 V libsettings: [486]< static void QcSettingsD::CommandRegistry::registerCommand(const std::string &, const std::shared_ptr<Command> &): 
06-13 10:27:12.862   767  1158 V libsettings: [486]> static std::shared_ptr<CommandRegistry> QcSettingsD::CommandRegistry::getRegistry(const std::string &): default
06-13 10:27:12.862   767  1158 V libsettings: [486]< static std::shared_ptr<CommandRegistry> QcSettingsD::CommandRegistry::getRegistry(const std::string &): 
06-13 10:27:12.862   767  1158 V libsettings: [486]> bool QcSettingsD::Command::enqueue(const QcSettingsD::CommandParameters &, QcSettingsD::CommandResults &, const callback_t &): 
06-13 10:27:12.862   767  1158 D libsettings: [486]enqueueing command
06-13 10:27:12.862   767  1158 D CommandEvent: 
06-13 10:27:12.862   767  1158 V libsettings: [486]> void QcSettingsD::MainLoop::localQueueEvent(std::shared_ptr<Event> &): 
06-13 10:27:12.862   767  1158 V libsettings: [486]< void QcSettingsD::MainLoop::localQueueEvent(std::shared_ptr<Event> &): 
06-13 10:27:12.862   767  1158 V libsettings: [486]< bool QcSettingsD::Command::enqueue(const QcSettingsD::CommandParameters &, QcSettingsD::CommandResults &, const callback_t &): ret: 1
06-13 10:27:12.862   767  1158 V libsettings: [486]< QcSettingsD::ProtoSource::ProtoSource(const std::string &, bool): 
06-13 10:27:12.862   767  1158 D /dev/socket/settingsd: QcSettingsD::ClientSocket<QcSettingsD::ProtoSource>::ClientSocket(const std::string &, const std::string &, int, int, int) [T = QcSettingsD::ProtoSource] ( /dev/socket/settingsd, /dev/socket/settingsd, 1, 1, 0)
06-13 10:27:12.862   767  1158 D /dev/socket/settingsd: int QcSettingsD::ClientSocket<QcSettingsD::ProtoSource>::connect() [T = QcSettingsD::ProtoSource]: ret: -1. fd: 38. errno: 2
06-13 10:27:12.862   767  1158 E /dev/socket/settingsd: int QcSettingsD::ClientSocket<QcSettingsD::ProtoSource>::connect() [T = QcSettingsD::ProtoSource]: connect: No such file or directory(2)
06-13 10:27:12.862   767  1158 D /dev/socket/settingsd: Closing fd 38
06-13 10:27:12.862   767  1158 V libsettings: [486]> virtual QcSettingsD::ProtoSource::~ProtoSource(): tag: /dev/socket/settingsd
06-13 10:27:12.862   767  1158 D libsettings: [486]De-registering command help_/dev/socket/settingsd
06-13 10:27:12.862   767  1158 V libsettings: [486]> static void QcSettingsD::CommandRegistry::deRegisterCommand(const std::string &): help_/dev/socket/settingsd
06-13 10:27:12.862   767  1158 V libsettings: [486]> static std::shared_ptr<CommandRegistry> QcSettingsD::CommandRegistry::getRegistry(const std::string &): default
06-13 10:27:12.862   767  1158 V libsettings: [486]< static std::shared_ptr<CommandRegistry> QcSettingsD::CommandRegistry::getRegistry(const std::string &): 
06-13 10:27:12.862   767  1158 V libsettings: [486]> void QcSettingsD::CommandRegistry::doDeRegisterCommand(const std::string &): default(help_/dev/socket/settingsd)
06-13 10:27:12.862   767  1158 V libsettings: [486]< void QcSettingsD::CommandRegistry::doDeRegisterCommand(const std::string &): 
06-13 10:27:12.862   767  1158 V libsettings: [486]< static void QcSettingsD::CommandRegistry::deRegisterCommand(const std::string &): 
06-13 10:27:12.862   767  1158 V libsettings: [486]< virtual QcSettingsD::ProtoSource::~ProtoSource(): 
06-13 10:27:12.876   755   755 E audio_route: Control 'SLIM_1 SampleRate' doesn't exist - skipping
06-13 10:27:12.877   755   755 E audio_route: Control 'SLIM_1 SampleRate' doesn't exist - skipping
06-13 10:27:12.877   755   755 E audio_route: Control 'SLIM_1 SampleRate' doesn't exist - skipping
06-13 10:27:12.878   755   755 E audio_route: Control 'SLIM_1 SampleRate' doesn't exist - skipping
06-13 10:27:12.892   755   755 E audio_route: Control 'SLIM_1 SampleRate' doesn't exist - skipping
06-13 10:27:12.892   755   755 E audio_route: Control 'SLIM_1 SampleRate' doesn't exist - skipping
06-13 10:27:12.893   755   755 E audio_route: Control 'SLIM_1 SampleRate' doesn't exist - skipping
06-13 10:27:12.893   755   755 E audio_route: Control 'SLIM_1 SampleRate' doesn't exist - skipping
06-13 10:27:12.894   755   755 E audio_route: Control 'SLIM_1 SampleRate' doesn't exist - skipping
06-13 10:27:12.895   755   755 E audio_route: Control 'SLIM_1 SampleRate' doesn't exist - skipping
06-13 10:27:12.922   755   755 E audio_route: Control 'SLIM_1 SampleRate' doesn't exist - skipping
06-13 10:27:12.922   755   755 E audio_route: Control 'MultiMedia8 Mixer AUX_PCM_UL_TX' doesn't exist - skipping
06-13 10:27:12.923   755   755 E audio_route: Control 'SLIM_1 SampleRate' doesn't exist - skipping
06-13 10:27:12.954   755   755 E audio_route: Control 'SLIM_1 SampleRate' doesn't exist - skipping
06-13 10:27:12.992   755   755 E audio_route: Control 'SpkrLeft COMP Switch' doesn't exist - skipping
06-13 10:27:12.992   755   755 E audio_route: Control 'SpkrLeft BOOST Switch' doesn't exist - skipping
06-13 10:27:12.992   755   755 E audio_route: Control 'SpkrLeft VISENSE Switch' doesn't exist - skipping
06-13 10:27:12.992   755   755 E audio_route: Control 'SpkrLeft SWR DAC_Port Switch' doesn't exist - skipping
06-13 10:27:12.992   755   755 E audio_route: Control 'SpkrLeft COMP Switch' doesn't exist - skipping
06-13 10:27:12.992   755   755 E audio_route: Control 'SpkrLeft BOOST Switch' doesn't exist - skipping
06-13 10:27:12.992   755   755 E audio_route: Control 'SpkrLeft VISENSE Switch' doesn't exist - skipping
06-13 10:27:12.992   755   755 E audio_route: Control 'SpkrLeft SWR DAC_Port Switch' doesn't exist - skipping
06-13 10:27:12.995   755   755 E audio_route: Control 'SpkrLeft COMP Switch' doesn't exist - skipping
06-13 10:27:12.995   755   755 E audio_route: Control 'SpkrRight COMP Switch' doesn't exist - skipping
06-13 10:27:12.995   755   755 E audio_route: Control 'SpkrLeft BOOST Switch' doesn't exist - skipping
06-13 10:27:12.995   755   755 E audio_route: Control 'SpkrRight BOOST Switch' doesn't exist - skipping
06-13 10:27:12.995   755   755 E audio_route: Control 'SpkrLeft VISENSE Switch' doesn't exist - skipping
06-13 10:27:12.996   755   755 E audio_route: Control 'SpkrRight VISENSE Switch' doesn't exist - skipping
06-13 10:27:12.996   755   755 E audio_route: Control 'SpkrLeft SWR DAC_Port Switch' doesn't exist - skipping
06-13 10:27:12.996   755   755 E audio_route: Control 'SpkrRight SWR DAC_Port Switch' doesn't exist - skipping
06-13 10:27:12.996   755   755 E audio_route: Control 'SpkrLeft COMP Switch' doesn't exist - skipping
06-13 10:27:12.997   755   755 E audio_route: Control 'SpkrRight COMP Switch' doesn't exist - skipping
06-13 10:27:12.997   755   755 E audio_route: Control 'SpkrLeft BOOST Switch' doesn't exist - skipping
06-13 10:27:12.997   755   755 E audio_route: Control 'SpkrRight BOOST Switch' doesn't exist - skipping
06-13 10:27:12.997   755   755 E audio_route: Control 'SpkrLeft VISENSE Switch' doesn't exist - skipping
06-13 10:27:12.997   755   755 E audio_route: Control 'SpkrRight VISENSE Switch' doesn't exist - skipping
06-13 10:27:12.997   755   755 E audio_route: Control 'SpkrLeft SWR DAC_Port Switch' doesn't exist - skipping
06-13 10:27:12.997   755   755 E audio_route: Control 'SpkrRight SWR DAC_Port Switch' doesn't exist - skipping
06-13 10:27:12.997   755   755 E audio_route: Control 'SpkrLeft COMP Switch' doesn't exist - skipping
06-13 10:27:12.997   755   755 E audio_route: Control 'SpkrRight COMP Switch' doesn't exist - skipping
06-13 10:27:12.997   755   755 E audio_route: Control 'SpkrLeft BOOST Switch' doesn't exist - skipping
06-13 10:27:12.997   755   755 E audio_route: Control 'SpkrRight BOOST Switch' doesn't exist - skipping
06-13 10:27:12.997   755   755 E audio_route: Control 'SpkrLeft VISENSE Switch' doesn't exist - skipping
06-13 10:27:12.997   755   755 E audio_route: Control 'SpkrRight VISENSE Switch' doesn't exist - skipping
06-13 10:27:12.997   755   755 E audio_route: Control 'SpkrLeft SWR DAC_Port Switch' doesn't exist - skipping
06-13 10:27:12.998   755   755 E audio_route: Control 'SpkrRight SWR DAC_Port Switch' doesn't exist - skipping
06-13 10:27:13.284   755   755 D msm8974_platform: platform_init: Opened sound card:0
06-13 10:27:13.285   755   755 D audio_hw_extn: audio_extn_can_use_vbat: vbat.enabled property is set to 0
06-13 10:27:13.344   755   755 D ACDB-LOADER: ACDB -> No .acdb files found in /etc/acdbdata!
06-13 10:27:13.344   755   755 D ACDB-LOADER: ACDB -> found 0 form factor & soundcard independant files
06-13 10:27:13.359   755   755 D ACDB-LOADER: ACDB -> Load file: /etc/acdbdata/MTP/MTP_Bluetooth_cal.acdb
06-13 10:27:13.359   755   755 D ACDB-LOADER: ACDB -> Load file: /etc/acdbdata/MTP/MTP_General_cal.acdb
06-13 10:27:13.359   755   755 D ACDB-LOADER: ACDB -> Load file: /etc/acdbdata/MTP/MTP_Global_cal.acdb
06-13 10:27:13.359   755   755 D ACDB-LOADER: ACDB -> Load file: /etc/acdbdata/MTP/MTP_Handset_cal.acdb
06-13 10:27:13.359   755   755 D ACDB-LOADER: ACDB -> Load file: /etc/acdbdata/MTP/MTP_Hdmi_cal.acdb
06-13 10:27:13.359   755   755 D ACDB-LOADER: ACDB -> Load file: /etc/acdbdata/MTP/MTP_Headset_cal.acdb
06-13 10:27:13.359   755   755 D ACDB-LOADER: ACDB -> Load file: /etc/acdbdata/MTP/MTP_Speaker_cal.acdb
06-13 10:27:13.359   755   755 D ACDB-LOADER: ACDB -> ACDB_CMD_INITIALIZE_V2
06-13 10:27:13.372   755   755 D         : [ACDB Command]->SW Minor/Major/Revision version info for /etc/acdbdata/MTP/MTP_Bluetooth_cal.acdb
06-13 10:27:13.372   755   755 D         : [ACDB Command]->ACDB Sw Major = 9, ACDB Sw Minor = 0, ACDB Sw Revision = 0, ACDB Sw Cpl Number = 0
06-13 10:27:13.372   755   755 D         : [ACDB Command]->ACDB File Major = 7, ACDB File Minor = 0, ACDB File Revision = 5
06-13 10:27:13.384   755   755 D         : [ACDB Command]->SW Minor/Major/Revision version info for /etc/acdbdata/MTP/MTP_General_cal.acdb
06-13 10:27:13.384   755   755 D         : [ACDB Command]->ACDB Sw Major = 9, ACDB Sw Minor = 0, ACDB Sw Revision = 0, ACDB Sw Cpl Number = 0
06-13 10:27:13.384   755   755 D         : [ACDB Command]->ACDB File Major = 7, ACDB File Minor = 0, ACDB File Revision = 5
06-13 10:27:13.392   755   755 D         : [ACDB Command]->SW Minor/Major/Revision version info for /etc/acdbdata/MTP/MTP_Global_cal.acdb
06-13 10:27:13.392   755   755 D         : [ACDB Command]->ACDB Sw Major = 9, ACDB Sw Minor = 0, ACDB Sw Revision = 0, ACDB Sw Cpl Number = 0
06-13 10:27:13.392   755   755 D         : [ACDB Command]->ACDB File Major = 7, ACDB File Minor = 0, ACDB File Revision = 5
06-13 10:27:13.395   755   755 D         : [ACDB Command]->SW Minor/Major/Revision version info for /etc/acdbdata/MTP/MTP_Handset_cal.acdb
06-13 10:27:13.395   755   755 D         : [ACDB Command]->ACDB Sw Major = 9, ACDB Sw Minor = 0, ACDB Sw Revision = 0, ACDB Sw Cpl Number = 0
06-13 10:27:13.395   755   755 D         : [ACDB Command]->ACDB File Major = 7, ACDB File Minor = 0, ACDB File Revision = 5
06-13 10:27:13.396   755   755 D         : [ACDB Command]->SW Minor/Major/Revision version info for /etc/acdbdata/MTP/MTP_Hdmi_cal.acdb
06-13 10:27:13.396   755   755 D         : [ACDB Command]->ACDB Sw Major = 9, ACDB Sw Minor = 0, ACDB Sw Revision = 0, ACDB Sw Cpl Number = 0
06-13 10:27:13.396   755   755 D         : [ACDB Command]->ACDB File Major = 7, ACDB File Minor = 0, ACDB File Revision = 5
06-13 10:27:13.397   755   755 D         : [ACDB Command]->SW Minor/Major/Revision version info for /etc/acdbdata/MTP/MTP_Headset_cal.acdb
06-13 10:27:13.398   755   755 D         : [ACDB Command]->ACDB Sw Major = 9, ACDB Sw Minor = 0, ACDB Sw Revision = 0, ACDB Sw Cpl Number = 0
06-13 10:27:13.398   755   755 D         : [ACDB Command]->ACDB File Major = 7, ACDB File Minor = 0, ACDB File Revision = 5
06-13 10:27:13.400   755   755 I audioserver: type=1400 audit(0.0:81): avc: denied { read write } for name="diag" dev="tmpfs" ino=15957 scontext=u:r:audioserver:s0 tcontext=u:object_r:diag_device:s0 tclass=chr_file permissive=1
06-13 10:27:13.400   755   755 I audioserver: type=1400 audit(0.0:82): avc: denied { open } for path="/dev/diag" dev="tmpfs" ino=15957 scontext=u:r:audioserver:s0 tcontext=u:object_r:diag_device:s0 tclass=chr_file permissive=1
06-13 10:27:13.400   755   755 I audioserver: type=1400 audit(0.0:83): avc: denied { ioctl } for path="/dev/diag" dev="tmpfs" ino=15957 ioctlcmd=20 scontext=u:r:audioserver:s0 tcontext=u:object_r:diag_device:s0 tclass=chr_file permissive=1
06-13 10:27:13.402   755   755 D         : [ACDB Command]->SW Minor/Major/Revision version info for /etc/acdbdata/MTP/MTP_Speaker_cal.acdb
06-13 10:27:13.402   755   755 D         : [ACDB Command]->ACDB Sw Major = 9, ACDB Sw Minor = 0, ACDB Sw Revision = 0, ACDB Sw Cpl Number = 0
06-13 10:27:13.402   755   755 D         : [ACDB Command]->ACDB File Major = 7, ACDB File Minor = 0, ACDB File Revision = 5
06-13 10:27:13.402   755   755 D ACDB-LOADER: ACDB -> ACPH INIT
06-13 10:27:13.402   755   755 D         : [ACPH]->Online service registered with ACPH
06-13 10:27:13.416   755   755 D         : [ACPH]->ACPH init success
06-13 10:27:13.416   755   755 D ACDB-LOADER: ACDB -> RTAC INIT
06-13 10:27:13.416   755   755 D         : [ACPH]->DSP RTC service registered with ACPH
06-13 10:27:13.416   755   755 D ACDB-LOADER: ACDB -> MCS, FTS INIT
06-13 10:27:13.416   755   755 D         : [ACPH]->MCS RTC service registered with ACPH
06-13 10:27:13.416   755   755 D         : [ACPH]->FTS RTC service registered with ACPH
06-13 10:27:13.416   755   755 D ACDB-LOADER: ACDB -> ADIE RTAC INIT
06-13 10:27:13.416   755   755 D         : [ACPH]->ADIE RTC service registered with ACPH
06-13 10:27:13.416   755   755 D ACDB-LOADER: ACDB -> ACDB_CMD_GET_VOC_PROC_DYNAMIC_TABLE_SIZE
06-13 10:27:13.419   755   755 D ACDB-LOADER: ACDB -> send_meta_info, lic 0
06-13 10:27:13.419   755   755 D         : Couldnt find the key 00000000 
06-13 10:27:13.419   755   755 D         : Output from GetMetaInfoSize command : 0
06-13 10:27:13.500  1106  1106 I rild    : type=1400 audit(0.0:84): avc: denied { read write } for name="diag" dev="tmpfs" ino=15957 scontext=u:r:rild:s0 tcontext=u:object_r:diag_device:s0 tclass=chr_file permissive=1
06-13 10:27:13.500  1106  1106 I rild    : type=1400 audit(0.0:85): avc: denied { open } for path="/dev/diag" dev="tmpfs" ino=15957 scontext=u:r:rild:s0 tcontext=u:object_r:diag_device:s0 tclass=chr_file permissive=1
06-13 10:27:13.500  1106  1106 I rild    : type=1400 audit(0.0:86): avc: denied { ioctl } for path="/dev/diag" dev="tmpfs" ino=15957 ioctlcmd=20 scontext=u:r:rild:s0 tcontext=u:object_r:diag_device:s0 tclass=chr_file permissive=1
06-13 10:27:13.507  1118  1118 I BootAnimation: bootanimation launching ...
06-13 10:27:13.528  1118  1197 D libEGL  : loaded /vendor/lib64/egl/libEGL_adreno.so
06-13 10:27:13.574  1118  1197 D libEGL  : loaded /vendor/lib64/egl/libGLESv1_CM_adreno.so
06-13 10:27:13.602   755   755 D ACDB-LOADER: ACDB -> send_common_custom_topology
06-13 10:27:13.602   755   755 D ACDB-LOADER: ACDB -> ACDB_CMD_GET_AVCS_CUSTOM_TOPO_INFO
06-13 10:27:13.602   755   755 D ACDB-LOADER: ACDB -> ACDB_CMD_GET_AVCS_CUSTOM_TOPO_INFO: size:0xec ret=0 
06-13 10:27:13.602   755   755 D ACDB-LOADER: ACDB -> CORE_CUSTOM_TOPOLOGIES
06-13 10:27:13.615   755   755 D ACDB-LOADER: ACDB -> acdb_loader_send_common_custom_topology: Common custom topology in use
06-13 10:27:13.615   755   755 D ACDB-LOADER: ACDB -> send_meta_info Enter
06-13 10:27:13.615   755   755 E ACDB-LOADER: Fail to allocate memory for metainfo
06-13 10:27:13.615   755   755 D ACDB-LOADER: ACDB -> send_meta_info failed
06-13 10:27:13.615   755   755 D ACDB-LOADER: ACDB -> init done!
06-13 10:27:13.615   755   755 D msm8974_platform: ACDB initialized
06-13 10:27:13.615   755   755 D msm8974_platform: hw_util_open Opening device /dev/snd/hwC0D1000
06-13 10:27:13.615   755   755 D msm8974_platform: hw_util_open success
06-13 10:27:13.615   755   755 D ACDB-LOADER: ACDB -> ACDB_CMD_GET_ANC_SETTING
06-13 10:27:13.615   755   755 D anc_map : convert_anc_acdb_to_reg:enter, inut size  2
06-13 10:27:13.615   755   755 D anc_map : Setwcd9xxxANC_IIRCoeffs:enter
06-13 10:27:13.615   755   755 D anc_map : Setwcd9xxxANC_IIRCoeffs:leave
06-13 10:27:13.615   755   755 D anc_map : Setwcd9xxxANC_IIRCoeffs:enter
06-13 10:27:13.615   755   755 D anc_map : Setwcd9xxxANC_IIRCoeffs:leave
06-13 10:27:13.615   755   755 D anc_map : convert_anc_acdb_to_reg:leave
06-13 10:27:13.615   755   755 D ACDB-LOADER: ACDB -> ACDB_CMD_GET_ANC_SETTING
06-13 10:27:13.615   755   755 D anc_map : convert_anc_acdb_to_reg:enter, inut size  2
06-13 10:27:13.615   755   755 D anc_map : Setwcd9xxxANC_IIRCoeffs:enter
06-13 10:27:13.615   755   755 D anc_map : Setwcd9xxxANC_IIRCoeffs:leave
06-13 10:27:13.616   755   755 D anc_map : Setwcd9xxxANC_IIRCoeffs:enter
06-13 10:27:13.616   755   755 D anc_map : Setwcd9xxxANC_IIRCoeffs:leave
06-13 10:27:13.616   755   755 D anc_map : convert_anc_acdb_to_reg:leave
06-13 10:27:13.616   755   755 D ACDB-LOADER: ACDB -> ACDB_CMD_GET_ANC_SETTING
06-13 10:27:13.616   755   755 D anc_map : convert_anc_acdb_to_reg:enter, inut size  2
06-13 10:27:13.616   755   755 D anc_map : Setwcd9xxxANC_IIRCoeffs:enter
06-13 10:27:13.616   755   755 D anc_map : Setwcd9xxxANC_IIRCoeffs:leave
06-13 10:27:13.616   755   755 D anc_map : Setwcd9xxxANC_IIRCoeffs:enter
06-13 10:27:13.616   755   755 D anc_map : Setwcd9xxxANC_IIRCoeffs:leave
06-13 10:27:13.616   755   755 D anc_map : convert_anc_acdb_to_reg:leave
06-13 10:27:13.616   755   755 D ACDB-LOADER: ACDB -> ACDB_CMD_GET_ANC_SETTING
06-13 10:27:13.616   755   755 D anc_map : convert_anc_acdb_to_reg:enter, inut size  2
06-13 10:27:13.616   755   755 D anc_map : Setwcd9xxxANC_IIRCoeffs:enter
06-13 10:27:13.616   755   755 D anc_map : Setwcd9xxxANC_IIRCoeffs:leave
06-13 10:27:13.616   755   755 D anc_map : Setwcd9xxxANC_IIRCoeffs:enter
06-13 10:27:13.616   755   755 D anc_map : Setwcd9xxxANC_IIRCoeffs:leave
06-13 10:27:13.616   755   755 D anc_map : convert_anc_acdb_to_reg:leave
06-13 10:27:13.616   755   755 D ACDB-LOADER: ACDB -> ACDB_CMD_GET_ANC_SETTING
06-13 10:27:13.616   755   755 D anc_map : convert_anc_acdb_to_reg:enter, inut size  2
06-13 10:27:13.616   755   755 D anc_map : Setwcd9xxxANC_IIRCoeffs:enter
06-13 10:27:13.616   755   755 D anc_map : Setwcd9xxxANC_IIRCoeffs:leave
06-13 10:27:13.616   755   755 D anc_map : Setwcd9xxxANC_IIRCoeffs:enter
06-13 10:27:13.616   755   755 D anc_map : Setwcd9xxxANC_IIRCoeffs:leave
06-13 10:27:13.616   755   755 D anc_map : convert_anc_acdb_to_reg:leave
06-13 10:27:13.617   755   755 D ACDB-LOADER: ACDB -> ACDB_CMD_GET_ANC_SETTING
06-13 10:27:13.617   755   755 D anc_map : convert_anc_acdb_to_reg:enter, inut size  2
06-13 10:27:13.617   755   755 D anc_map : Setwcd9xxxANC_IIRCoeffs:enter
06-13 10:27:13.617   755   755 D anc_map : Setwcd9xxxANC_IIRCoeffs:leave
06-13 10:27:13.617   755   755 D anc_map : Setwcd9xxxANC_IIRCoeffs:enter
06-13 10:27:13.617   755   755 D anc_map : Setwcd9xxxANC_IIRCoeffs:leave
06-13 10:27:13.617   755   755 D anc_map : convert_anc_acdb_to_reg:leave
06-13 10:27:13.617   755   755 D ACDB-LOADER: ACDB -> ACDB_CMD_GET_ANC_SETTING
